<?xml version="1.0" encoding="utf-8"?>
<TestRun id="1c2d645f-f7ab-40e0-a809-39488c5189f8" name="denni@CARBON 2026-03-23 22:40:53" runUser="CARBON\denni" xmlns="http://microsoft.com/schemas/VisualStudio/TeamTest/2010">
  <Times creation="2026-03-23T22:40:53.7214978-07:00" queuing="2026-03-23T22:40:53.7214984-07:00" start="2026-03-23T22:40:52.0354395-07:00" finish="2026-03-23T22:40:54.0424283-07:00" />
  <TestSettings name="default" id="e3994c24-bee0-4922-bd95-2319069dbd39">
    <Deployment runDeploymentRoot="denni_CARBON_2026-03-23_22_40_53" />
  </TestSettings>
  <Results>
    <UnitTestResult executionId="f8d3fd94-f64a-41b7-9704-48d0ee55ccd3" testId="24b543aa-a27f-3057-49a8-1ca3cbcea51c" testName="Mockly.Specs.AssertionSpecs+WithBody.Matches_body_with_wildcard_pattern" computerName="CARBON" duration="00:00:00.0369020" startTime="2026-03-23T22:40:53.6749374-07:00" endTime="2026-03-23T22:40:53.7054554-07:00" testType="13cdc9d9-ddb5-4fa4-a97d-d965ccfc6d4b" outcome="Passed" testListId="8c84fa94-04c1-424b-9868-57a2d4851a1d" relativeResultsDirectory="f8d3fd94-f64a-41b7-9704-48d0ee55ccd3" />
    <UnitTestResult executionId="9c531c7b-dc16-42d0-9072-a03e1b059016" testId="21c02050-c6bc-ba62-9c70-6c6b6225ea59" testName="Mockly.Specs.AssertionSpecs+ContainRequestFor.Finds_request_for_absolute_uri" computerName="CARBON" duration="00:00:00.0343831" startTime="2026-03-23T22:40:53.6762605-07:00" endTime="2026-03-23T22:40:53.6967045-07:00" testType="13cdc9d9-ddb5-4fa4-a97d-d965ccfc6d4b" outcome="Passed" testListId="8c84fa94-04c1-424b-9868-57a2d4851a1d" relativeResultsDirectory="9c531c7b-dc16-42d0-9072-a03e1b059016" />
    <UnitTestResult executionId="6ae230d6-b836-4947-ab4d-a20e6a60142a" testId="7af77f86-cec0-7d6f-e8cd-91dca7f4f679" testName="Mockly.Specs.AssertionSpecs+RequestCollectionSpecs.Will_throw_when_unexpected_calls_are_present" computerName="CARBON" duration="00:00:00.0779548" startTime="2026-03-23T22:40:53.6966608-07:00" endTime="2026-03-23T22:40:53.7488716-07:00" testType="13cdc9d9-ddb5-4fa4-a97d-d965ccfc6d4b" outcome="Passed" testListId="8c84fa94-04c1-424b-9868-57a2d4851a1d" relativeResultsDirectory="6ae230d6-b836-4947-ab4d-a20e6a60142a" />
    <UnitTestResult executionId="5a4306a1-c4d7-4d94-afff-e29e8c79a220" testId="76b501b9-7db1-1d73-6914-04a50fefcfd3" testName="Mockly.Specs.AssertionSpecs+NotContainRequestFor.Fails_when_a_matching_request_exists_with_clear_diagnostics" computerName="CARBON" duration="00:00:00.0752983" startTime="2026-03-23T22:40:53.7043169-07:00" endTime="2026-03-23T22:40:53.7515463-07:00" testType="13cdc9d9-ddb5-4fa4-a97d-d965ccfc6d4b" outcome="Passed" testListId="8c84fa94-04c1-424b-9868-57a2d4851a1d" relativeResultsDirectory="5a4306a1-c4d7-4d94-afff-e29e8c79a220" />
    <UnitTestResult executionId="416246e2-e048-499f-b57c-adc62c6e32bf" testId="ad3f9bbe-dc92-a1e1-18ca-400a8f7791f9" testName="Mockly.Specs.AssertionSpecs+RequestCollectionSpecs.Will_throw_when_request_collection_is_empty" computerName="CARBON" duration="00:00:00.0059325" startTime="2026-03-23T22:40:53.7498841-07:00" endTime="2026-03-23T22:40:53.7563792-07:00" testType="13cdc9d9-ddb5-4fa4-a97d-d965ccfc6d4b" outcome="Passed" testListId="8c84fa94-04c1-424b-9868-57a2d4851a1d" relativeResultsDirectory="416246e2-e048-499f-b57c-adc62c6e32bf" />
    <UnitTestResult executionId="e95a2c7c-bdc2-4469-9fc1-07f8ffc8877b" testId="8e3427c4-0f44-2e4a-79cb-0bb5fcc2b33d" testName="Mockly.Specs.AssertionSpecs+WithBodyMatchingJson.Fails_when_body_json_does_not_match" computerName="CARBON" duration="00:00:00.0056828" startTime="2026-03-23T22:40:53.7512880-07:00" endTime="2026-03-23T22:40:53.7548156-07:00" testType="13cdc9d9-ddb5-4fa4-a97d-d965ccfc6d4b" outcome="Passed" testListId="8c84fa94-04c1-424b-9868-57a2d4851a1d" relativeResultsDirectory="e95a2c7c-bdc2-4469-9fc1-07f8ffc8877b" />
    <UnitTestResult executionId="5d660006-ea8b-478d-a7ef-107c86e6573a" testId="3a8f29b0-c569-c05c-8b99-c083a30016e2" testName="Mockly.Specs.AssertionSpecs+CapturedRequestAssertions.Will_throw_when_captured_request_is_not_expected" computerName="CARBON" duration="00:00:00.0816666" startTime="2026-03-23T22:40:53.6950759-07:00" endTime="2026-03-23T22:40:53.7505725-07:00" testType="13cdc9d9-ddb5-4fa4-a97d-d965ccfc6d4b" outcome="Passed" testListId="8c84fa94-04c1-424b-9868-57a2d4851a1d" relativeResultsDirectory="5d660006-ea8b-478d-a7ef-107c86e6573a" />
    <UnitTestResult executionId="4d89088d-a80a-4aa8-8bf1-7fcc4ea031b8" testId="0c0e4ab5-5176-f4a5-bf1f-d2c045971dbc" testName="Mockly.Specs.AssertionSpecs+Chaining.Works_for_contained_request_assertions" computerName="CARBON" duration="00:00:00.0597910" startTime="2026-03-23T22:40:53.6749024-07:00" endTime="2026-03-23T22:40:53.7070080-07:00" testType="13cdc9d9-ddb5-4fa4-a97d-d965ccfc6d4b" outcome="Passed" testListId="8c84fa94-04c1-424b-9868-57a2d4851a1d" relativeResultsDirectory="4d89088d-a80a-4aa8-8bf1-7fcc4ea031b8" />
    <UnitTestResult executionId="8e67a39b-68a9-49d6-a95a-1ca82e6d121b" testId="058dd9d2-98bf-6c9f-1dc7-96997bb10361" testName="Mockly.Specs.AssertionSpecs+CapturedRequestAssertions.Can_assert_captured_request_is_unexpected" computerName="CARBON" duration="00:00:00.0265850" startTime="2026-03-23T22:40:53.6721536-07:00" endTime="2026-03-23T22:40:53.6770885-07:00" testType="13cdc9d9-ddb5-4fa4-a97d-d965ccfc6d4b" outcome="Passed" testListId="8c84fa94-04c1-424b-9868-57a2d4851a1d" relativeResultsDirectory="8e67a39b-68a9-49d6-a95a-1ca82e6d121b" />
    <UnitTestResult executionId="acd31407-4ab4-4c9f-b93d-ee1a52169450" testId="8d7de206-fa89-2ff0-96b5-57adb9d578ae" testName="Mockly.Specs.AssertionSpecs+HttpMockSpecs.Will_throw_when_not_all_mocks_have_been_invoked" computerName="CARBON" duration="00:00:00.1103873" startTime="2026-03-23T22:40:53.6762356-07:00" endTime="2026-03-23T22:40:53.7495116-07:00" testType="13cdc9d9-ddb5-4fa4-a97d-d965ccfc6d4b" outcome="Passed" testListId="8c84fa94-04c1-424b-9868-57a2d4851a1d" relativeResultsDirectory="acd31407-4ab4-4c9f-b93d-ee1a52169450" />
    <UnitTestResult executionId="5fd039bf-bda6-4892-a99c-bd01d0370e1e" testId="d49d1308-cf85-d05d-e2a1-092e6049e5c3" testName="Mockly.Specs.AssertionSpecs+WithBodyMatchingJson.Matches_body_equivalent_json" computerName="CARBON" duration="00:00:00.0009828" startTime="2026-03-23T22:40:53.7563429-07:00" endTime="2026-03-23T22:40:53.7575433-07:00" testType="13cdc9d9-ddb5-4fa4-a97d-d965ccfc6d4b" outcome="Passed" testListId="8c84fa94-04c1-424b-9868-57a2d4851a1d" relativeResultsDirectory="5fd039bf-bda6-4892-a99c-bd01d0370e1e" />
    <UnitTestResult executionId="21520436-2ccd-44f2-a34a-32ecfd49726d" testId="b2d33bf7-7447-7a52-bc6c-34d109c7f96f" testName="Mockly.Specs.AssertionSpecs+HttpMockSpecs.Can_assert_all_mocks_have_been_invoked" computerName="CARBON" duration="00:00:00.0018008" startTime="2026-03-23T22:40:53.7505187-07:00" endTime="2026-03-23T22:40:53.7534765-07:00" testType="13cdc9d9-ddb5-4fa4-a97d-d965ccfc6d4b" outcome="Passed" testListId="8c84fa94-04c1-424b-9868-57a2d4851a1d" relativeResultsDirectory="21520436-2ccd-44f2-a34a-32ecfd49726d" />
    <UnitTestResult executionId="1ba4acef-ed06-411f-a5f8-9a0fff18172f" testId="10a79397-4038-1b86-3755-128c979b615c" testName="Mockly.Specs.AssertionSpecs+WithBodyHavingPropertiesOf.Fails_when_body_is_not_json_object" computerName="CARBON" duration="00:00:00.0619870" startTime="2026-03-23T22:40:53.6762483-07:00" endTime="2026-03-23T22:40:53.7081241-07:00" testType="13cdc9d9-ddb5-4fa4-a97d-d965ccfc6d4b" outcome="Passed" testListId="8c84fa94-04c1-424b-9868-57a2d4851a1d" relativeResultsDirectory="1ba4acef-ed06-411f-a5f8-9a0fff18172f" />
    <UnitTestResult executionId="b70e75cf-ed01-4576-b8dc-f8e9c3d0587d" testId="e0fd99b0-ec3d-8dcc-ad72-8e231f3ecb31" testName="Mockly.Specs.AssertionSpecs+WithBodyEquivalentTo.Fails_when_body_is_not_equivalent_to_anonymous_object" computerName="CARBON" duration="00:00:00.1105053" startTime="2026-03-23T22:40:53.6749661-07:00" endTime="2026-03-23T22:40:53.7513158-07:00" testType="13cdc9d9-ddb5-4fa4-a97d-d965ccfc6d4b" outcome="Passed" testListId="8c84fa94-04c1-424b-9868-57a2d4851a1d" relativeResultsDirectory="b70e75cf-ed01-4576-b8dc-f8e9c3d0587d" />
    <UnitTestResult executionId="86ff9d34-a992-496e-a1eb-5e1ba3aac925" testId="07eecb9d-93f2-63ef-1d0d-46742623a244" testName="Mockly.Specs.AssertionSpecs+ContainRequestFor.Finds_request_for_relative_path" computerName="CARBON" duration="00:00:00.0007315" startTime="2026-03-23T22:40:53.6970127-07:00" endTime="2026-03-23T22:40:53.7044354-07:00" testType="13cdc9d9-ddb5-4fa4-a97d-d965ccfc6d4b" outcome="Passed" testListId="8c84fa94-04c1-424b-9868-57a2d4851a1d" relativeResultsDirectory="86ff9d34-a992-496e-a1eb-5e1ba3aac925" />
    <UnitTestResult executionId="5a03759e-7d40-4fb2-b81d-8fb8b72da001" testId="416d9385-f8e8-4120-235f-ba9c28bd48db" testName="Mockly.Specs.AssertionSpecs+CapturedRequestAssertions.Will_throw_when_captured_request_is_expected_but_asserted_unexpected" computerName="CARBON" duration="00:00:00.0055513" startTime="2026-03-23T22:40:53.7534089-07:00" endTime="2026-03-23T22:40:53.7569865-07:00" testType="13cdc9d9-ddb5-4fa4-a97d-d965ccfc6d4b" outcome="Passed" testListId="8c84fa94-04c1-424b-9868-57a2d4851a1d" relativeResultsDirectory="5a03759e-7d40-4fb2-b81d-8fb8b72da001" />
    <UnitTestResult executionId="2c81e9aa-177d-4ffa-9106-d993e0be3c3c" testId="d622b173-b7af-077b-6fa3-24e127eb3da1" testName="Mockly.Specs.AssertionSpecs+WithBodyHavingPropertiesOf.Matches_body_having_property_when_request_has_properties_with_null_values" computerName="CARBON" duration="00:00:00.0005802" startTime="2026-03-23T22:40:53.7601760-07:00" endTime="2026-03-23T22:40:53.7602524-07:00" testType="13cdc9d9-ddb5-4fa4-a97d-d965ccfc6d4b" outcome="Passed" testListId="8c84fa94-04c1-424b-9868-57a2d4851a1d" relativeResultsDirectory="2c81e9aa-177d-4ffa-9106-d993e0be3c3c" />
    <UnitTestResult executionId="a3b6473f-653b-4c63-bb1e-ecbdbde9a62e" testId="6030e8e6-e961-4cce-df6d-1db2c7f12830" testName="Mockly.Specs.AssertionSpecs+WithBodyHavingPropertiesOf.Fails_when_body_does_not_have_expected_properties" computerName="CARBON" duration="00:00:00.0019032" startTime="2026-03-23T22:40:53.7589630-07:00" endTime="2026-03-23T22:40:53.7590039-07:00" testType="13cdc9d9-ddb5-4fa4-a97d-d965ccfc6d4b" outcome="Passed" testListId="8c84fa94-04c1-424b-9868-57a2d4851a1d" relativeResultsDirectory="a3b6473f-653b-4c63-bb1e-ecbdbde9a62e" />
    <UnitTestResult executionId="0d32bf8e-c62b-461c-af4f-2ee75d4b7151" testId="8a4b8049-e7a4-f96a-78c6-a912316e471c" testName="Mockly.Specs.AssertionSpecs+RequestCollectionSpecs.Can_assert_request_collection_is_not_empty" computerName="CARBON" duration="00:00:00.0322150" startTime="2026-03-23T22:40:53.6749957-07:00" endTime="2026-03-23T22:40:53.6963170-07:00" testType="13cdc9d9-ddb5-4fa4-a97d-d965ccfc6d4b" outcome="Passed" testListId="8c84fa94-04c1-424b-9868-57a2d4851a1d" relativeResultsDirectory="0d32bf8e-c62b-461c-af4f-2ee75d4b7151" />
    <UnitTestResult executionId="a5fa11d7-6c8b-413a-aaae-11c5414db6d9" testId="7761d39a-e9ec-40a6-9d98-a215aa061a3c" testName="Mockly.Specs.AssertionSpecs+WithBodyHavingPropertiesOf.Fails_when_none_of_the_requests_have_the_expected_property_and_value" computerName="CARBON" duration="00:00:00.0035848" startTime="2026-03-23T22:40:53.7543448-07:00" endTime="2026-03-23T22:40:53.7579487-07:00" testType="13cdc9d9-ddb5-4fa4-a97d-d965ccfc6d4b" outcome="Passed" testListId="8c84fa94-04c1-424b-9868-57a2d4851a1d" relativeResultsDirectory="a5fa11d7-6c8b-413a-aaae-11c5414db6d9" />
    <UnitTestResult executionId="c7c67dcc-83cb-4538-912b-b8f7b8e05f93" testId="9941717d-2923-d6cb-4685-233faa59a5e3" testName="Mockly.Specs.AssertionSpecs+WithBodyEquivalentTo.Matches_body_equivalent_to_anonymous_object" computerName="CARBON" duration="00:00:00.0021698" startTime="2026-03-23T22:40:53.7524062-07:00" endTime="2026-03-23T22:40:53.7543774-07:00" testType="13cdc9d9-ddb5-4fa4-a97d-d965ccfc6d4b" outcome="Passed" testListId="8c84fa94-04c1-424b-9868-57a2d4851a1d" relativeResultsDirectory="c7c67dcc-83cb-4538-912b-b8f7b8e05f93" />
    <UnitTestResult executionId="efa3dfd4-d7ff-4bab-bd17-82f41d5a84ba" testId="2e36a2f2-f991-8e48-5eb8-b7e6a73a6289" testName="Mockly.Specs.AssertionSpecs+WithBodyHavingPropertiesOf.Fails_when_body_does_not_have_the_expected_property_and_value" computerName="CARBON" duration="00:00:00.0038884" startTime="2026-03-23T22:40:53.7402414-07:00" endTime="2026-03-23T22:40:53.7419105-07:00" testType="13cdc9d9-ddb5-4fa4-a97d-d965ccfc6d4b" outcome="Passed" testListId="8c84fa94-04c1-424b-9868-57a2d4851a1d" relativeResultsDirectory="efa3dfd4-d7ff-4bab-bd17-82f41d5a84ba" />
    <UnitTestResult executionId="a98b8047-2f0f-4a79-ac6f-3a0a131b66f8" testId="e1e1d707-3982-a792-e19f-0dd2a4372335" testName="Mockly.Specs.AssertionSpecs+WithBodyHavingPropertiesOf.Matches_body_having_properties_of_dictionary_when_request_has_properties_with_null_values" computerName="CARBON" duration="00:00:00.0432762" startTime="2026-03-23T22:40:53.7088807-07:00" endTime="2026-03-23T22:40:53.7365546-07:00" testType="13cdc9d9-ddb5-4fa4-a97d-d965ccfc6d4b" outcome="Passed" testListId="8c84fa94-04c1-424b-9868-57a2d4851a1d" relativeResultsDirectory="a98b8047-2f0f-4a79-ac6f-3a0a131b66f8" />
    <UnitTestResult executionId="0051de4d-3d82-4e14-a07f-3511700e8956" testId="a81608f1-c793-04ba-7a86-8e1987b89e75" testName="Mockly.Specs.AssertionSpecs+RequestCollectionSpecs.Can_assert_no_unexpected_calls" computerName="CARBON" duration="00:00:00.0006008" startTime="2026-03-23T22:40:53.7569417-07:00" endTime="2026-03-23T22:40:53.7573756-07:00" testType="13cdc9d9-ddb5-4fa4-a97d-d965ccfc6d4b" outcome="Passed" testListId="8c84fa94-04c1-424b-9868-57a2d4851a1d" relativeResultsDirectory="0051de4d-3d82-4e14-a07f-3511700e8956" />
    <UnitTestResult executionId="fd4e2e5d-9173-420d-be14-09d4d56a0f93" testId="40e419ab-61a3-56ce-e3cb-200064fee62a" testName="Mockly.Specs.AssertionSpecs+ContainRequest.Fails_when_no_requests_are_captured" computerName="CARBON" duration="00:00:00.0793083" startTime="2026-03-23T22:40:53.6962732-07:00" endTime="2026-03-23T22:40:53.7436026-07:00" testType="13cdc9d9-ddb5-4fa4-a97d-d965ccfc6d4b" outcome="Passed" testListId="8c84fa94-04c1-424b-9868-57a2d4851a1d" relativeResultsDirectory="fd4e2e5d-9173-420d-be14-09d4d56a0f93" />
    <UnitTestResult executionId="95ae71e4-2536-4741-9a44-47a2059951b0" testId="ce6d6474-878c-6799-43fa-a8a76400d782" testName="Mockly.Specs.AssertionSpecs+WithBodyHavingPropertiesOf.Ignores_extra_properties_in_body" computerName="CARBON" duration="00:00:00.0007814" startTime="2026-03-23T22:40:53.7582982-07:00" endTime="2026-03-23T22:40:53.7585961-07:00" testType="13cdc9d9-ddb5-4fa4-a97d-d965ccfc6d4b" outcome="Passed" testListId="8c84fa94-04c1-424b-9868-57a2d4851a1d" relativeResultsDirectory="95ae71e4-2536-4741-9a44-47a2059951b0" />
    <UnitTestResult executionId="b4a44848-0e7b-45d7-b7bb-171c156c19fb" testId="121688ca-a8fe-81d5-cd3e-23ec9bf18eea" testName="Mockly.Specs.AssertionSpecs+CapturedRequestAssertions.Can_assert_captured_request_is_expected" computerName="CARBON" duration="00:00:00.0005295" startTime="2026-03-23T22:40:53.7513036-07:00" endTime="2026-03-23T22:40:53.7527283-07:00" testType="13cdc9d9-ddb5-4fa4-a97d-d965ccfc6d4b" outcome="Passed" testListId="8c84fa94-04c1-424b-9868-57a2d4851a1d" relativeResultsDirectory="b4a44848-0e7b-45d7-b7bb-171c156c19fb" />
    <UnitTestResult executionId="4efc4449-0b09-4c39-8f6c-a57143dc76e7" testId="53e5e663-4b81-bfe7-428b-b0378ff69b1e" testName="Mockly.Specs.AssertionSpecs+ContainRequestFor.Fails_when_the_expected_request_is_missing" computerName="CARBON" duration="00:00:00.0065165" startTime="2026-03-23T22:40:53.7478670-07:00" endTime="2026-03-23T22:40:53.7572006-07:00" testType="13cdc9d9-ddb5-4fa4-a97d-d965ccfc6d4b" outcome="Passed" testListId="8c84fa94-04c1-424b-9868-57a2d4851a1d" relativeResultsDirectory="4efc4449-0b09-4c39-8f6c-a57143dc76e7" />
    <UnitTestResult executionId="ae2ff589-e9b7-4873-bffb-36b955f98d38" testId="e443644c-70b0-8324-b9ac-7c68a4f90c3d" testName="Mockly.Specs.AssertionSpecs+WithBodyMatchingJson.Fails_when_request_body_is_not_valid_json" computerName="CARBON" duration="00:00:00.0705949" startTime="2026-03-23T22:40:53.7069367-07:00" endTime="2026-03-23T22:40:53.7501516-07:00" testType="13cdc9d9-ddb5-4fa4-a97d-d965ccfc6d4b" outcome="Passed" testListId="8c84fa94-04c1-424b-9868-57a2d4851a1d" relativeResultsDirectory="ae2ff589-e9b7-4873-bffb-36b955f98d38" />
    <UnitTestResult executionId="a6e08731-4b75-4517-8f4f-f9fed8984da6" testId="06d45dc0-3de8-1f59-9815-d09fac5f9c61" testName="Mockly.Specs.AssertionSpecs+WithBody.Can_match_multiple_requests" computerName="CARBON" duration="00:00:00.0011194" startTime="2026-03-23T22:40:53.7432143-07:00" endTime="2026-03-23T22:40:53.7524654-07:00" testType="13cdc9d9-ddb5-4fa4-a97d-d965ccfc6d4b" outcome="Passed" testListId="8c84fa94-04c1-424b-9868-57a2d4851a1d" relativeResultsDirectory="a6e08731-4b75-4517-8f4f-f9fed8984da6" />
    <UnitTestResult executionId="1e9e115a-571f-4cbb-86a9-97682a4cd0cc" testId="4d5137b6-cb5e-d304-8e4f-4f3a5c8445d8" testName="Mockly.Specs.AssertionSpecs+ContainRequestFor.Fails_when_no_requests_are_captured_at_all" computerName="CARBON" duration="00:00:00.0748733" startTime="2026-03-23T22:40:53.7053731-07:00" endTime="2026-03-23T22:40:53.7432979-07:00" testType="13cdc9d9-ddb5-4fa4-a97d-d965ccfc6d4b" outcome="Passed" testListId="8c84fa94-04c1-424b-9868-57a2d4851a1d" relativeResultsDirectory="1e9e115a-571f-4cbb-86a9-97682a4cd0cc" />
    <UnitTestResult executionId="2ffd238c-bf29-4ea6-b640-9b1320881abd" testId="5d3a5141-17ab-9ea4-b369-c4e3022ea7a6" testName="Mockly.Specs.AssertionSpecs+WithBodyHavingPropertiesOf.Matches_body_having_properties_of_dictionary" computerName="CARBON" duration="00:00:00.0015695" startTime="2026-03-23T22:40:53.7534359-07:00" endTime="2026-03-23T22:40:53.7536772-07:00" testType="13cdc9d9-ddb5-4fa4-a97d-d965ccfc6d4b" outcome="Passed" testListId="8c84fa94-04c1-424b-9868-57a2d4851a1d" relativeResultsDirectory="2ffd238c-bf29-4ea6-b640-9b1320881abd" />
    <UnitTestResult executionId="c85a0e5d-a5c9-4f61-af56-a0a234b3fc72" testId="27010487-e5bf-7c7a-fd65-222df5c7ea27" testName="Mockly.Specs.AssertionSpecs+WithBodyHavingPropertiesEqualTo.Fails_when_body_has_extra_properties" computerName="CARBON" duration="00:00:00.0093612" startTime="2026-03-23T22:40:53.7487961-07:00" endTime="2026-03-23T22:40:53.7583310-07:00" testType="13cdc9d9-ddb5-4fa4-a97d-d965ccfc6d4b" outcome="Passed" testListId="8c84fa94-04c1-424b-9868-57a2d4851a1d" relativeResultsDirectory="c85a0e5d-a5c9-4f61-af56-a0a234b3fc72" />
    <UnitTestResult executionId="99c8d666-c1d0-49ec-a4be-0ab71fb7be4f" testId="41d60b09-0001-38fb-d869-b2c3786af553" testName="Mockly.Specs.AssertionSpecs+WithBodyHavingPropertiesEqualTo.Fails_when_body_has_mismatched_property_values" computerName="CARBON" duration="00:00:00.1089543" startTime="2026-03-23T22:40:53.6761915-07:00" endTime="2026-03-23T22:40:53.7403826-07:00" testType="13cdc9d9-ddb5-4fa4-a97d-d965ccfc6d4b" outcome="Passed" testListId="8c84fa94-04c1-424b-9868-57a2d4851a1d" relativeResultsDirectory="99c8d666-c1d0-49ec-a4be-0ab71fb7be4f" />
    <UnitTestResult executionId="f9f7709d-6d9c-41ad-b20d-4e2712638278" testId="1c29814d-fa8d-bc0e-d6fe-f0b1bfe60d43" testName="Mockly.Specs.AssertionSpecs+NotContainRequestFor.Succeeds_when_no_matching_request_exists" computerName="CARBON" duration="00:00:00.0350383" startTime="2026-03-23T22:40:53.6750241-07:00" endTime="2026-03-23T22:40:53.6970437-07:00" testType="13cdc9d9-ddb5-4fa4-a97d-d965ccfc6d4b" outcome="Passed" testListId="8c84fa94-04c1-424b-9868-57a2d4851a1d" relativeResultsDirectory="f9f7709d-6d9c-41ad-b20d-4e2712638278" />
    <UnitTestResult executionId="5cb4ca5a-802c-4e88-b36a-5e74f3ee5ddb" testId="39637912-921e-f341-fea5-25e6e7244aca" testName="Mockly.Specs.AssertionSpecs+WithBodyMatchingJson.Can_match_against_multiple_requests" computerName="CARBON" duration="00:00:00.0395821" startTime="2026-03-23T22:40:53.6762214-07:00" endTime="2026-03-23T22:40:53.7062727-07:00" testType="13cdc9d9-ddb5-4fa4-a97d-d965ccfc6d4b" outcome="Passed" testListId="8c84fa94-04c1-424b-9868-57a2d4851a1d" relativeResultsDirectory="5cb4ca5a-802c-4e88-b36a-5e74f3ee5ddb" />
    <UnitTestResult executionId="89e28483-347c-4879-ae04-41295d83ad53" testId="c7898c62-4766-cdb0-bd1a-03f60493b734" testName="Mockly.Specs.AssertionSpecs+WithBodyHavingPropertiesEqualTo.Matches_body_having_properties_equal_to_dictionary" computerName="CARBON" duration="00:00:00.0011505" startTime="2026-03-23T22:40:53.7417903-07:00" endTime="2026-03-23T22:40:53.7476039-07:00" testType="13cdc9d9-ddb5-4fa4-a97d-d965ccfc6d4b" outcome="Passed" testListId="8c84fa94-04c1-424b-9868-57a2d4851a1d" relativeResultsDirectory="89e28483-347c-4879-ae04-41295d83ad53" />
    <UnitTestResult executionId="f09ec2e1-7d4e-413b-80ae-675a02f8aa37" testId="31cf4c53-e942-bfff-7e69-3308d3151e4e" testName="Mockly.Specs.AssertionSpecs+WithBody.Fails_when_body_does_not_match_wildcard_pattern" computerName="CARBON" duration="00:00:00.0723601" startTime="2026-03-23T22:40:53.7061940-07:00" endTime="2026-03-23T22:40:53.7418634-07:00" testType="13cdc9d9-ddb5-4fa4-a97d-d965ccfc6d4b" outcome="Passed" testListId="8c84fa94-04c1-424b-9868-57a2d4851a1d" relativeResultsDirectory="f09ec2e1-7d4e-413b-80ae-675a02f8aa37" />
    <UnitTestResult executionId="0a7fb04c-e850-401a-bcf2-ac9f079945af" testId="7eb29d93-9c23-6a54-9e54-2557999d8ae2" testName="Mockly.Specs.AssertionSpecs+WithBodyHavingPropertiesOf.Can_handle_different_json_types" computerName="CARBON" duration="00:00:00.0015560" startTime="2026-03-23T22:40:53.7431867-07:00" endTime="2026-03-23T22:40:53.7529182-07:00" testType="13cdc9d9-ddb5-4fa4-a97d-d965ccfc6d4b" outcome="Passed" testListId="8c84fa94-04c1-424b-9868-57a2d4851a1d" relativeResultsDirectory="0a7fb04c-e850-401a-bcf2-ac9f079945af" />
    <UnitTestResult executionId="d7f8b809-175a-4699-923e-7a1cf17c8ce1" testId="e60c9c4f-9db9-b3c3-f664-dde83e7b3fb6" testName="Mockly.Specs.AssertionSpecs+ContainRequest.Can_ensure_a_request_was_captured" computerName="CARBON" duration="00:00:00.0308482" startTime="2026-03-23T22:40:53.6747803-07:00" endTime="2026-03-23T22:40:53.6951960-07:00" testType="13cdc9d9-ddb5-4fa4-a97d-d965ccfc6d4b" outcome="Passed" testListId="8c84fa94-04c1-424b-9868-57a2d4851a1d" relativeResultsDirectory="d7f8b809-175a-4699-923e-7a1cf17c8ce1" />
  </Results>
  <TestDefinitions>
    <UnitTest name="Mockly.Specs.AssertionSpecs+CapturedRequestAssertions.Will_throw_when_captured_request_is_not_expected" storage="c:\workspaces\fluentassertions.mockly\fluentassertions.mockly.v7.specs\bin\debug\net8.0\fluentassertions.mockly.v7.specs.dll" id="3a8f29b0-c569-c05c-8b99-c083a30016e2">
      <Execution id="5d660006-ea8b-478d-a7ef-107c86e6573a" />
      <TestMethod codeBase="C:\Workspaces\fluentassertions.mockly\FluentAssertions.Mockly.v7.Specs\bin\Debug\net8.0\FluentAssertions.Mockly.v7.Specs.dll" adapterTypeName="executor://xunit/VsTestRunner3/netcore/" className="Mockly.Specs.AssertionSpecs+CapturedRequestAssertions" name="Will_throw_when_captured_request_is_not_expected" />
    </UnitTest>
    <UnitTest name="Mockly.Specs.AssertionSpecs+WithBodyMatchingJson.Fails_when_request_body_is_not_valid_json" storage="c:\workspaces\fluentassertions.mockly\fluentassertions.mockly.v7.specs\bin\debug\net8.0\fluentassertions.mockly.v7.specs.dll" id="e443644c-70b0-8324-b9ac-7c68a4f90c3d">
      <Execution id="ae2ff589-e9b7-4873-bffb-36b955f98d38" />
      <TestMethod codeBase="C:\Workspaces\fluentassertions.mockly\FluentAssertions.Mockly.v7.Specs\bin\Debug\net8.0\FluentAssertions.Mockly.v7.Specs.dll" adapterTypeName="executor://xunit/VsTestRunner3/netcore/" className="Mockly.Specs.AssertionSpecs+WithBodyMatchingJson" name="Fails_when_request_body_is_not_valid_json" />
    </UnitTest>
    <UnitTest name="Mockly.Specs.AssertionSpecs+WithBodyMatchingJson.Matches_body_equivalent_json" storage="c:\workspaces\fluentassertions.mockly\fluentassertions.mockly.v7.specs\bin\debug\net8.0\fluentassertions.mockly.v7.specs.dll" id="d49d1308-cf85-d05d-e2a1-092e6049e5c3">
      <Execution id="5fd039bf-bda6-4892-a99c-bd01d0370e1e" />
      <TestMethod codeBase="C:\Workspaces\fluentassertions.mockly\FluentAssertions.Mockly.v7.Specs\bin\Debug\net8.0\FluentAssertions.Mockly.v7.Specs.dll" adapterTypeName="executor://xunit/VsTestRunner3/netcore/" className="Mockly.Specs.AssertionSpecs+WithBodyMatchingJson" name="Matches_body_equivalent_json" />
    </UnitTest>
    <UnitTest name="Mockly.Specs.AssertionSpecs+RequestCollectionSpecs.Will_throw_when_request_collection_is_empty" storage="c:\workspaces\fluentassertions.mockly\fluentassertions.mockly.v7.specs\bin\debug\net8.0\fluentassertions.mockly.v7.specs.dll" id="ad3f9bbe-dc92-a1e1-18ca-400a8f7791f9">
      <Execution id="416246e2-e048-499f-b57c-adc62c6e32bf" />
      <TestMethod codeBase="C:\Workspaces\fluentassertions.mockly\FluentAssertions.Mockly.v7.Specs\bin\Debug\net8.0\FluentAssertions.Mockly.v7.Specs.dll" adapterTypeName="executor://xunit/VsTestRunner3/netcore/" className="Mockly.Specs.AssertionSpecs+RequestCollectionSpecs" name="Will_throw_when_request_collection_is_empty" />
    </UnitTest>
    <UnitTest name="Mockly.Specs.AssertionSpecs+CapturedRequestAssertions.Will_throw_when_captured_request_is_expected_but_asserted_unexpected" storage="c:\workspaces\fluentassertions.mockly\fluentassertions.mockly.v7.specs\bin\debug\net8.0\fluentassertions.mockly.v7.specs.dll" id="416d9385-f8e8-4120-235f-ba9c28bd48db">
      <Execution id="5a03759e-7d40-4fb2-b81d-8fb8b72da001" />
      <TestMethod codeBase="C:\Workspaces\fluentassertions.mockly\FluentAssertions.Mockly.v7.Specs\bin\Debug\net8.0\FluentAssertions.Mockly.v7.Specs.dll" adapterTypeName="executor://xunit/VsTestRunner3/netcore/" className="Mockly.Specs.AssertionSpecs+CapturedRequestAssertions" name="Will_throw_when_captured_request_is_expected_but_asserted_unexpected" />
    </UnitTest>
    <UnitTest name="Mockly.Specs.AssertionSpecs+WithBodyEquivalentTo.Fails_when_body_is_not_equivalent_to_anonymous_object" storage="c:\workspaces\fluentassertions.mockly\fluentassertions.mockly.v7.specs\bin\debug\net8.0\fluentassertions.mockly.v7.specs.dll" id="e0fd99b0-ec3d-8dcc-ad72-8e231f3ecb31">
      <Execution id="b70e75cf-ed01-4576-b8dc-f8e9c3d0587d" />
      <TestMethod codeBase="C:\Workspaces\fluentassertions.mockly\FluentAssertions.Mockly.v7.Specs\bin\Debug\net8.0\FluentAssertions.Mockly.v7.Specs.dll" adapterTypeName="executor://xunit/VsTestRunner3/netcore/" className="Mockly.Specs.AssertionSpecs+WithBodyEquivalentTo" name="Fails_when_body_is_not_equivalent_to_anonymous_object" />
    </UnitTest>
    <UnitTest name="Mockly.Specs.AssertionSpecs+WithBodyMatchingJson.Can_match_against_multiple_requests" storage="c:\workspaces\fluentassertions.mockly\fluentassertions.mockly.v7.specs\bin\debug\net8.0\fluentassertions.mockly.v7.specs.dll" id="39637912-921e-f341-fea5-25e6e7244aca">
      <Execution id="5cb4ca5a-802c-4e88-b36a-5e74f3ee5ddb" />
      <TestMethod codeBase="C:\Workspaces\fluentassertions.mockly\FluentAssertions.Mockly.v7.Specs\bin\Debug\net8.0\FluentAssertions.Mockly.v7.Specs.dll" adapterTypeName="executor://xunit/VsTestRunner3/netcore/" className="Mockly.Specs.AssertionSpecs+WithBodyMatchingJson" name="Can_match_against_multiple_requests" />
    </UnitTest>
    <UnitTest name="Mockly.Specs.AssertionSpecs+WithBodyHavingPropertiesOf.Matches_body_having_properties_of_dictionary_when_request_has_properties_with_null_values" storage="c:\workspaces\fluentassertions.mockly\fluentassertions.mockly.v7.specs\bin\debug\net8.0\fluentassertions.mockly.v7.specs.dll" id="e1e1d707-3982-a792-e19f-0dd2a4372335">
      <Execution id="a98b8047-2f0f-4a79-ac6f-3a0a131b66f8" />
      <TestMethod codeBase="C:\Workspaces\fluentassertions.mockly\FluentAssertions.Mockly.v7.Specs\bin\Debug\net8.0\FluentAssertions.Mockly.v7.Specs.dll" adapterTypeName="executor://xunit/VsTestRunner3/netcore/" className="Mockly.Specs.AssertionSpecs+WithBodyHavingPropertiesOf" name="Matches_body_having_properties_of_dictionary_when_request_has_properties_with_null_values" />
    </UnitTest>
    <UnitTest name="Mockly.Specs.AssertionSpecs+WithBodyHavingPropertiesOf.Fails_when_body_does_not_have_expected_properties" storage="c:\workspaces\fluentassertions.mockly\fluentassertions.mockly.v7.specs\bin\debug\net8.0\fluentassertions.mockly.v7.specs.dll" id="6030e8e6-e961-4cce-df6d-1db2c7f12830">
      <Execution id="a3b6473f-653b-4c63-bb1e-ecbdbde9a62e" />
      <TestMethod codeBase="C:\Workspaces\fluentassertions.mockly\FluentAssertions.Mockly.v7.Specs\bin\Debug\net8.0\FluentAssertions.Mockly.v7.Specs.dll" adapterTypeName="executor://xunit/VsTestRunner3/netcore/" className="Mockly.Specs.AssertionSpecs+WithBodyHavingPropertiesOf" name="Fails_when_body_does_not_have_expected_properties" />
    </UnitTest>
    <UnitTest name="Mockly.Specs.AssertionSpecs+RequestCollectionSpecs.Can_assert_no_unexpected_calls" storage="c:\workspaces\fluentassertions.mockly\fluentassertions.mockly.v7.specs\bin\debug\net8.0\fluentassertions.mockly.v7.specs.dll" id="a81608f1-c793-04ba-7a86-8e1987b89e75">
      <Execution id="0051de4d-3d82-4e14-a07f-3511700e8956" />
      <TestMethod codeBase="C:\Workspaces\fluentassertions.mockly\FluentAssertions.Mockly.v7.Specs\bin\Debug\net8.0\FluentAssertions.Mockly.v7.Specs.dll" adapterTypeName="executor://xunit/VsTestRunner3/netcore/" className="Mockly.Specs.AssertionSpecs+RequestCollectionSpecs" name="Can_assert_no_unexpected_calls" />
    </UnitTest>
    <UnitTest name="Mockly.Specs.AssertionSpecs+WithBodyHavingPropertiesEqualTo.Fails_when_body_has_extra_properties" storage="c:\workspaces\fluentassertions.mockly\fluentassertions.mockly.v7.specs\bin\debug\net8.0\fluentassertions.mockly.v7.specs.dll" id="27010487-e5bf-7c7a-fd65-222df5c7ea27">
      <Execution id="c85a0e5d-a5c9-4f61-af56-a0a234b3fc72" />
      <TestMethod codeBase="C:\Workspaces\fluentassertions.mockly\FluentAssertions.Mockly.v7.Specs\bin\Debug\net8.0\FluentAssertions.Mockly.v7.Specs.dll" adapterTypeName="executor://xunit/VsTestRunner3/netcore/" className="Mockly.Specs.AssertionSpecs+WithBodyHavingPropertiesEqualTo" name="Fails_when_body_has_extra_properties" />
    </UnitTest>
    <UnitTest name="Mockly.Specs.AssertionSpecs+RequestCollectionSpecs.Will_throw_when_unexpected_calls_are_present" storage="c:\workspaces\fluentassertions.mockly\fluentassertions.mockly.v7.specs\bin\debug\net8.0\fluentassertions.mockly.v7.specs.dll" id="7af77f86-cec0-7d6f-e8cd-91dca7f4f679">
      <Execution id="6ae230d6-b836-4947-ab4d-a20e6a60142a" />
      <TestMethod codeBase="C:\Workspaces\fluentassertions.mockly\FluentAssertions.Mockly.v7.Specs\bin\Debug\net8.0\FluentAssertions.Mockly.v7.Specs.dll" adapterTypeName="executor://xunit/VsTestRunner3/netcore/" className="Mockly.Specs.AssertionSpecs+RequestCollectionSpecs" name="Will_throw_when_unexpected_calls_are_present" />
    </UnitTest>
    <UnitTest name="Mockly.Specs.AssertionSpecs+RequestCollectionSpecs.Can_assert_request_collection_is_not_empty" storage="c:\workspaces\fluentassertions.mockly\fluentassertions.mockly.v7.specs\bin\debug\net8.0\fluentassertions.mockly.v7.specs.dll" id="8a4b8049-e7a4-f96a-78c6-a912316e471c">
      <Execution id="0d32bf8e-c62b-461c-af4f-2ee75d4b7151" />
      <TestMethod codeBase="C:\Workspaces\fluentassertions.mockly\FluentAssertions.Mockly.v7.Specs\bin\Debug\net8.0\FluentAssertions.Mockly.v7.Specs.dll" adapterTypeName="executor://xunit/VsTestRunner3/netcore/" className="Mockly.Specs.AssertionSpecs+RequestCollectionSpecs" name="Can_assert_request_collection_is_not_empty" />
    </UnitTest>
    <UnitTest name="Mockly.Specs.AssertionSpecs+Chaining.Works_for_contained_request_assertions" storage="c:\workspaces\fluentassertions.mockly\fluentassertions.mockly.v7.specs\bin\debug\net8.0\fluentassertions.mockly.v7.specs.dll" id="0c0e4ab5-5176-f4a5-bf1f-d2c045971dbc">
      <Execution id="4d89088d-a80a-4aa8-8bf1-7fcc4ea031b8" />
      <TestMethod codeBase="C:\Workspaces\fluentassertions.mockly\FluentAssertions.Mockly.v7.Specs\bin\Debug\net8.0\FluentAssertions.Mockly.v7.Specs.dll" adapterTypeName="executor://xunit/VsTestRunner3/netcore/" className="Mockly.Specs.AssertionSpecs+Chaining" name="Works_for_contained_request_assertions" />
    </UnitTest>
    <UnitTest name="Mockly.Specs.AssertionSpecs+CapturedRequestAssertions.Can_assert_captured_request_is_unexpected" storage="c:\workspaces\fluentassertions.mockly\fluentassertions.mockly.v7.specs\bin\debug\net8.0\fluentassertions.mockly.v7.specs.dll" id="058dd9d2-98bf-6c9f-1dc7-96997bb10361">
      <Execution id="8e67a39b-68a9-49d6-a95a-1ca82e6d121b" />
      <TestMethod codeBase="C:\Workspaces\fluentassertions.mockly\FluentAssertions.Mockly.v7.Specs\bin\Debug\net8.0\FluentAssertions.Mockly.v7.Specs.dll" adapterTypeName="executor://xunit/VsTestRunner3/netcore/" className="Mockly.Specs.AssertionSpecs+CapturedRequestAssertions" name="Can_assert_captured_request_is_unexpected" />
    </UnitTest>
    <UnitTest name="Mockly.Specs.AssertionSpecs+ContainRequestFor.Fails_when_the_expected_request_is_missing" storage="c:\workspaces\fluentassertions.mockly\fluentassertions.mockly.v7.specs\bin\debug\net8.0\fluentassertions.mockly.v7.specs.dll" id="53e5e663-4b81-bfe7-428b-b0378ff69b1e">
      <Execution id="4efc4449-0b09-4c39-8f6c-a57143dc76e7" />
      <TestMethod codeBase="C:\Workspaces\fluentassertions.mockly\FluentAssertions.Mockly.v7.Specs\bin\Debug\net8.0\FluentAssertions.Mockly.v7.Specs.dll" adapterTypeName="executor://xunit/VsTestRunner3/netcore/" className="Mockly.Specs.AssertionSpecs+ContainRequestFor" name="Fails_when_the_expected_request_is_missing" />
    </UnitTest>
    <UnitTest name="Mockly.Specs.AssertionSpecs+HttpMockSpecs.Will_throw_when_not_all_mocks_have_been_invoked" storage="c:\workspaces\fluentassertions.mockly\fluentassertions.mockly.v7.specs\bin\debug\net8.0\fluentassertions.mockly.v7.specs.dll" id="8d7de206-fa89-2ff0-96b5-57adb9d578ae">
      <Execution id="acd31407-4ab4-4c9f-b93d-ee1a52169450" />
      <TestMethod codeBase="C:\Workspaces\fluentassertions.mockly\FluentAssertions.Mockly.v7.Specs\bin\Debug\net8.0\FluentAssertions.Mockly.v7.Specs.dll" adapterTypeName="executor://xunit/VsTestRunner3/netcore/" className="Mockly.Specs.AssertionSpecs+HttpMockSpecs" name="Will_throw_when_not_all_mocks_have_been_invoked" />
    </UnitTest>
    <UnitTest name="Mockly.Specs.AssertionSpecs+WithBodyHavingPropertiesOf.Fails_when_none_of_the_requests_have_the_expected_property_and_value" storage="c:\workspaces\fluentassertions.mockly\fluentassertions.mockly.v7.specs\bin\debug\net8.0\fluentassertions.mockly.v7.specs.dll" id="7761d39a-e9ec-40a6-9d98-a215aa061a3c">
      <Execution id="a5fa11d7-6c8b-413a-aaae-11c5414db6d9" />
      <TestMethod codeBase="C:\Workspaces\fluentassertions.mockly\FluentAssertions.Mockly.v7.Specs\bin\Debug\net8.0\FluentAssertions.Mockly.v7.Specs.dll" adapterTypeName="executor://xunit/VsTestRunner3/netcore/" className="Mockly.Specs.AssertionSpecs+WithBodyHavingPropertiesOf" name="Fails_when_none_of_the_requests_have_the_expected_property_and_value" />
    </UnitTest>
    <UnitTest name="Mockly.Specs.AssertionSpecs+ContainRequestFor.Finds_request_for_relative_path" storage="c:\workspaces\fluentassertions.mockly\fluentassertions.mockly.v7.specs\bin\debug\net8.0\fluentassertions.mockly.v7.specs.dll" id="07eecb9d-93f2-63ef-1d0d-46742623a244">
      <Execution id="86ff9d34-a992-496e-a1eb-5e1ba3aac925" />
      <TestMethod codeBase="C:\Workspaces\fluentassertions.mockly\FluentAssertions.Mockly.v7.Specs\bin\Debug\net8.0\FluentAssertions.Mockly.v7.Specs.dll" adapterTypeName="executor://xunit/VsTestRunner3/netcore/" className="Mockly.Specs.AssertionSpecs+ContainRequestFor" name="Finds_request_for_relative_path" />
    </UnitTest>
    <UnitTest name="Mockly.Specs.AssertionSpecs+WithBodyHavingPropertiesEqualTo.Fails_when_body_has_mismatched_property_values" storage="c:\workspaces\fluentassertions.mockly\fluentassertions.mockly.v7.specs\bin\debug\net8.0\fluentassertions.mockly.v7.specs.dll" id="41d60b09-0001-38fb-d869-b2c3786af553">
      <Execution id="99c8d666-c1d0-49ec-a4be-0ab71fb7be4f" />
      <TestMethod codeBase="C:\Workspaces\fluentassertions.mockly\FluentAssertions.Mockly.v7.Specs\bin\Debug\net8.0\FluentAssertions.Mockly.v7.Specs.dll" adapterTypeName="executor://xunit/VsTestRunner3/netcore/" className="Mockly.Specs.AssertionSpecs+WithBodyHavingPropertiesEqualTo" name="Fails_when_body_has_mismatched_property_values" />
    </UnitTest>
    <UnitTest name="Mockly.Specs.AssertionSpecs+HttpMockSpecs.Can_assert_all_mocks_have_been_invoked" storage="c:\workspaces\fluentassertions.mockly\fluentassertions.mockly.v7.specs\bin\debug\net8.0\fluentassertions.mockly.v7.specs.dll" id="b2d33bf7-7447-7a52-bc6c-34d109c7f96f">
      <Execution id="21520436-2ccd-44f2-a34a-32ecfd49726d" />
      <TestMethod codeBase="C:\Workspaces\fluentassertions.mockly\FluentAssertions.Mockly.v7.Specs\bin\Debug\net8.0\FluentAssertions.Mockly.v7.Specs.dll" adapterTypeName="executor://xunit/VsTestRunner3/netcore/" className="Mockly.Specs.AssertionSpecs+HttpMockSpecs" name="Can_assert_all_mocks_have_been_invoked" />
    </UnitTest>
    <UnitTest name="Mockly.Specs.AssertionSpecs+NotContainRequestFor.Fails_when_a_matching_request_exists_with_clear_diagnostics" storage="c:\workspaces\fluentassertions.mockly\fluentassertions.mockly.v7.specs\bin\debug\net8.0\fluentassertions.mockly.v7.specs.dll" id="76b501b9-7db1-1d73-6914-04a50fefcfd3">
      <Execution id="5a4306a1-c4d7-4d94-afff-e29e8c79a220" />
      <TestMethod codeBase="C:\Workspaces\fluentassertions.mockly\FluentAssertions.Mockly.v7.Specs\bin\Debug\net8.0\FluentAssertions.Mockly.v7.Specs.dll" adapterTypeName="executor://xunit/VsTestRunner3/netcore/" className="Mockly.Specs.AssertionSpecs+NotContainRequestFor" name="Fails_when_a_matching_request_exists_with_clear_diagnostics" />
    </UnitTest>
    <UnitTest name="Mockly.Specs.AssertionSpecs+WithBodyHavingPropertiesOf.Matches_body_having_property_when_request_has_properties_with_null_values" storage="c:\workspaces\fluentassertions.mockly\fluentassertions.mockly.v7.specs\bin\debug\net8.0\fluentassertions.mockly.v7.specs.dll" id="d622b173-b7af-077b-6fa3-24e127eb3da1">
      <Execution id="2c81e9aa-177d-4ffa-9106-d993e0be3c3c" />
      <TestMethod codeBase="C:\Workspaces\fluentassertions.mockly\FluentAssertions.Mockly.v7.Specs\bin\Debug\net8.0\FluentAssertions.Mockly.v7.Specs.dll" adapterTypeName="executor://xunit/VsTestRunner3/netcore/" className="Mockly.Specs.AssertionSpecs+WithBodyHavingPropertiesOf" name="Matches_body_having_property_when_request_has_properties_with_null_values" />
    </UnitTest>
    <UnitTest name="Mockly.Specs.AssertionSpecs+ContainRequestFor.Fails_when_no_requests_are_captured_at_all" storage="c:\workspaces\fluentassertions.mockly\fluentassertions.mockly.v7.specs\bin\debug\net8.0\fluentassertions.mockly.v7.specs.dll" id="4d5137b6-cb5e-d304-8e4f-4f3a5c8445d8">
      <Execution id="1e9e115a-571f-4cbb-86a9-97682a4cd0cc" />
      <TestMethod codeBase="C:\Workspaces\fluentassertions.mockly\FluentAssertions.Mockly.v7.Specs\bin\Debug\net8.0\FluentAssertions.Mockly.v7.Specs.dll" adapterTypeName="executor://xunit/VsTestRunner3/netcore/" className="Mockly.Specs.AssertionSpecs+ContainRequestFor" name="Fails_when_no_requests_are_captured_at_all" />
    </UnitTest>
    <UnitTest name="Mockly.Specs.AssertionSpecs+WithBodyEquivalentTo.Matches_body_equivalent_to_anonymous_object" storage="c:\workspaces\fluentassertions.mockly\fluentassertions.mockly.v7.specs\bin\debug\net8.0\fluentassertions.mockly.v7.specs.dll" id="9941717d-2923-d6cb-4685-233faa59a5e3">
      <Execution id="c7c67dcc-83cb-4538-912b-b8f7b8e05f93" />
      <TestMethod codeBase="C:\Workspaces\fluentassertions.mockly\FluentAssertions.Mockly.v7.Specs\bin\Debug\net8.0\FluentAssertions.Mockly.v7.Specs.dll" adapterTypeName="executor://xunit/VsTestRunner3/netcore/" className="Mockly.Specs.AssertionSpecs+WithBodyEquivalentTo" name="Matches_body_equivalent_to_anonymous_object" />
    </UnitTest>
    <UnitTest name="Mockly.Specs.AssertionSpecs+ContainRequestFor.Finds_request_for_absolute_uri" storage="c:\workspaces\fluentassertions.mockly\fluentassertions.mockly.v7.specs\bin\debug\net8.0\fluentassertions.mockly.v7.specs.dll" id="21c02050-c6bc-ba62-9c70-6c6b6225ea59">
      <Execution id="9c531c7b-dc16-42d0-9072-a03e1b059016" />
      <TestMethod codeBase="C:\Workspaces\fluentassertions.mockly\FluentAssertions.Mockly.v7.Specs\bin\Debug\net8.0\FluentAssertions.Mockly.v7.Specs.dll" adapterTypeName="executor://xunit/VsTestRunner3/netcore/" className="Mockly.Specs.AssertionSpecs+ContainRequestFor" name="Finds_request_for_absolute_uri" />
    </UnitTest>
    <UnitTest name="Mockly.Specs.AssertionSpecs+ContainRequest.Fails_when_no_requests_are_captured" storage="c:\workspaces\fluentassertions.mockly\fluentassertions.mockly.v7.specs\bin\debug\net8.0\fluentassertions.mockly.v7.specs.dll" id="40e419ab-61a3-56ce-e3cb-200064fee62a">
      <Execution id="fd4e2e5d-9173-420d-be14-09d4d56a0f93" />
      <TestMethod codeBase="C:\Workspaces\fluentassertions.mockly\FluentAssertions.Mockly.v7.Specs\bin\Debug\net8.0\FluentAssertions.Mockly.v7.Specs.dll" adapterTypeName="executor://xunit/VsTestRunner3/netcore/" className="Mockly.Specs.AssertionSpecs+ContainRequest" name="Fails_when_no_requests_are_captured" />
    </UnitTest>
    <UnitTest name="Mockly.Specs.AssertionSpecs+WithBodyHavingPropertiesEqualTo.Matches_body_having_properties_equal_to_dictionary" storage="c:\workspaces\fluentassertions.mockly\fluentassertions.mockly.v7.specs\bin\debug\net8.0\fluentassertions.mockly.v7.specs.dll" id="c7898c62-4766-cdb0-bd1a-03f60493b734">
      <Execution id="89e28483-347c-4879-ae04-41295d83ad53" />
      <TestMethod codeBase="C:\Workspaces\fluentassertions.mockly\FluentAssertions.Mockly.v7.Specs\bin\Debug\net8.0\FluentAssertions.Mockly.v7.Specs.dll" adapterTypeName="executor://xunit/VsTestRunner3/netcore/" className="Mockly.Specs.AssertionSpecs+WithBodyHavingPropertiesEqualTo" name="Matches_body_having_properties_equal_to_dictionary" />
    </UnitTest>
    <UnitTest name="Mockly.Specs.AssertionSpecs+ContainRequest.Can_ensure_a_request_was_captured" storage="c:\workspaces\fluentassertions.mockly\fluentassertions.mockly.v7.specs\bin\debug\net8.0\fluentassertions.mockly.v7.specs.dll" id="e60c9c4f-9db9-b3c3-f664-dde83e7b3fb6">
      <Execution id="d7f8b809-175a-4699-923e-7a1cf17c8ce1" />
      <TestMethod codeBase="C:\Workspaces\fluentassertions.mockly\FluentAssertions.Mockly.v7.Specs\bin\Debug\net8.0\FluentAssertions.Mockly.v7.Specs.dll" adapterTypeName="executor://xunit/VsTestRunner3/netcore/" className="Mockly.Specs.AssertionSpecs+ContainRequest" name="Can_ensure_a_request_was_captured" />
    </UnitTest>
    <UnitTest name="Mockly.Specs.AssertionSpecs+WithBodyHavingPropertiesOf.Ignores_extra_properties_in_body" storage="c:\workspaces\fluentassertions.mockly\fluentassertions.mockly.v7.specs\bin\debug\net8.0\fluentassertions.mockly.v7.specs.dll" id="ce6d6474-878c-6799-43fa-a8a76400d782">
      <Execution id="95ae71e4-2536-4741-9a44-47a2059951b0" />
      <TestMethod codeBase="C:\Workspaces\fluentassertions.mockly\FluentAssertions.Mockly.v7.Specs\bin\Debug\net8.0\FluentAssertions.Mockly.v7.Specs.dll" adapterTypeName="executor://xunit/VsTestRunner3/netcore/" className="Mockly.Specs.AssertionSpecs+WithBodyHavingPropertiesOf" name="Ignores_extra_properties_in_body" />
    </UnitTest>
    <UnitTest name="Mockly.Specs.AssertionSpecs+WithBody.Matches_body_with_wildcard_pattern" storage="c:\workspaces\fluentassertions.mockly\fluentassertions.mockly.v7.specs\bin\debug\net8.0\fluentassertions.mockly.v7.specs.dll" id="24b543aa-a27f-3057-49a8-1ca3cbcea51c">
      <Execution id="f8d3fd94-f64a-41b7-9704-48d0ee55ccd3" />
      <TestMethod codeBase="C:\Workspaces\fluentassertions.mockly\FluentAssertions.Mockly.v7.Specs\bin\Debug\net8.0\FluentAssertions.Mockly.v7.Specs.dll" adapterTypeName="executor://xunit/VsTestRunner3/netcore/" className="Mockly.Specs.AssertionSpecs+WithBody" name="Matches_body_with_wildcard_pattern" />
    </UnitTest>
    <UnitTest name="Mockly.Specs.AssertionSpecs+WithBodyHavingPropertiesOf.Fails_when_body_does_not_have_the_expected_property_and_value" storage="c:\workspaces\fluentassertions.mockly\fluentassertions.mockly.v7.specs\bin\debug\net8.0\fluentassertions.mockly.v7.specs.dll" id="2e36a2f2-f991-8e48-5eb8-b7e6a73a6289">
      <Execution id="efa3dfd4-d7ff-4bab-bd17-82f41d5a84ba" />
      <TestMethod codeBase="C:\Workspaces\fluentassertions.mockly\FluentAssertions.Mockly.v7.Specs\bin\Debug\net8.0\FluentAssertions.Mockly.v7.Specs.dll" adapterTypeName="executor://xunit/VsTestRunner3/netcore/" className="Mockly.Specs.AssertionSpecs+WithBodyHavingPropertiesOf" name="Fails_when_body_does_not_have_the_expected_property_and_value" />
    </UnitTest>
    <UnitTest name="Mockly.Specs.AssertionSpecs+WithBody.Fails_when_body_does_not_match_wildcard_pattern" storage="c:\workspaces\fluentassertions.mockly\fluentassertions.mockly.v7.specs\bin\debug\net8.0\fluentassertions.mockly.v7.specs.dll" id="31cf4c53-e942-bfff-7e69-3308d3151e4e">
      <Execution id="f09ec2e1-7d4e-413b-80ae-675a02f8aa37" />
      <TestMethod codeBase="C:\Workspaces\fluentassertions.mockly\FluentAssertions.Mockly.v7.Specs\bin\Debug\net8.0\FluentAssertions.Mockly.v7.Specs.dll" adapterTypeName="executor://xunit/VsTestRunner3/netcore/" className="Mockly.Specs.AssertionSpecs+WithBody" name="Fails_when_body_does_not_match_wildcard_pattern" />
    </UnitTest>
    <UnitTest name="Mockly.Specs.AssertionSpecs+NotContainRequestFor.Succeeds_when_no_matching_request_exists" storage="c:\workspaces\fluentassertions.mockly\fluentassertions.mockly.v7.specs\bin\debug\net8.0\fluentassertions.mockly.v7.specs.dll" id="1c29814d-fa8d-bc0e-d6fe-f0b1bfe60d43">
      <Execution id="f9f7709d-6d9c-41ad-b20d-4e2712638278" />
      <TestMethod codeBase="C:\Workspaces\fluentassertions.mockly\FluentAssertions.Mockly.v7.Specs\bin\Debug\net8.0\FluentAssertions.Mockly.v7.Specs.dll" adapterTypeName="executor://xunit/VsTestRunner3/netcore/" className="Mockly.Specs.AssertionSpecs+NotContainRequestFor" name="Succeeds_when_no_matching_request_exists" />
    </UnitTest>
    <UnitTest name="Mockly.Specs.AssertionSpecs+CapturedRequestAssertions.Can_assert_captured_request_is_expected" storage="c:\workspaces\fluentassertions.mockly\fluentassertions.mockly.v7.specs\bin\debug\net8.0\fluentassertions.mockly.v7.specs.dll" id="121688ca-a8fe-81d5-cd3e-23ec9bf18eea">
      <Execution id="b4a44848-0e7b-45d7-b7bb-171c156c19fb" />
      <TestMethod codeBase="C:\Workspaces\fluentassertions.mockly\FluentAssertions.Mockly.v7.Specs\bin\Debug\net8.0\FluentAssertions.Mockly.v7.Specs.dll" adapterTypeName="executor://xunit/VsTestRunner3/netcore/" className="Mockly.Specs.AssertionSpecs+CapturedRequestAssertions" name="Can_assert_captured_request_is_expected" />
    </UnitTest>
    <UnitTest name="Mockly.Specs.AssertionSpecs+WithBodyHavingPropertiesOf.Can_handle_different_json_types" storage="c:\workspaces\fluentassertions.mockly\fluentassertions.mockly.v7.specs\bin\debug\net8.0\fluentassertions.mockly.v7.specs.dll" id="7eb29d93-9c23-6a54-9e54-2557999d8ae2">
      <Execution id="0a7fb04c-e850-401a-bcf2-ac9f079945af" />
      <TestMethod codeBase="C:\Workspaces\fluentassertions.mockly\FluentAssertions.Mockly.v7.Specs\bin\Debug\net8.0\FluentAssertions.Mockly.v7.Specs.dll" adapterTypeName="executor://xunit/VsTestRunner3/netcore/" className="Mockly.Specs.AssertionSpecs+WithBodyHavingPropertiesOf" name="Can_handle_different_json_types" />
    </UnitTest>
    <UnitTest name="Mockly.Specs.AssertionSpecs+WithBodyHavingPropertiesOf.Matches_body_having_properties_of_dictionary" storage="c:\workspaces\fluentassertions.mockly\fluentassertions.mockly.v7.specs\bin\debug\net8.0\fluentassertions.mockly.v7.specs.dll" id="5d3a5141-17ab-9ea4-b369-c4e3022ea7a6">
      <Execution id="2ffd238c-bf29-4ea6-b640-9b1320881abd" />
      <TestMethod codeBase="C:\Workspaces\fluentassertions.mockly\FluentAssertions.Mockly.v7.Specs\bin\Debug\net8.0\FluentAssertions.Mockly.v7.Specs.dll" adapterTypeName="executor://xunit/VsTestRunner3/netcore/" className="Mockly.Specs.AssertionSpecs+WithBodyHavingPropertiesOf" name="Matches_body_having_properties_of_dictionary" />
    </UnitTest>
    <UnitTest name="Mockly.Specs.AssertionSpecs+WithBody.Can_match_multiple_requests" storage="c:\workspaces\fluentassertions.mockly\fluentassertions.mockly.v7.specs\bin\debug\net8.0\fluentassertions.mockly.v7.specs.dll" id="06d45dc0-3de8-1f59-9815-d09fac5f9c61">
      <Execution id="a6e08731-4b75-4517-8f4f-f9fed8984da6" />
      <TestMethod codeBase="C:\Workspaces\fluentassertions.mockly\FluentAssertions.Mockly.v7.Specs\bin\Debug\net8.0\FluentAssertions.Mockly.v7.Specs.dll" adapterTypeName="executor://xunit/VsTestRunner3/netcore/" className="Mockly.Specs.AssertionSpecs+WithBody" name="Can_match_multiple_requests" />
    </UnitTest>
    <UnitTest name="Mockly.Specs.AssertionSpecs+WithBodyHavingPropertiesOf.Fails_when_body_is_not_json_object" storage="c:\workspaces\fluentassertions.mockly\fluentassertions.mockly.v7.specs\bin\debug\net8.0\fluentassertions.mockly.v7.specs.dll" id="10a79397-4038-1b86-3755-128c979b615c">
      <Execution id="1ba4acef-ed06-411f-a5f8-9a0fff18172f" />
      <TestMethod codeBase="C:\Workspaces\fluentassertions.mockly\FluentAssertions.Mockly.v7.Specs\bin\Debug\net8.0\FluentAssertions.Mockly.v7.Specs.dll" adapterTypeName="executor://xunit/VsTestRunner3/netcore/" className="Mockly.Specs.AssertionSpecs+WithBodyHavingPropertiesOf" name="Fails_when_body_is_not_json_object" />
    </UnitTest>
    <UnitTest name="Mockly.Specs.AssertionSpecs+WithBodyMatchingJson.Fails_when_body_json_does_not_match" storage="c:\workspaces\fluentassertions.mockly\fluentassertions.mockly.v7.specs\bin\debug\net8.0\fluentassertions.mockly.v7.specs.dll" id="8e3427c4-0f44-2e4a-79cb-0bb5fcc2b33d">
      <Execution id="e95a2c7c-bdc2-4469-9fc1-07f8ffc8877b" />
      <TestMethod codeBase="C:\Workspaces\fluentassertions.mockly\FluentAssertions.Mockly.v7.Specs\bin\Debug\net8.0\FluentAssertions.Mockly.v7.Specs.dll" adapterTypeName="executor://xunit/VsTestRunner3/netcore/" className="Mockly.Specs.AssertionSpecs+WithBodyMatchingJson" name="Fails_when_body_json_does_not_match" />
    </UnitTest>
  </TestDefinitions>
  <TestEntries>
    <TestEntry testId="24b543aa-a27f-3057-49a8-1ca3cbcea51c" executionId="f8d3fd94-f64a-41b7-9704-48d0ee55ccd3" testListId="8c84fa94-04c1-424b-9868-57a2d4851a1d" />
    <TestEntry testId="21c02050-c6bc-ba62-9c70-6c6b6225ea59" executionId="9c531c7b-dc16-42d0-9072-a03e1b059016" testListId="8c84fa94-04c1-424b-9868-57a2d4851a1d" />
    <TestEntry testId="7af77f86-cec0-7d6f-e8cd-91dca7f4f679" executionId="6ae230d6-b836-4947-ab4d-a20e6a60142a" testListId="8c84fa94-04c1-424b-9868-57a2d4851a1d" />
    <TestEntry testId="76b501b9-7db1-1d73-6914-04a50fefcfd3" executionId="5a4306a1-c4d7-4d94-afff-e29e8c79a220" testListId="8c84fa94-04c1-424b-9868-57a2d4851a1d" />
    <TestEntry testId="ad3f9bbe-dc92-a1e1-18ca-400a8f7791f9" executionId="416246e2-e048-499f-b57c-adc62c6e32bf" testListId="8c84fa94-04c1-424b-9868-57a2d4851a1d" />
    <TestEntry testId="8e3427c4-0f44-2e4a-79cb-0bb5fcc2b33d" executionId="e95a2c7c-bdc2-4469-9fc1-07f8ffc8877b" testListId="8c84fa94-04c1-424b-9868-57a2d4851a1d" />
    <TestEntry testId="3a8f29b0-c569-c05c-8b99-c083a30016e2" executionId="5d660006-ea8b-478d-a7ef-107c86e6573a" testListId="8c84fa94-04c1-424b-9868-57a2d4851a1d" />
    <TestEntry testId="0c0e4ab5-5176-f4a5-bf1f-d2c045971dbc" executionId="4d89088d-a80a-4aa8-8bf1-7fcc4ea031b8" testListId="8c84fa94-04c1-424b-9868-57a2d4851a1d" />
    <TestEntry testId="058dd9d2-98bf-6c9f-1dc7-96997bb10361" executionId="8e67a39b-68a9-49d6-a95a-1ca82e6d121b" testListId="8c84fa94-04c1-424b-9868-57a2d4851a1d" />
    <TestEntry testId="8d7de206-fa89-2ff0-96b5-57adb9d578ae" executionId="acd31407-4ab4-4c9f-b93d-ee1a52169450" testListId="8c84fa94-04c1-424b-9868-57a2d4851a1d" />
    <TestEntry testId="d49d1308-cf85-d05d-e2a1-092e6049e5c3" executionId="5fd039bf-bda6-4892-a99c-bd01d0370e1e" testListId="8c84fa94-04c1-424b-9868-57a2d4851a1d" />
    <TestEntry testId="b2d33bf7-7447-7a52-bc6c-34d109c7f96f" executionId="21520436-2ccd-44f2-a34a-32ecfd49726d" testListId="8c84fa94-04c1-424b-9868-57a2d4851a1d" />
    <TestEntry testId="10a79397-4038-1b86-3755-128c979b615c" executionId="1ba4acef-ed06-411f-a5f8-9a0fff18172f" testListId="8c84fa94-04c1-424b-9868-57a2d4851a1d" />
    <TestEntry testId="e0fd99b0-ec3d-8dcc-ad72-8e231f3ecb31" executionId="b70e75cf-ed01-4576-b8dc-f8e9c3d0587d" testListId="8c84fa94-04c1-424b-9868-57a2d4851a1d" />
    <TestEntry testId="07eecb9d-93f2-63ef-1d0d-46742623a244" executionId="86ff9d34-a992-496e-a1eb-5e1ba3aac925" testListId="8c84fa94-04c1-424b-9868-57a2d4851a1d" />
    <TestEntry testId="416d9385-f8e8-4120-235f-ba9c28bd48db" executionId="5a03759e-7d40-4fb2-b81d-8fb8b72da001" testListId="8c84fa94-04c1-424b-9868-57a2d4851a1d" />
    <TestEntry testId="d622b173-b7af-077b-6fa3-24e127eb3da1" executionId="2c81e9aa-177d-4ffa-9106-d993e0be3c3c" testListId="8c84fa94-04c1-424b-9868-57a2d4851a1d" />
    <TestEntry testId="6030e8e6-e961-4cce-df6d-1db2c7f12830" executionId="a3b6473f-653b-4c63-bb1e-ecbdbde9a62e" testListId="8c84fa94-04c1-424b-9868-57a2d4851a1d" />
    <TestEntry testId="8a4b8049-e7a4-f96a-78c6-a912316e471c" executionId="0d32bf8e-c62b-461c-af4f-2ee75d4b7151" testListId="8c84fa94-04c1-424b-9868-57a2d4851a1d" />
    <TestEntry testId="7761d39a-e9ec-40a6-9d98-a215aa061a3c" executionId="a5fa11d7-6c8b-413a-aaae-11c5414db6d9" testListId="8c84fa94-04c1-424b-9868-57a2d4851a1d" />
    <TestEntry testId="9941717d-2923-d6cb-4685-233faa59a5e3" executionId="c7c67dcc-83cb-4538-912b-b8f7b8e05f93" testListId="8c84fa94-04c1-424b-9868-57a2d4851a1d" />
    <TestEntry testId="2e36a2f2-f991-8e48-5eb8-b7e6a73a6289" executionId="efa3dfd4-d7ff-4bab-bd17-82f41d5a84ba" testListId="8c84fa94-04c1-424b-9868-57a2d4851a1d" />
    <TestEntry testId="e1e1d707-3982-a792-e19f-0dd2a4372335" executionId="a98b8047-2f0f-4a79-ac6f-3a0a131b66f8" testListId="8c84fa94-04c1-424b-9868-57a2d4851a1d" />
    <TestEntry testId="a81608f1-c793-04ba-7a86-8e1987b89e75" executionId="0051de4d-3d82-4e14-a07f-3511700e8956" testListId="8c84fa94-04c1-424b-9868-57a2d4851a1d" />
    <TestEntry testId="40e419ab-61a3-56ce-e3cb-200064fee62a" executionId="fd4e2e5d-9173-420d-be14-09d4d56a0f93" testListId="8c84fa94-04c1-424b-9868-57a2d4851a1d" />
    <TestEntry testId="ce6d6474-878c-6799-43fa-a8a76400d782" executionId="95ae71e4-2536-4741-9a44-47a2059951b0" testListId="8c84fa94-04c1-424b-9868-57a2d4851a1d" />
    <TestEntry testId="121688ca-a8fe-81d5-cd3e-23ec9bf18eea" executionId="b4a44848-0e7b-45d7-b7bb-171c156c19fb" testListId="8c84fa94-04c1-424b-9868-57a2d4851a1d" />
    <TestEntry testId="53e5e663-4b81-bfe7-428b-b0378ff69b1e" executionId="4efc4449-0b09-4c39-8f6c-a57143dc76e7" testListId="8c84fa94-04c1-424b-9868-57a2d4851a1d" />
    <TestEntry testId="e443644c-70b0-8324-b9ac-7c68a4f90c3d" executionId="ae2ff589-e9b7-4873-bffb-36b955f98d38" testListId="8c84fa94-04c1-424b-9868-57a2d4851a1d" />
    <TestEntry testId="06d45dc0-3de8-1f59-9815-d09fac5f9c61" executionId="a6e08731-4b75-4517-8f4f-f9fed8984da6" testListId="8c84fa94-04c1-424b-9868-57a2d4851a1d" />
    <TestEntry testId="4d5137b6-cb5e-d304-8e4f-4f3a5c8445d8" executionId="1e9e115a-571f-4cbb-86a9-97682a4cd0cc" testListId="8c84fa94-04c1-424b-9868-57a2d4851a1d" />
    <TestEntry testId="5d3a5141-17ab-9ea4-b369-c4e3022ea7a6" executionId="2ffd238c-bf29-4ea6-b640-9b1320881abd" testListId="8c84fa94-04c1-424b-9868-57a2d4851a1d" />
    <TestEntry testId="27010487-e5bf-7c7a-fd65-222df5c7ea27" executionId="c85a0e5d-a5c9-4f61-af56-a0a234b3fc72" testListId="8c84fa94-04c1-424b-9868-57a2d4851a1d" />
    <TestEntry testId="41d60b09-0001-38fb-d869-b2c3786af553" executionId="99c8d666-c1d0-49ec-a4be-0ab71fb7be4f" testListId="8c84fa94-04c1-424b-9868-57a2d4851a1d" />
    <TestEntry testId="1c29814d-fa8d-bc0e-d6fe-f0b1bfe60d43" executionId="f9f7709d-6d9c-41ad-b20d-4e2712638278" testListId="8c84fa94-04c1-424b-9868-57a2d4851a1d" />
    <TestEntry testId="39637912-921e-f341-fea5-25e6e7244aca" executionId="5cb4ca5a-802c-4e88-b36a-5e74f3ee5ddb" testListId="8c84fa94-04c1-424b-9868-57a2d4851a1d" />
    <TestEntry testId="c7898c62-4766-cdb0-bd1a-03f60493b734" executionId="89e28483-347c-4879-ae04-41295d83ad53" testListId="8c84fa94-04c1-424b-9868-57a2d4851a1d" />
    <TestEntry testId="31cf4c53-e942-bfff-7e69-3308d3151e4e" executionId="f09ec2e1-7d4e-413b-80ae-675a02f8aa37" testListId="8c84fa94-04c1-424b-9868-57a2d4851a1d" />
    <TestEntry testId="7eb29d93-9c23-6a54-9e54-2557999d8ae2" executionId="0a7fb04c-e850-401a-bcf2-ac9f079945af" testListId="8c84fa94-04c1-424b-9868-57a2d4851a1d" />
    <TestEntry testId="e60c9c4f-9db9-b3c3-f664-dde83e7b3fb6" executionId="d7f8b809-175a-4699-923e-7a1cf17c8ce1" testListId="8c84fa94-04c1-424b-9868-57a2d4851a1d" />
  </TestEntries>
  <TestLists>
    <TestList name="Results Not in a List" id="8c84fa94-04c1-424b-9868-57a2d4851a1d" />
    <TestList name="All Loaded Results" id="19431567-8539-422a-85d7-44ee4e166bda" />
  </TestLists>
  <ResultSummary outcome="Completed">
    <Counters total="40" executed="40" passed="40" failed="0" error="0" timeout="0" aborted="0" inconclusive="0" passedButRunAborted="0" notRunnable="0" notExecuted="0" disconnected="0" warning="0" completed="0" inProgress="0" pending="0" />
    <Output>
      <StdOut>[xUnit.net 00:00:00.00] xUnit.net VSTest Adapter v3.1.5+1b188a7b0a (64-bit .NET 8.0.25)&#xD;
[xUnit.net 00:00:00.09]   Discovering: FluentAssertions.Mockly.v7.Specs&#xD;
[xUnit.net 00:00:00.12]   Discovered:  FluentAssertions.Mockly.v7.Specs&#xD;
[xUnit.net 00:00:00.14]   Starting:    FluentAssertions.Mockly.v7.Specs&#xD;
[xUnit.net 00:00:00.31]   Finished:    FluentAssertions.Mockly.v7.Specs&#xD;
</StdOut>
    </Output>
    <CollectorDataEntries>
      <Collector agentName="CARBON" uri="datacollector://microsoft/CoverletCodeCoverage/1.0" collectorDisplayName="XPlat code coverage">
        <UriAttachments>
          <UriAttachment>
            <A href="CARBON\coverage.cobertura.xml"></A>
          </UriAttachment>
        </UriAttachments>
      </Collector>
    </CollectorDataEntries>
  </ResultSummary>
</TestRun>