<?xml version="1.0" encoding="utf-8"?>
<TestRun id="5bc87178-2545-4e90-9f55-00288f8d3f84" name="denni@CARBON 2026-03-23 22:41:20" runUser="CARBON\denni" xmlns="http://microsoft.com/schemas/VisualStudio/TeamTest/2010">
  <Times creation="2026-03-23T22:41:20.8965828-07:00" queuing="2026-03-23T22:41:20.8965833-07:00" start="2026-03-23T22:41:19.6268905-07:00" finish="2026-03-23T22:41:20.9004774-07:00" />
  <TestSettings name="default" id="4fa78ab2-7f6e-4b8d-be3d-cef74367ac2c">
    <Deployment runDeploymentRoot="denni_CARBON_2026-03-23_22_41_20" />
  </TestSettings>
  <Results>
    <UnitTestResult executionId="416e3cc4-71d5-4e27-a079-6fd5d9379a6f" testId="53cf2293-4e5c-6a4a-806b-360d7655950f" testName="FluentAssertions.Mockly.ApiVerificationTests.ApiApproval.ApproveApi_FluentAssertions_v7(framework: &quot;net8.0&quot;)" computerName="CARBON" duration="00:00:00.0222058" startTime="2026-03-23T22:41:20.7782257-07:00" endTime="2026-03-23T22:41:20.8004962-07:00" testType="13cdc9d9-ddb5-4fa4-a97d-d965ccfc6d4b" outcome="Passed" testListId="8c84fa94-04c1-424b-9868-57a2d4851a1d" relativeResultsDirectory="416e3cc4-71d5-4e27-a079-6fd5d9379a6f" />
    <UnitTestResult executionId="f7d8c6e2-6aa0-4373-b288-94c1f48ff95d" testId="a1ff0552-15f9-3bf5-fe5d-3e36e3ee9489" testName="FluentAssertions.Mockly.ApiVerificationTests.ApiApproval.ApproveApi_FluentAssertions_v7(framework: &quot;net472&quot;)" computerName="CARBON" duration="00:00:00.0371413" startTime="2026-03-23T22:41:20.7405022-07:00" endTime="2026-03-23T22:41:20.7780099-07:00" testType="13cdc9d9-ddb5-4fa4-a97d-d965ccfc6d4b" outcome="Passed" testListId="8c84fa94-04c1-424b-9868-57a2d4851a1d" relativeResultsDirectory="f7d8c6e2-6aa0-4373-b288-94c1f48ff95d" />
    <UnitTestResult executionId="72d095b7-727e-4361-bd00-92758d8b518e" testId="e339fd6f-cf16-f4b7-ac20-d2ab7630943e" testName="FluentAssertions.Mockly.ApiVerificationTests.ApiApproval.ApproveApi_FluentAssertions_v8(framework: &quot;net8.0&quot;)" computerName="CARBON" duration="00:00:00.0282584" startTime="2026-03-23T22:41:20.7173784-07:00" endTime="2026-03-23T22:41:20.7395498-07:00" testType="13cdc9d9-ddb5-4fa4-a97d-d965ccfc6d4b" outcome="Passed" testListId="8c84fa94-04c1-424b-9868-57a2d4851a1d" relativeResultsDirectory="72d095b7-727e-4361-bd00-92758d8b518e" />
    <UnitTestResult executionId="8401ec83-7c6b-4b3a-9da8-c96c83d4c995" testId="455ee931-759b-fbf9-4e51-604551024570" testName="FluentAssertions.Mockly.ApiVerificationTests.ApiApproval.ApproveApi_FluentAssertions_v8(framework: &quot;net472&quot;)" computerName="CARBON" duration="00:00:00.1899662" startTime="2026-03-23T22:41:20.5160017-07:00" endTime="2026-03-23T22:41:20.7104516-07:00" testType="13cdc9d9-ddb5-4fa4-a97d-d965ccfc6d4b" outcome="Passed" testListId="8c84fa94-04c1-424b-9868-57a2d4851a1d" relativeResultsDirectory="8401ec83-7c6b-4b3a-9da8-c96c83d4c995" />
  </Results>
  <TestDefinitions>
    <UnitTest name="FluentAssertions.Mockly.ApiVerificationTests.ApiApproval.ApproveApi_FluentAssertions_v7(framework: &quot;net8.0&quot;)" storage="c:\workspaces\fluentassertions.mockly\fluentassertions.mockly.apiverificationtests\bin\debug\net8.0\fluentassertions.mockly.apiverificationtests.dll" id="53cf2293-4e5c-6a4a-806b-360d7655950f">
      <Execution id="416e3cc4-71d5-4e27-a079-6fd5d9379a6f" />
      <TestMethod codeBase="C:\Workspaces\fluentassertions.mockly\FluentAssertions.Mockly.ApiVerificationTests\bin\Debug\net8.0\FluentAssertions.Mockly.ApiVerificationTests.dll" adapterTypeName="executor://xunit/VsTestRunner3/netcore/" className="FluentAssertions.Mockly.ApiVerificationTests.ApiApproval" name="ApproveApi_FluentAssertions_v7" />
    </UnitTest>
    <UnitTest name="FluentAssertions.Mockly.ApiVerificationTests.ApiApproval.ApproveApi_FluentAssertions_v8(framework: &quot;net472&quot;)" storage="c:\workspaces\fluentassertions.mockly\fluentassertions.mockly.apiverificationtests\bin\debug\net8.0\fluentassertions.mockly.apiverificationtests.dll" id="455ee931-759b-fbf9-4e51-604551024570">
      <Execution id="8401ec83-7c6b-4b3a-9da8-c96c83d4c995" />
      <TestMethod codeBase="C:\Workspaces\fluentassertions.mockly\FluentAssertions.Mockly.ApiVerificationTests\bin\Debug\net8.0\FluentAssertions.Mockly.ApiVerificationTests.dll" adapterTypeName="executor://xunit/VsTestRunner3/netcore/" className="FluentAssertions.Mockly.ApiVerificationTests.ApiApproval" name="ApproveApi_FluentAssertions_v8" />
    </UnitTest>
    <UnitTest name="FluentAssertions.Mockly.ApiVerificationTests.ApiApproval.ApproveApi_FluentAssertions_v8(framework: &quot;net8.0&quot;)" storage="c:\workspaces\fluentassertions.mockly\fluentassertions.mockly.apiverificationtests\bin\debug\net8.0\fluentassertions.mockly.apiverificationtests.dll" id="e339fd6f-cf16-f4b7-ac20-d2ab7630943e">
      <Execution id="72d095b7-727e-4361-bd00-92758d8b518e" />
      <TestMethod codeBase="C:\Workspaces\fluentassertions.mockly\FluentAssertions.Mockly.ApiVerificationTests\bin\Debug\net8.0\FluentAssertions.Mockly.ApiVerificationTests.dll" adapterTypeName="executor://xunit/VsTestRunner3/netcore/" className="FluentAssertions.Mockly.ApiVerificationTests.ApiApproval" name="ApproveApi_FluentAssertions_v8" />
    </UnitTest>
    <UnitTest name="FluentAssertions.Mockly.ApiVerificationTests.ApiApproval.ApproveApi_FluentAssertions_v7(framework: &quot;net472&quot;)" storage="c:\workspaces\fluentassertions.mockly\fluentassertions.mockly.apiverificationtests\bin\debug\net8.0\fluentassertions.mockly.apiverificationtests.dll" id="a1ff0552-15f9-3bf5-fe5d-3e36e3ee9489">
      <Execution id="f7d8c6e2-6aa0-4373-b288-94c1f48ff95d" />
      <TestMethod codeBase="C:\Workspaces\fluentassertions.mockly\FluentAssertions.Mockly.ApiVerificationTests\bin\Debug\net8.0\FluentAssertions.Mockly.ApiVerificationTests.dll" adapterTypeName="executor://xunit/VsTestRunner3/netcore/" className="FluentAssertions.Mockly.ApiVerificationTests.ApiApproval" name="ApproveApi_FluentAssertions_v7" />
    </UnitTest>
  </TestDefinitions>
  <TestEntries>
    <TestEntry testId="53cf2293-4e5c-6a4a-806b-360d7655950f" executionId="416e3cc4-71d5-4e27-a079-6fd5d9379a6f" testListId="8c84fa94-04c1-424b-9868-57a2d4851a1d" />
    <TestEntry testId="a1ff0552-15f9-3bf5-fe5d-3e36e3ee9489" executionId="f7d8c6e2-6aa0-4373-b288-94c1f48ff95d" testListId="8c84fa94-04c1-424b-9868-57a2d4851a1d" />
    <TestEntry testId="e339fd6f-cf16-f4b7-ac20-d2ab7630943e" executionId="72d095b7-727e-4361-bd00-92758d8b518e" testListId="8c84fa94-04c1-424b-9868-57a2d4851a1d" />
    <TestEntry testId="455ee931-759b-fbf9-4e51-604551024570" executionId="8401ec83-7c6b-4b3a-9da8-c96c83d4c995" testListId="8c84fa94-04c1-424b-9868-57a2d4851a1d" />
  </TestEntries>
  <TestLists>
    <TestList name="Results Not in a List" id="8c84fa94-04c1-424b-9868-57a2d4851a1d" />
    <TestList name="All Loaded Results" id="19431567-8539-422a-85d7-44ee4e166bda" />
  </TestLists>
  <ResultSummary outcome="Completed">
    <Counters total="4" executed="4" passed="4" failed="0" error="0" timeout="0" aborted="0" inconclusive="0" passedButRunAborted="0" notRunnable="0" notExecuted="0" disconnected="0" warning="0" completed="0" inProgress="0" pending="0" />
    <Output>
      <StdOut>[xUnit.net 00:00:00.00] xUnit.net VSTest Adapter v3.1.5+1b188a7b0a (64-bit .NET 8.0.25)&#xD;
[xUnit.net 00:00:00.08]   Discovering: FluentAssertions.Mockly.ApiVerificationTests&#xD;
[xUnit.net 00:00:00.15]   Discovered:  FluentAssertions.Mockly.ApiVerificationTests&#xD;
[xUnit.net 00:00:00.17]   Starting:    FluentAssertions.Mockly.ApiVerificationTests&#xD;
[xUnit.net 00:00:00.48]   Finished:    FluentAssertions.Mockly.ApiVerificationTests&#xD;
</StdOut>
    </Output>
  </ResultSummary>
</TestRun>