<?xml version="1.0" encoding="utf-8"?>
<TestRun id="29df1c31-58a8-4122-b5a6-008c25660e14" name="denni@CARBON 2026-03-23 22:41:08" runUser="CARBON\denni" xmlns="http://microsoft.com/schemas/VisualStudio/TeamTest/2010">
  <Times creation="2026-03-23T22:41:08.7446258-07:00" queuing="2026-03-23T22:41:08.7446262-07:00" start="2026-03-23T22:41:07.0497937-07:00" finish="2026-03-23T22:41:09.0342038-07:00" />
  <TestSettings name="default" id="6286b5cd-8a73-4dbb-a13e-f563cc1a138c">
    <Deployment runDeploymentRoot="denni_CARBON_2026-03-23_22_41_08" />
  </TestSettings>
  <Results>
    <UnitTestResult executionId="d681da08-2a0a-4299-b87e-492edfff89a1" testId="a0cb4bcd-adca-631c-37fa-c4da5a5c7e50" testName="Mockly.Specs.AssertionSpecs+WithBodyHavingPropertiesOf.Matches_body_having_properties_of_dictionary" computerName="CARBON" duration="00:00:00.0023136" startTime="2026-03-23T22:41:08.7515472-07:00" endTime="2026-03-23T22:41:08.7515884-07:00" testType="13cdc9d9-ddb5-4fa4-a97d-d965ccfc6d4b" outcome="Passed" testListId="8c84fa94-04c1-424b-9868-57a2d4851a1d" relativeResultsDirectory="d681da08-2a0a-4299-b87e-492edfff89a1" />
    <UnitTestResult executionId="fd060819-ac8e-4632-9b8a-112d9bedf781" testId="49242594-7154-365b-fdf6-1b5738bb25c9" testName="Mockly.Specs.AssertionSpecs+WithBodyHavingPropertiesEqualTo.Fails_when_body_has_extra_properties" computerName="CARBON" duration="00:00:00.0074633" startTime="2026-03-23T22:41:08.7498513-07:00" endTime="2026-03-23T22:41:08.7523836-07:00" testType="13cdc9d9-ddb5-4fa4-a97d-d965ccfc6d4b" outcome="Passed" testListId="8c84fa94-04c1-424b-9868-57a2d4851a1d" relativeResultsDirectory="fd060819-ac8e-4632-9b8a-112d9bedf781" />
    <UnitTestResult executionId="993a9184-ebf0-4a68-a231-b48d78f293ab" testId="e5b775e4-445b-56d4-418c-516013c3a6fb" testName="Mockly.Specs.AssertionSpecs+ContainRequestFor.Fails_when_the_expected_request_is_missing" computerName="CARBON" duration="00:00:00.0395009" startTime="2026-03-23T22:41:08.7269188-07:00" endTime="2026-03-23T22:41:08.7413903-07:00" testType="13cdc9d9-ddb5-4fa4-a97d-d965ccfc6d4b" outcome="Passed" testListId="8c84fa94-04c1-424b-9868-57a2d4851a1d" relativeResultsDirectory="993a9184-ebf0-4a68-a231-b48d78f293ab" />
    <UnitTestResult executionId="3feeed47-02d9-46fb-a859-f4b072917136" testId="2f85a2d8-0bf2-0d51-62d8-3820d1db4dc6" testName="Mockly.Specs.AssertionSpecs+WithBodyMatchingJson.Fails_when_body_json_does_not_match" computerName="CARBON" duration="00:00:00.0086956" startTime="2026-03-23T22:41:08.7440946-07:00" endTime="2026-03-23T22:41:08.7493409-07:00" testType="13cdc9d9-ddb5-4fa4-a97d-d965ccfc6d4b" outcome="Passed" testListId="8c84fa94-04c1-424b-9868-57a2d4851a1d" relativeResultsDirectory="3feeed47-02d9-46fb-a859-f4b072917136" />
    <UnitTestResult executionId="6a28015c-447b-497d-9057-09d000514878" testId="96410b5d-6107-2ec9-af69-84c034dc54c9" testName="Mockly.Specs.AssertionSpecs+WithBodyHavingPropertiesOf.Can_handle_different_json_types" computerName="CARBON" duration="00:00:00.0144002" startTime="2026-03-23T22:41:08.7408385-07:00" endTime="2026-03-23T22:41:08.7441240-07:00" testType="13cdc9d9-ddb5-4fa4-a97d-d965ccfc6d4b" outcome="Passed" testListId="8c84fa94-04c1-424b-9868-57a2d4851a1d" relativeResultsDirectory="6a28015c-447b-497d-9057-09d000514878" />
    <UnitTestResult executionId="149a68cf-e180-4d5c-a9f8-8e8e7b148444" testId="b766d2a8-0ce7-72eb-83b9-c0acf4c56685" testName="Mockly.Specs.AssertionSpecs+WithBodyEquivalentTo.Fails_when_body_is_not_equivalent_to_anonymous_object" computerName="CARBON" duration="00:00:00.0046746" startTime="2026-03-23T22:41:08.7546263-07:00" endTime="2026-03-23T22:41:08.7550975-07:00" testType="13cdc9d9-ddb5-4fa4-a97d-d965ccfc6d4b" outcome="Passed" testListId="8c84fa94-04c1-424b-9868-57a2d4851a1d" relativeResultsDirectory="149a68cf-e180-4d5c-a9f8-8e8e7b148444" />
    <UnitTestResult executionId="e101747b-3f88-4875-892f-f403443d8cb6" testId="e08b44a3-4c2d-2ff8-b4eb-b583810d4311" testName="Mockly.Specs.AssertionSpecs+WithBodyMatchingJson.Fails_when_request_body_is_not_valid_json" computerName="CARBON" duration="00:00:00.0330533" startTime="2026-03-23T22:41:08.7371650-07:00" endTime="2026-03-23T22:41:08.7417081-07:00" testType="13cdc9d9-ddb5-4fa4-a97d-d965ccfc6d4b" outcome="Passed" testListId="8c84fa94-04c1-424b-9868-57a2d4851a1d" relativeResultsDirectory="e101747b-3f88-4875-892f-f403443d8cb6" />
    <UnitTestResult executionId="607f5637-c710-4461-8eff-8bd51e042dc1" testId="a304bfa8-4a4a-8463-1e5c-8077db461394" testName="Mockly.Specs.AssertionSpecs+WithBodyMatchingJson.Can_match_against_multiple_requests" computerName="CARBON" duration="00:00:00.0011324" startTime="2026-03-23T22:41:08.7364189-07:00" endTime="2026-03-23T22:41:08.7364975-07:00" testType="13cdc9d9-ddb5-4fa4-a97d-d965ccfc6d4b" outcome="Passed" testListId="8c84fa94-04c1-424b-9868-57a2d4851a1d" relativeResultsDirectory="607f5637-c710-4461-8eff-8bd51e042dc1" />
    <UnitTestResult executionId="ccac72ec-35df-43f1-a53f-85e712bc67e6" testId="3490e178-8ec3-118c-3baf-c36faa77367f" testName="Mockly.Specs.AssertionSpecs+ContainRequest.Fails_when_no_requests_are_captured" computerName="CARBON" duration="00:00:00.0396996" startTime="2026-03-23T22:41:08.7158035-07:00" endTime="2026-03-23T22:41:08.7428715-07:00" testType="13cdc9d9-ddb5-4fa4-a97d-d965ccfc6d4b" outcome="Passed" testListId="8c84fa94-04c1-424b-9868-57a2d4851a1d" relativeResultsDirectory="ccac72ec-35df-43f1-a53f-85e712bc67e6" />
    <UnitTestResult executionId="b63cbc55-565b-4bb9-8886-aef1264776b7" testId="d3a92519-d0ca-4524-aa02-9676025ef898" testName="Mockly.Specs.AssertionSpecs+WithBodyHavingPropertiesOf.Ignores_extra_properties_in_body" computerName="CARBON" duration="00:00:00.0033579" startTime="2026-03-23T22:41:08.7530557-07:00" endTime="2026-03-23T22:41:08.7531867-07:00" testType="13cdc9d9-ddb5-4fa4-a97d-d965ccfc6d4b" outcome="Passed" testListId="8c84fa94-04c1-424b-9868-57a2d4851a1d" relativeResultsDirectory="b63cbc55-565b-4bb9-8886-aef1264776b7" />
    <UnitTestResult executionId="ec588601-856e-41c1-9df6-33acb0ac08e7" testId="df0a070e-fa3f-1f8b-da20-09a79e0a9c5c" testName="Mockly.Specs.AssertionSpecs+WithBodyHavingPropertiesOf.Fails_when_none_of_the_requests_have_the_expected_property_and_value" computerName="CARBON" duration="00:00:00.0097424" startTime="2026-03-23T22:41:08.7444873-07:00" endTime="2026-03-23T22:41:08.7500884-07:00" testType="13cdc9d9-ddb5-4fa4-a97d-d965ccfc6d4b" outcome="Passed" testListId="8c84fa94-04c1-424b-9868-57a2d4851a1d" relativeResultsDirectory="ec588601-856e-41c1-9df6-33acb0ac08e7" />
    <UnitTestResult executionId="7547179d-6cd2-4b9a-9734-53f94b3cd479" testId="6f3ad537-e3ba-f8e1-f514-b2439bc7da1f" testName="Mockly.Specs.AssertionSpecs+WithBodyHavingPropertiesEqualTo.Matches_body_having_properties_equal_to_dictionary" computerName="CARBON" duration="00:00:00.0008022" startTime="2026-03-23T22:41:08.7489480-07:00" endTime="2026-03-23T22:41:08.7495309-07:00" testType="13cdc9d9-ddb5-4fa4-a97d-d965ccfc6d4b" outcome="Passed" testListId="8c84fa94-04c1-424b-9868-57a2d4851a1d" relativeResultsDirectory="7547179d-6cd2-4b9a-9734-53f94b3cd479" />
    <UnitTestResult executionId="5ad7a239-fc4f-4a17-bdca-b2fee61fb344" testId="2a2763dd-2f0c-997c-f13d-6b72886bbd3d" testName="Mockly.Specs.AssertionSpecs+CapturedRequestAssertions.Can_assert_captured_request_is_unexpected" computerName="CARBON" duration="00:00:00.0011425" startTime="2026-03-23T22:41:08.7158317-07:00" endTime="2026-03-23T22:41:08.7355106-07:00" testType="13cdc9d9-ddb5-4fa4-a97d-d965ccfc6d4b" outcome="Passed" testListId="8c84fa94-04c1-424b-9868-57a2d4851a1d" relativeResultsDirectory="5ad7a239-fc4f-4a17-bdca-b2fee61fb344" />
    <UnitTestResult executionId="d435389f-b9ea-49aa-b003-d4c5d735a21b" testId="d02425a2-f0a0-250e-0a9b-3608d6329f1b" testName="Mockly.Specs.AssertionSpecs+CapturedRequestAssertions.Will_throw_when_captured_request_is_not_expected" computerName="CARBON" duration="00:00:00.0384746" startTime="2026-03-23T22:41:08.7360430-07:00" endTime="2026-03-23T22:41:08.7421745-07:00" testType="13cdc9d9-ddb5-4fa4-a97d-d965ccfc6d4b" outcome="Passed" testListId="8c84fa94-04c1-424b-9868-57a2d4851a1d" relativeResultsDirectory="d435389f-b9ea-49aa-b003-d4c5d735a21b" />
    <UnitTestResult executionId="5bf01cc4-cc33-4a8e-92a0-5ccf797a6872" testId="a1b54033-0010-d20c-30f7-81b0abb84e61" testName="Mockly.Specs.AssertionSpecs+WithBodyMatchingJson.Matches_body_equivalent_json" computerName="CARBON" duration="00:00:00.0422537" startTime="2026-03-23T22:41:08.6906552-07:00" endTime="2026-03-23T22:41:08.7360813-07:00" testType="13cdc9d9-ddb5-4fa4-a97d-d965ccfc6d4b" outcome="Passed" testListId="8c84fa94-04c1-424b-9868-57a2d4851a1d" relativeResultsDirectory="5bf01cc4-cc33-4a8e-92a0-5ccf797a6872" />
    <UnitTestResult executionId="1909f986-6d0d-4987-a0bb-19f754fec913" testId="6332543a-8d41-7908-d8fa-9d7840a877b1" testName="Mockly.Specs.AssertionSpecs+ContainRequestFor.Finds_request_for_absolute_uri" computerName="CARBON" duration="00:00:00.0007538" startTime="2026-03-23T22:41:08.7459619-07:00" endTime="2026-03-23T22:41:08.7490102-07:00" testType="13cdc9d9-ddb5-4fa4-a97d-d965ccfc6d4b" outcome="Passed" testListId="8c84fa94-04c1-424b-9868-57a2d4851a1d" relativeResultsDirectory="1909f986-6d0d-4987-a0bb-19f754fec913" />
    <UnitTestResult executionId="9f43d0cd-621e-49a9-bce0-c39eeeaf7002" testId="c75db11d-1805-57e2-5dc2-7e2968fb19df" testName="Mockly.Specs.AssertionSpecs+WithBodyEquivalentTo.Matches_body_equivalent_to_anonymous_object" computerName="CARBON" duration="00:00:00.0989806" startTime="2026-03-23T22:41:08.6908337-07:00" endTime="2026-03-23T22:41:08.7540053-07:00" testType="13cdc9d9-ddb5-4fa4-a97d-d965ccfc6d4b" outcome="Passed" testListId="8c84fa94-04c1-424b-9868-57a2d4851a1d" relativeResultsDirectory="9f43d0cd-621e-49a9-bce0-c39eeeaf7002" />
    <UnitTestResult executionId="3a2ab85b-af1a-4969-9d5a-68e8a6765d51" testId="0821e449-e7df-2259-8465-198e79f4652f" testName="Mockly.Specs.AssertionSpecs+Chaining.Works_for_contained_request_assertions" computerName="CARBON" duration="00:00:00.0582069" startTime="2026-03-23T22:41:08.6904559-07:00" endTime="2026-03-23T22:41:08.7372040-07:00" testType="13cdc9d9-ddb5-4fa4-a97d-d965ccfc6d4b" outcome="Passed" testListId="8c84fa94-04c1-424b-9868-57a2d4851a1d" relativeResultsDirectory="3a2ab85b-af1a-4969-9d5a-68e8a6765d51" />
    <UnitTestResult executionId="6eba5ce7-d9ea-43ce-b630-0611a28545ef" testId="f306f6da-98ca-1644-037f-341955b86786" testName="Mockly.Specs.AssertionSpecs+WithBodyHavingPropertiesOf.Fails_when_body_does_not_have_the_expected_property_and_value" computerName="CARBON" duration="00:00:00.0028698" startTime="2026-03-23T22:41:08.7539276-07:00" endTime="2026-03-23T22:41:08.7546948-07:00" testType="13cdc9d9-ddb5-4fa4-a97d-d965ccfc6d4b" outcome="Passed" testListId="8c84fa94-04c1-424b-9868-57a2d4851a1d" relativeResultsDirectory="6eba5ce7-d9ea-43ce-b630-0611a28545ef" />
    <UnitTestResult executionId="73dda3d0-2cf2-4a83-ab9d-540f3548a135" testId="d141b958-c450-a26e-049b-f025581e2bd7" testName="Mockly.Specs.AssertionSpecs+RequestCollectionSpecs.Will_throw_when_request_collection_is_empty" computerName="CARBON" duration="00:00:00.0394878" startTime="2026-03-23T22:41:08.7270239-07:00" endTime="2026-03-23T22:41:08.7413668-07:00" testType="13cdc9d9-ddb5-4fa4-a97d-d965ccfc6d4b" outcome="Passed" testListId="8c84fa94-04c1-424b-9868-57a2d4851a1d" relativeResultsDirectory="73dda3d0-2cf2-4a83-ab9d-540f3548a135" />
    <UnitTestResult executionId="1a5a413c-d733-4e3a-a1b7-7dba2c084f78" testId="e9af2a97-08c1-7b5e-5169-499692b8f6e8" testName="Mockly.Specs.AssertionSpecs+WithBody.Can_match_multiple_requests" computerName="CARBON" duration="00:00:00.0367681" startTime="2026-03-23T22:41:08.6908626-07:00" endTime="2026-03-23T22:41:08.7144223-07:00" testType="13cdc9d9-ddb5-4fa4-a97d-d965ccfc6d4b" outcome="Passed" testListId="8c84fa94-04c1-424b-9868-57a2d4851a1d" relativeResultsDirectory="1a5a413c-d733-4e3a-a1b7-7dba2c084f78" />
    <UnitTestResult executionId="f45ede7d-83a7-49a1-b742-9a86dad8db94" testId="2657be9f-f5d4-26cc-4e90-1cdfa01c56bf" testName="Mockly.Specs.AssertionSpecs+CapturedRequestAssertions.Can_assert_captured_request_is_expected" computerName="CARBON" duration="00:00:00.0331684" startTime="2026-03-23T22:41:08.6906246-07:00" endTime="2026-03-23T22:41:08.6968905-07:00" testType="13cdc9d9-ddb5-4fa4-a97d-d965ccfc6d4b" outcome="Passed" testListId="8c84fa94-04c1-424b-9868-57a2d4851a1d" relativeResultsDirectory="f45ede7d-83a7-49a1-b742-9a86dad8db94" />
    <UnitTestResult executionId="dfb6c3db-2742-44f6-822c-6143c6257b6d" testId="28dac46e-f22e-2ed6-d11a-a36aa60af2c2" testName="Mockly.Specs.AssertionSpecs+RequestCollectionSpecs.Can_assert_request_collection_is_not_empty" computerName="CARBON" duration="00:00:00.0064782" startTime="2026-03-23T22:41:08.7440074-07:00" endTime="2026-03-23T22:41:08.7446841-07:00" testType="13cdc9d9-ddb5-4fa4-a97d-d965ccfc6d4b" outcome="Passed" testListId="8c84fa94-04c1-424b-9868-57a2d4851a1d" relativeResultsDirectory="dfb6c3db-2742-44f6-822c-6143c6257b6d" />
    <UnitTestResult executionId="ef187d78-2cfd-4f85-8180-5e0ae3debfa2" testId="6c2f60ff-62d6-040f-6ed3-e0224def5c2f" testName="Mockly.Specs.AssertionSpecs+HttpMockSpecs.Can_assert_all_mocks_have_been_invoked" computerName="CARBON" duration="00:00:00.0071024" startTime="2026-03-23T22:41:08.7413282-07:00" endTime="2026-03-23T22:41:08.7445195-07:00" testType="13cdc9d9-ddb5-4fa4-a97d-d965ccfc6d4b" outcome="Passed" testListId="8c84fa94-04c1-424b-9868-57a2d4851a1d" relativeResultsDirectory="ef187d78-2cfd-4f85-8180-5e0ae3debfa2" />
    <UnitTestResult executionId="0d2d96ae-5178-4c17-b0af-aa6636e25d24" testId="799d1f7f-c489-5da7-4249-4d935bed10c5" testName="Mockly.Specs.AssertionSpecs+WithBodyHavingPropertiesOf.Fails_when_body_is_not_json_object" computerName="CARBON" duration="00:00:00.0624030" startTime="2026-03-23T22:41:08.6907132-07:00" endTime="2026-03-23T22:41:08.7402315-07:00" testType="13cdc9d9-ddb5-4fa4-a97d-d965ccfc6d4b" outcome="Passed" testListId="8c84fa94-04c1-424b-9868-57a2d4851a1d" relativeResultsDirectory="0d2d96ae-5178-4c17-b0af-aa6636e25d24" />
    <UnitTestResult executionId="058195e6-0602-478b-bd91-cf9f49bca37e" testId="19113e6f-005c-9556-ef22-0bd4b514bb95" testName="Mockly.Specs.AssertionSpecs+WithBodyHavingPropertiesOf.Fails_when_body_does_not_have_expected_properties" computerName="CARBON" duration="00:00:00.0023159" startTime="2026-03-23T22:41:08.7523517-07:00" endTime="2026-03-23T22:41:08.7526305-07:00" testType="13cdc9d9-ddb5-4fa4-a97d-d965ccfc6d4b" outcome="Passed" testListId="8c84fa94-04c1-424b-9868-57a2d4851a1d" relativeResultsDirectory="058195e6-0602-478b-bd91-cf9f49bca37e" />
    <UnitTestResult executionId="c53bde32-45a0-4c02-b462-a120fa064c8b" testId="e54ff9db-9a0b-b619-149f-f1f53ae7acc5" testName="Mockly.Specs.AssertionSpecs+WithBodyHavingPropertiesOf.Matches_body_having_property_when_request_has_properties_with_null_values" computerName="CARBON" duration="00:00:00.0006558" startTime="2026-03-23T22:41:08.7505251-07:00" endTime="2026-03-23T22:41:08.7505739-07:00" testType="13cdc9d9-ddb5-4fa4-a97d-d965ccfc6d4b" outcome="Passed" testListId="8c84fa94-04c1-424b-9868-57a2d4851a1d" relativeResultsDirectory="c53bde32-45a0-4c02-b462-a120fa064c8b" />
    <UnitTestResult executionId="c94c7ad8-4bbe-48eb-9126-ab33492bef16" testId="e712049d-388f-226c-7491-89c72bf41e63" testName="Mockly.Specs.AssertionSpecs+RequestCollectionSpecs.Can_assert_no_unexpected_calls" computerName="CARBON" duration="00:00:00.0332601" startTime="2026-03-23T22:41:08.6908040-07:00" endTime="2026-03-23T22:41:08.6970749-07:00" testType="13cdc9d9-ddb5-4fa4-a97d-d965ccfc6d4b" outcome="Passed" testListId="8c84fa94-04c1-424b-9868-57a2d4851a1d" relativeResultsDirectory="c94c7ad8-4bbe-48eb-9126-ab33492bef16" />
    <UnitTestResult executionId="79710094-543f-499c-85f2-ae61da84ceec" testId="5cfb5b39-dc25-594d-5908-4b0966ef20aa" testName="Mockly.Specs.AssertionSpecs+ContainRequestFor.Finds_request_for_relative_path" computerName="CARBON" duration="00:00:00.0354007" startTime="2026-03-23T22:41:08.6907737-07:00" endTime="2026-03-23T22:41:08.6924039-07:00" testType="13cdc9d9-ddb5-4fa4-a97d-d965ccfc6d4b" outcome="Passed" testListId="8c84fa94-04c1-424b-9868-57a2d4851a1d" relativeResultsDirectory="79710094-543f-499c-85f2-ae61da84ceec" />
    <UnitTestResult executionId="fd562483-3b4f-4b1a-9915-5f49c8edb76d" testId="9d4d18e8-2c02-aee3-8a8e-0b1b7c3d069e" testName="Mockly.Specs.AssertionSpecs+HttpMockSpecs.Will_throw_when_not_all_mocks_have_been_invoked" computerName="CARBON" duration="00:00:00.0760998" startTime="2026-03-23T22:41:08.6887999-07:00" endTime="2026-03-23T22:41:08.7408848-07:00" testType="13cdc9d9-ddb5-4fa4-a97d-d965ccfc6d4b" outcome="Passed" testListId="8c84fa94-04c1-424b-9868-57a2d4851a1d" relativeResultsDirectory="fd562483-3b4f-4b1a-9915-5f49c8edb76d" />
    <UnitTestResult executionId="75b3c5e6-c812-42c5-83b4-93454e784cd2" testId="be6b9c62-0d3f-587e-0f65-1fca6bde83cc" testName="Mockly.Specs.AssertionSpecs+WithBody.Matches_body_with_wildcard_pattern" computerName="CARBON" duration="00:00:00.0007433" startTime="2026-03-23T22:41:08.7269919-07:00" endTime="2026-03-23T22:41:08.7275642-07:00" testType="13cdc9d9-ddb5-4fa4-a97d-d965ccfc6d4b" outcome="Passed" testListId="8c84fa94-04c1-424b-9868-57a2d4851a1d" relativeResultsDirectory="75b3c5e6-c812-42c5-83b4-93454e784cd2" />
    <UnitTestResult executionId="2bf1da13-5d44-43b6-8bd4-9694f3bb8970" testId="bffa210c-80cb-46a2-23ec-697542fc7b8e" testName="Mockly.Specs.AssertionSpecs+ContainRequest.Can_ensure_a_request_was_captured" computerName="CARBON" duration="00:00:00.0332565" startTime="2026-03-23T22:41:08.6905825-07:00" endTime="2026-03-23T22:41:08.6971218-07:00" testType="13cdc9d9-ddb5-4fa4-a97d-d965ccfc6d4b" outcome="Passed" testListId="8c84fa94-04c1-424b-9868-57a2d4851a1d" relativeResultsDirectory="2bf1da13-5d44-43b6-8bd4-9694f3bb8970" />
    <UnitTestResult executionId="6760232f-b812-492d-9630-3e915fdb3bbe" testId="14c6f309-8b32-4a33-3236-61b01cd793b5" testName="Mockly.Specs.AssertionSpecs+RequestCollectionSpecs.Will_throw_when_unexpected_calls_are_present" computerName="CARBON" duration="00:00:00.0025185" startTime="2026-03-23T22:41:08.7450200-07:00" endTime="2026-03-23T22:41:08.7498860-07:00" testType="13cdc9d9-ddb5-4fa4-a97d-d965ccfc6d4b" outcome="Passed" testListId="8c84fa94-04c1-424b-9868-57a2d4851a1d" relativeResultsDirectory="6760232f-b812-492d-9630-3e915fdb3bbe" />
    <UnitTestResult executionId="500a8867-686c-4eea-92e4-ddccee721afc" testId="cd72d356-eff7-4578-86c5-2655a07d908e" testName="Mockly.Specs.AssertionSpecs+NotContainRequestFor.Succeeds_when_no_matching_request_exists" computerName="CARBON" duration="00:00:00.0353628" startTime="2026-03-23T22:41:08.6907435-07:00" endTime="2026-03-23T22:41:08.6971562-07:00" testType="13cdc9d9-ddb5-4fa4-a97d-d965ccfc6d4b" outcome="Passed" testListId="8c84fa94-04c1-424b-9868-57a2d4851a1d" relativeResultsDirectory="500a8867-686c-4eea-92e4-ddccee721afc" />
    <UnitTestResult executionId="5e6ffe79-3a46-4a22-ab2a-db0861ab572e" testId="33de6c15-44e6-0e5c-dda5-7968a3234c2c" testName="Mockly.Specs.AssertionSpecs+WithBodyHavingPropertiesOf.Matches_body_having_properties_of_dictionary_when_request_has_properties_with_null_values" computerName="CARBON" duration="00:00:00.0026416" startTime="2026-03-23T22:41:08.7519630-07:00" endTime="2026-03-23T22:41:08.7520086-07:00" testType="13cdc9d9-ddb5-4fa4-a97d-d965ccfc6d4b" outcome="Passed" testListId="8c84fa94-04c1-424b-9868-57a2d4851a1d" relativeResultsDirectory="5e6ffe79-3a46-4a22-ab2a-db0861ab572e" />
    <UnitTestResult executionId="eac58d56-0793-4a36-ba06-9b4635692adc" testId="6d179cd1-06bd-7906-3c60-c833fd99c8ed" testName="Mockly.Specs.AssertionSpecs+WithBody.Fails_when_body_does_not_match_wildcard_pattern" computerName="CARBON" duration="00:00:00.0387749" startTime="2026-03-23T22:41:08.7343400-07:00" endTime="2026-03-23T22:41:08.7435210-07:00" testType="13cdc9d9-ddb5-4fa4-a97d-d965ccfc6d4b" outcome="Passed" testListId="8c84fa94-04c1-424b-9868-57a2d4851a1d" relativeResultsDirectory="eac58d56-0793-4a36-ba06-9b4635692adc" />
    <UnitTestResult executionId="7ddd89d8-e37a-466b-8223-3cd7f3c75161" testId="749f4496-f494-2d4d-aa2f-dc574470e894" testName="Mockly.Specs.AssertionSpecs+NotContainRequestFor.Fails_when_a_matching_request_exists_with_clear_diagnostics" computerName="CARBON" duration="00:00:00.0392697" startTime="2026-03-23T22:41:08.7274881-07:00" endTime="2026-03-23T22:41:08.7434977-07:00" testType="13cdc9d9-ddb5-4fa4-a97d-d965ccfc6d4b" outcome="Passed" testListId="8c84fa94-04c1-424b-9868-57a2d4851a1d" relativeResultsDirectory="7ddd89d8-e37a-466b-8223-3cd7f3c75161" />
    <UnitTestResult executionId="2c753444-2014-4c36-9a13-4895146340e7" testId="ae7fa38f-6757-1fda-f209-91f9b5a9c3e6" testName="Mockly.Specs.AssertionSpecs+CapturedRequestAssertions.Will_throw_when_captured_request_is_expected_but_asserted_unexpected" computerName="CARBON" duration="00:00:00.0078611" startTime="2026-03-23T22:41:08.7439500-07:00" endTime="2026-03-23T22:41:08.7459972-07:00" testType="13cdc9d9-ddb5-4fa4-a97d-d965ccfc6d4b" outcome="Passed" testListId="8c84fa94-04c1-424b-9868-57a2d4851a1d" relativeResultsDirectory="2c753444-2014-4c36-9a13-4895146340e7" />
    <UnitTestResult executionId="ead869b9-7142-4e33-9a41-3f6ad8cca066" testId="38d156cb-ffe2-5784-059e-5ab7dfdfe637" testName="Mockly.Specs.AssertionSpecs+WithBodyHavingPropertiesEqualTo.Fails_when_body_has_mismatched_property_values" computerName="CARBON" duration="00:00:00.0850211" startTime="2026-03-23T22:41:08.6906847-07:00" endTime="2026-03-23T22:41:08.7462052-07:00" testType="13cdc9d9-ddb5-4fa4-a97d-d965ccfc6d4b" outcome="Passed" testListId="8c84fa94-04c1-424b-9868-57a2d4851a1d" relativeResultsDirectory="ead869b9-7142-4e33-9a41-3f6ad8cca066" />
    <UnitTestResult executionId="dbddb542-5fc9-4ed8-8952-6632908046f0" testId="b1daf50e-69a2-93a9-df9d-a1e5b0b5de5f" testName="Mockly.Specs.AssertionSpecs+ContainRequestFor.Fails_when_no_requests_are_captured_at_all" computerName="CARBON" duration="00:00:00.0076484" startTime="2026-03-23T22:41:08.7433325-07:00" endTime="2026-03-23T22:41:08.7450537-07:00" testType="13cdc9d9-ddb5-4fa4-a97d-d965ccfc6d4b" outcome="Passed" testListId="8c84fa94-04c1-424b-9868-57a2d4851a1d" relativeResultsDirectory="dbddb542-5fc9-4ed8-8952-6632908046f0" />
  </Results>
  <TestDefinitions>
    <UnitTest name="Mockly.Specs.AssertionSpecs+CapturedRequestAssertions.Will_throw_when_captured_request_is_expected_but_asserted_unexpected" storage="c:\workspaces\fluentassertions.mockly\fluentassertions.mockly.v8.specs\bin\debug\net8.0\fluentassertions.mockly.v8.specs.dll" id="ae7fa38f-6757-1fda-f209-91f9b5a9c3e6">
      <Execution id="2c753444-2014-4c36-9a13-4895146340e7" />
      <TestMethod codeBase="C:\Workspaces\fluentassertions.mockly\FluentAssertions.Mockly.v8.Specs\bin\Debug\net8.0\FluentAssertions.Mockly.v8.Specs.dll" adapterTypeName="executor://xunit/VsTestRunner3/netcore/" className="Mockly.Specs.AssertionSpecs+CapturedRequestAssertions" name="Will_throw_when_captured_request_is_expected_but_asserted_unexpected" />
    </UnitTest>
    <UnitTest name="Mockly.Specs.AssertionSpecs+WithBodyHavingPropertiesOf.Fails_when_body_is_not_json_object" storage="c:\workspaces\fluentassertions.mockly\fluentassertions.mockly.v8.specs\bin\debug\net8.0\fluentassertions.mockly.v8.specs.dll" id="799d1f7f-c489-5da7-4249-4d935bed10c5">
      <Execution id="0d2d96ae-5178-4c17-b0af-aa6636e25d24" />
      <TestMethod codeBase="C:\Workspaces\fluentassertions.mockly\FluentAssertions.Mockly.v8.Specs\bin\Debug\net8.0\FluentAssertions.Mockly.v8.Specs.dll" adapterTypeName="executor://xunit/VsTestRunner3/netcore/" className="Mockly.Specs.AssertionSpecs+WithBodyHavingPropertiesOf" name="Fails_when_body_is_not_json_object" />
    </UnitTest>
    <UnitTest name="Mockly.Specs.AssertionSpecs+Chaining.Works_for_contained_request_assertions" storage="c:\workspaces\fluentassertions.mockly\fluentassertions.mockly.v8.specs\bin\debug\net8.0\fluentassertions.mockly.v8.specs.dll" id="0821e449-e7df-2259-8465-198e79f4652f">
      <Execution id="3a2ab85b-af1a-4969-9d5a-68e8a6765d51" />
      <TestMethod codeBase="C:\Workspaces\fluentassertions.mockly\FluentAssertions.Mockly.v8.Specs\bin\Debug\net8.0\FluentAssertions.Mockly.v8.Specs.dll" adapterTypeName="executor://xunit/VsTestRunner3/netcore/" className="Mockly.Specs.AssertionSpecs+Chaining" name="Works_for_contained_request_assertions" />
    </UnitTest>
    <UnitTest name="Mockly.Specs.AssertionSpecs+WithBodyMatchingJson.Fails_when_body_json_does_not_match" storage="c:\workspaces\fluentassertions.mockly\fluentassertions.mockly.v8.specs\bin\debug\net8.0\fluentassertions.mockly.v8.specs.dll" id="2f85a2d8-0bf2-0d51-62d8-3820d1db4dc6">
      <Execution id="3feeed47-02d9-46fb-a859-f4b072917136" />
      <TestMethod codeBase="C:\Workspaces\fluentassertions.mockly\FluentAssertions.Mockly.v8.Specs\bin\Debug\net8.0\FluentAssertions.Mockly.v8.Specs.dll" adapterTypeName="executor://xunit/VsTestRunner3/netcore/" className="Mockly.Specs.AssertionSpecs+WithBodyMatchingJson" name="Fails_when_body_json_does_not_match" />
    </UnitTest>
    <UnitTest name="Mockly.Specs.AssertionSpecs+WithBody.Matches_body_with_wildcard_pattern" storage="c:\workspaces\fluentassertions.mockly\fluentassertions.mockly.v8.specs\bin\debug\net8.0\fluentassertions.mockly.v8.specs.dll" id="be6b9c62-0d3f-587e-0f65-1fca6bde83cc">
      <Execution id="75b3c5e6-c812-42c5-83b4-93454e784cd2" />
      <TestMethod codeBase="C:\Workspaces\fluentassertions.mockly\FluentAssertions.Mockly.v8.Specs\bin\Debug\net8.0\FluentAssertions.Mockly.v8.Specs.dll" adapterTypeName="executor://xunit/VsTestRunner3/netcore/" className="Mockly.Specs.AssertionSpecs+WithBody" name="Matches_body_with_wildcard_pattern" />
    </UnitTest>
    <UnitTest name="Mockly.Specs.AssertionSpecs+WithBodyHavingPropertiesOf.Can_handle_different_json_types" storage="c:\workspaces\fluentassertions.mockly\fluentassertions.mockly.v8.specs\bin\debug\net8.0\fluentassertions.mockly.v8.specs.dll" id="96410b5d-6107-2ec9-af69-84c034dc54c9">
      <Execution id="6a28015c-447b-497d-9057-09d000514878" />
      <TestMethod codeBase="C:\Workspaces\fluentassertions.mockly\FluentAssertions.Mockly.v8.Specs\bin\Debug\net8.0\FluentAssertions.Mockly.v8.Specs.dll" adapterTypeName="executor://xunit/VsTestRunner3/netcore/" className="Mockly.Specs.AssertionSpecs+WithBodyHavingPropertiesOf" name="Can_handle_different_json_types" />
    </UnitTest>
    <UnitTest name="Mockly.Specs.AssertionSpecs+RequestCollectionSpecs.Will_throw_when_unexpected_calls_are_present" storage="c:\workspaces\fluentassertions.mockly\fluentassertions.mockly.v8.specs\bin\debug\net8.0\fluentassertions.mockly.v8.specs.dll" id="14c6f309-8b32-4a33-3236-61b01cd793b5">
      <Execution id="6760232f-b812-492d-9630-3e915fdb3bbe" />
      <TestMethod codeBase="C:\Workspaces\fluentassertions.mockly\FluentAssertions.Mockly.v8.Specs\bin\Debug\net8.0\FluentAssertions.Mockly.v8.Specs.dll" adapterTypeName="executor://xunit/VsTestRunner3/netcore/" className="Mockly.Specs.AssertionSpecs+RequestCollectionSpecs" name="Will_throw_when_unexpected_calls_are_present" />
    </UnitTest>
    <UnitTest name="Mockly.Specs.AssertionSpecs+WithBodyHavingPropertiesEqualTo.Fails_when_body_has_mismatched_property_values" storage="c:\workspaces\fluentassertions.mockly\fluentassertions.mockly.v8.specs\bin\debug\net8.0\fluentassertions.mockly.v8.specs.dll" id="38d156cb-ffe2-5784-059e-5ab7dfdfe637">
      <Execution id="ead869b9-7142-4e33-9a41-3f6ad8cca066" />
      <TestMethod codeBase="C:\Workspaces\fluentassertions.mockly\FluentAssertions.Mockly.v8.Specs\bin\Debug\net8.0\FluentAssertions.Mockly.v8.Specs.dll" adapterTypeName="executor://xunit/VsTestRunner3/netcore/" className="Mockly.Specs.AssertionSpecs+WithBodyHavingPropertiesEqualTo" name="Fails_when_body_has_mismatched_property_values" />
    </UnitTest>
    <UnitTest name="Mockly.Specs.AssertionSpecs+WithBodyHavingPropertiesOf.Ignores_extra_properties_in_body" storage="c:\workspaces\fluentassertions.mockly\fluentassertions.mockly.v8.specs\bin\debug\net8.0\fluentassertions.mockly.v8.specs.dll" id="d3a92519-d0ca-4524-aa02-9676025ef898">
      <Execution id="b63cbc55-565b-4bb9-8886-aef1264776b7" />
      <TestMethod codeBase="C:\Workspaces\fluentassertions.mockly\FluentAssertions.Mockly.v8.Specs\bin\Debug\net8.0\FluentAssertions.Mockly.v8.Specs.dll" adapterTypeName="executor://xunit/VsTestRunner3/netcore/" className="Mockly.Specs.AssertionSpecs+WithBodyHavingPropertiesOf" name="Ignores_extra_properties_in_body" />
    </UnitTest>
    <UnitTest name="Mockly.Specs.AssertionSpecs+WithBodyHavingPropertiesOf.Fails_when_body_does_not_have_the_expected_property_and_value" storage="c:\workspaces\fluentassertions.mockly\fluentassertions.mockly.v8.specs\bin\debug\net8.0\fluentassertions.mockly.v8.specs.dll" id="f306f6da-98ca-1644-037f-341955b86786">
      <Execution id="6eba5ce7-d9ea-43ce-b630-0611a28545ef" />
      <TestMethod codeBase="C:\Workspaces\fluentassertions.mockly\FluentAssertions.Mockly.v8.Specs\bin\Debug\net8.0\FluentAssertions.Mockly.v8.Specs.dll" adapterTypeName="executor://xunit/VsTestRunner3/netcore/" className="Mockly.Specs.AssertionSpecs+WithBodyHavingPropertiesOf" name="Fails_when_body_does_not_have_the_expected_property_and_value" />
    </UnitTest>
    <UnitTest name="Mockly.Specs.AssertionSpecs+ContainRequest.Fails_when_no_requests_are_captured" storage="c:\workspaces\fluentassertions.mockly\fluentassertions.mockly.v8.specs\bin\debug\net8.0\fluentassertions.mockly.v8.specs.dll" id="3490e178-8ec3-118c-3baf-c36faa77367f">
      <Execution id="ccac72ec-35df-43f1-a53f-85e712bc67e6" />
      <TestMethod codeBase="C:\Workspaces\fluentassertions.mockly\FluentAssertions.Mockly.v8.Specs\bin\Debug\net8.0\FluentAssertions.Mockly.v8.Specs.dll" adapterTypeName="executor://xunit/VsTestRunner3/netcore/" className="Mockly.Specs.AssertionSpecs+ContainRequest" name="Fails_when_no_requests_are_captured" />
    </UnitTest>
    <UnitTest name="Mockly.Specs.AssertionSpecs+WithBodyEquivalentTo.Fails_when_body_is_not_equivalent_to_anonymous_object" storage="c:\workspaces\fluentassertions.mockly\fluentassertions.mockly.v8.specs\bin\debug\net8.0\fluentassertions.mockly.v8.specs.dll" id="b766d2a8-0ce7-72eb-83b9-c0acf4c56685">
      <Execution id="149a68cf-e180-4d5c-a9f8-8e8e7b148444" />
      <TestMethod codeBase="C:\Workspaces\fluentassertions.mockly\FluentAssertions.Mockly.v8.Specs\bin\Debug\net8.0\FluentAssertions.Mockly.v8.Specs.dll" adapterTypeName="executor://xunit/VsTestRunner3/netcore/" className="Mockly.Specs.AssertionSpecs+WithBodyEquivalentTo" name="Fails_when_body_is_not_equivalent_to_anonymous_object" />
    </UnitTest>
    <UnitTest name="Mockly.Specs.AssertionSpecs+NotContainRequestFor.Succeeds_when_no_matching_request_exists" storage="c:\workspaces\fluentassertions.mockly\fluentassertions.mockly.v8.specs\bin\debug\net8.0\fluentassertions.mockly.v8.specs.dll" id="cd72d356-eff7-4578-86c5-2655a07d908e">
      <Execution id="500a8867-686c-4eea-92e4-ddccee721afc" />
      <TestMethod codeBase="C:\Workspaces\fluentassertions.mockly\FluentAssertions.Mockly.v8.Specs\bin\Debug\net8.0\FluentAssertions.Mockly.v8.Specs.dll" adapterTypeName="executor://xunit/VsTestRunner3/netcore/" className="Mockly.Specs.AssertionSpecs+NotContainRequestFor" name="Succeeds_when_no_matching_request_exists" />
    </UnitTest>
    <UnitTest name="Mockly.Specs.AssertionSpecs+ContainRequestFor.Fails_when_the_expected_request_is_missing" storage="c:\workspaces\fluentassertions.mockly\fluentassertions.mockly.v8.specs\bin\debug\net8.0\fluentassertions.mockly.v8.specs.dll" id="e5b775e4-445b-56d4-418c-516013c3a6fb">
      <Execution id="993a9184-ebf0-4a68-a231-b48d78f293ab" />
      <TestMethod codeBase="C:\Workspaces\fluentassertions.mockly\FluentAssertions.Mockly.v8.Specs\bin\Debug\net8.0\FluentAssertions.Mockly.v8.Specs.dll" adapterTypeName="executor://xunit/VsTestRunner3/netcore/" className="Mockly.Specs.AssertionSpecs+ContainRequestFor" name="Fails_when_the_expected_request_is_missing" />
    </UnitTest>
    <UnitTest name="Mockly.Specs.AssertionSpecs+CapturedRequestAssertions.Can_assert_captured_request_is_unexpected" storage="c:\workspaces\fluentassertions.mockly\fluentassertions.mockly.v8.specs\bin\debug\net8.0\fluentassertions.mockly.v8.specs.dll" id="2a2763dd-2f0c-997c-f13d-6b72886bbd3d">
      <Execution id="5ad7a239-fc4f-4a17-bdca-b2fee61fb344" />
      <TestMethod codeBase="C:\Workspaces\fluentassertions.mockly\FluentAssertions.Mockly.v8.Specs\bin\Debug\net8.0\FluentAssertions.Mockly.v8.Specs.dll" adapterTypeName="executor://xunit/VsTestRunner3/netcore/" className="Mockly.Specs.AssertionSpecs+CapturedRequestAssertions" name="Can_assert_captured_request_is_unexpected" />
    </UnitTest>
    <UnitTest name="Mockly.Specs.AssertionSpecs+WithBodyEquivalentTo.Matches_body_equivalent_to_anonymous_object" storage="c:\workspaces\fluentassertions.mockly\fluentassertions.mockly.v8.specs\bin\debug\net8.0\fluentassertions.mockly.v8.specs.dll" id="c75db11d-1805-57e2-5dc2-7e2968fb19df">
      <Execution id="9f43d0cd-621e-49a9-bce0-c39eeeaf7002" />
      <TestMethod codeBase="C:\Workspaces\fluentassertions.mockly\FluentAssertions.Mockly.v8.Specs\bin\Debug\net8.0\FluentAssertions.Mockly.v8.Specs.dll" adapterTypeName="executor://xunit/VsTestRunner3/netcore/" className="Mockly.Specs.AssertionSpecs+WithBodyEquivalentTo" name="Matches_body_equivalent_to_anonymous_object" />
    </UnitTest>
    <UnitTest name="Mockly.Specs.AssertionSpecs+ContainRequestFor.Finds_request_for_relative_path" storage="c:\workspaces\fluentassertions.mockly\fluentassertions.mockly.v8.specs\bin\debug\net8.0\fluentassertions.mockly.v8.specs.dll" id="5cfb5b39-dc25-594d-5908-4b0966ef20aa">
      <Execution id="79710094-543f-499c-85f2-ae61da84ceec" />
      <TestMethod codeBase="C:\Workspaces\fluentassertions.mockly\FluentAssertions.Mockly.v8.Specs\bin\Debug\net8.0\FluentAssertions.Mockly.v8.Specs.dll" adapterTypeName="executor://xunit/VsTestRunner3/netcore/" className="Mockly.Specs.AssertionSpecs+ContainRequestFor" name="Finds_request_for_relative_path" />
    </UnitTest>
    <UnitTest name="Mockly.Specs.AssertionSpecs+ContainRequest.Can_ensure_a_request_was_captured" storage="c:\workspaces\fluentassertions.mockly\fluentassertions.mockly.v8.specs\bin\debug\net8.0\fluentassertions.mockly.v8.specs.dll" id="bffa210c-80cb-46a2-23ec-697542fc7b8e">
      <Execution id="2bf1da13-5d44-43b6-8bd4-9694f3bb8970" />
      <TestMethod codeBase="C:\Workspaces\fluentassertions.mockly\FluentAssertions.Mockly.v8.Specs\bin\Debug\net8.0\FluentAssertions.Mockly.v8.Specs.dll" adapterTypeName="executor://xunit/VsTestRunner3/netcore/" className="Mockly.Specs.AssertionSpecs+ContainRequest" name="Can_ensure_a_request_was_captured" />
    </UnitTest>
    <UnitTest name="Mockly.Specs.AssertionSpecs+WithBodyHavingPropertiesOf.Matches_body_having_property_when_request_has_properties_with_null_values" storage="c:\workspaces\fluentassertions.mockly\fluentassertions.mockly.v8.specs\bin\debug\net8.0\fluentassertions.mockly.v8.specs.dll" id="e54ff9db-9a0b-b619-149f-f1f53ae7acc5">
      <Execution id="c53bde32-45a0-4c02-b462-a120fa064c8b" />
      <TestMethod codeBase="C:\Workspaces\fluentassertions.mockly\FluentAssertions.Mockly.v8.Specs\bin\Debug\net8.0\FluentAssertions.Mockly.v8.Specs.dll" adapterTypeName="executor://xunit/VsTestRunner3/netcore/" className="Mockly.Specs.AssertionSpecs+WithBodyHavingPropertiesOf" name="Matches_body_having_property_when_request_has_properties_with_null_values" />
    </UnitTest>
    <UnitTest name="Mockly.Specs.AssertionSpecs+WithBody.Fails_when_body_does_not_match_wildcard_pattern" storage="c:\workspaces\fluentassertions.mockly\fluentassertions.mockly.v8.specs\bin\debug\net8.0\fluentassertions.mockly.v8.specs.dll" id="6d179cd1-06bd-7906-3c60-c833fd99c8ed">
      <Execution id="eac58d56-0793-4a36-ba06-9b4635692adc" />
      <TestMethod codeBase="C:\Workspaces\fluentassertions.mockly\FluentAssertions.Mockly.v8.Specs\bin\Debug\net8.0\FluentAssertions.Mockly.v8.Specs.dll" adapterTypeName="executor://xunit/VsTestRunner3/netcore/" className="Mockly.Specs.AssertionSpecs+WithBody" name="Fails_when_body_does_not_match_wildcard_pattern" />
    </UnitTest>
    <UnitTest name="Mockly.Specs.AssertionSpecs+WithBody.Can_match_multiple_requests" storage="c:\workspaces\fluentassertions.mockly\fluentassertions.mockly.v8.specs\bin\debug\net8.0\fluentassertions.mockly.v8.specs.dll" id="e9af2a97-08c1-7b5e-5169-499692b8f6e8">
      <Execution id="1a5a413c-d733-4e3a-a1b7-7dba2c084f78" />
      <TestMethod codeBase="C:\Workspaces\fluentassertions.mockly\FluentAssertions.Mockly.v8.Specs\bin\Debug\net8.0\FluentAssertions.Mockly.v8.Specs.dll" adapterTypeName="executor://xunit/VsTestRunner3/netcore/" className="Mockly.Specs.AssertionSpecs+WithBody" name="Can_match_multiple_requests" />
    </UnitTest>
    <UnitTest name="Mockly.Specs.AssertionSpecs+ContainRequestFor.Finds_request_for_absolute_uri" storage="c:\workspaces\fluentassertions.mockly\fluentassertions.mockly.v8.specs\bin\debug\net8.0\fluentassertions.mockly.v8.specs.dll" id="6332543a-8d41-7908-d8fa-9d7840a877b1">
      <Execution id="1909f986-6d0d-4987-a0bb-19f754fec913" />
      <TestMethod codeBase="C:\Workspaces\fluentassertions.mockly\FluentAssertions.Mockly.v8.Specs\bin\Debug\net8.0\FluentAssertions.Mockly.v8.Specs.dll" adapterTypeName="executor://xunit/VsTestRunner3/netcore/" className="Mockly.Specs.AssertionSpecs+ContainRequestFor" name="Finds_request_for_absolute_uri" />
    </UnitTest>
    <UnitTest name="Mockly.Specs.AssertionSpecs+CapturedRequestAssertions.Will_throw_when_captured_request_is_not_expected" storage="c:\workspaces\fluentassertions.mockly\fluentassertions.mockly.v8.specs\bin\debug\net8.0\fluentassertions.mockly.v8.specs.dll" id="d02425a2-f0a0-250e-0a9b-3608d6329f1b">
      <Execution id="d435389f-b9ea-49aa-b003-d4c5d735a21b" />
      <TestMethod codeBase="C:\Workspaces\fluentassertions.mockly\FluentAssertions.Mockly.v8.Specs\bin\Debug\net8.0\FluentAssertions.Mockly.v8.Specs.dll" adapterTypeName="executor://xunit/VsTestRunner3/netcore/" className="Mockly.Specs.AssertionSpecs+CapturedRequestAssertions" name="Will_throw_when_captured_request_is_not_expected" />
    </UnitTest>
    <UnitTest name="Mockly.Specs.AssertionSpecs+CapturedRequestAssertions.Can_assert_captured_request_is_expected" storage="c:\workspaces\fluentassertions.mockly\fluentassertions.mockly.v8.specs\bin\debug\net8.0\fluentassertions.mockly.v8.specs.dll" id="2657be9f-f5d4-26cc-4e90-1cdfa01c56bf">
      <Execution id="f45ede7d-83a7-49a1-b742-9a86dad8db94" />
      <TestMethod codeBase="C:\Workspaces\fluentassertions.mockly\FluentAssertions.Mockly.v8.Specs\bin\Debug\net8.0\FluentAssertions.Mockly.v8.Specs.dll" adapterTypeName="executor://xunit/VsTestRunner3/netcore/" className="Mockly.Specs.AssertionSpecs+CapturedRequestAssertions" name="Can_assert_captured_request_is_expected" />
    </UnitTest>
    <UnitTest name="Mockly.Specs.AssertionSpecs+WithBodyHavingPropertiesOf.Matches_body_having_properties_of_dictionary" storage="c:\workspaces\fluentassertions.mockly\fluentassertions.mockly.v8.specs\bin\debug\net8.0\fluentassertions.mockly.v8.specs.dll" id="a0cb4bcd-adca-631c-37fa-c4da5a5c7e50">
      <Execution id="d681da08-2a0a-4299-b87e-492edfff89a1" />
      <TestMethod codeBase="C:\Workspaces\fluentassertions.mockly\FluentAssertions.Mockly.v8.Specs\bin\Debug\net8.0\FluentAssertions.Mockly.v8.Specs.dll" adapterTypeName="executor://xunit/VsTestRunner3/netcore/" className="Mockly.Specs.AssertionSpecs+WithBodyHavingPropertiesOf" name="Matches_body_having_properties_of_dictionary" />
    </UnitTest>
    <UnitTest name="Mockly.Specs.AssertionSpecs+WithBodyHavingPropertiesOf.Fails_when_body_does_not_have_expected_properties" storage="c:\workspaces\fluentassertions.mockly\fluentassertions.mockly.v8.specs\bin\debug\net8.0\fluentassertions.mockly.v8.specs.dll" id="19113e6f-005c-9556-ef22-0bd4b514bb95">
      <Execution id="058195e6-0602-478b-bd91-cf9f49bca37e" />
      <TestMethod codeBase="C:\Workspaces\fluentassertions.mockly\FluentAssertions.Mockly.v8.Specs\bin\Debug\net8.0\FluentAssertions.Mockly.v8.Specs.dll" adapterTypeName="executor://xunit/VsTestRunner3/netcore/" className="Mockly.Specs.AssertionSpecs+WithBodyHavingPropertiesOf" name="Fails_when_body_does_not_have_expected_properties" />
    </UnitTest>
    <UnitTest name="Mockly.Specs.AssertionSpecs+RequestCollectionSpecs.Can_assert_request_collection_is_not_empty" storage="c:\workspaces\fluentassertions.mockly\fluentassertions.mockly.v8.specs\bin\debug\net8.0\fluentassertions.mockly.v8.specs.dll" id="28dac46e-f22e-2ed6-d11a-a36aa60af2c2">
      <Execution id="dfb6c3db-2742-44f6-822c-6143c6257b6d" />
      <TestMethod codeBase="C:\Workspaces\fluentassertions.mockly\FluentAssertions.Mockly.v8.Specs\bin\Debug\net8.0\FluentAssertions.Mockly.v8.Specs.dll" adapterTypeName="executor://xunit/VsTestRunner3/netcore/" className="Mockly.Specs.AssertionSpecs+RequestCollectionSpecs" name="Can_assert_request_collection_is_not_empty" />
    </UnitTest>
    <UnitTest name="Mockly.Specs.AssertionSpecs+WithBodyMatchingJson.Can_match_against_multiple_requests" storage="c:\workspaces\fluentassertions.mockly\fluentassertions.mockly.v8.specs\bin\debug\net8.0\fluentassertions.mockly.v8.specs.dll" id="a304bfa8-4a4a-8463-1e5c-8077db461394">
      <Execution id="607f5637-c710-4461-8eff-8bd51e042dc1" />
      <TestMethod codeBase="C:\Workspaces\fluentassertions.mockly\FluentAssertions.Mockly.v8.Specs\bin\Debug\net8.0\FluentAssertions.Mockly.v8.Specs.dll" adapterTypeName="executor://xunit/VsTestRunner3/netcore/" className="Mockly.Specs.AssertionSpecs+WithBodyMatchingJson" name="Can_match_against_multiple_requests" />
    </UnitTest>
    <UnitTest name="Mockly.Specs.AssertionSpecs+HttpMockSpecs.Will_throw_when_not_all_mocks_have_been_invoked" storage="c:\workspaces\fluentassertions.mockly\fluentassertions.mockly.v8.specs\bin\debug\net8.0\fluentassertions.mockly.v8.specs.dll" id="9d4d18e8-2c02-aee3-8a8e-0b1b7c3d069e">
      <Execution id="fd562483-3b4f-4b1a-9915-5f49c8edb76d" />
      <TestMethod codeBase="C:\Workspaces\fluentassertions.mockly\FluentAssertions.Mockly.v8.Specs\bin\Debug\net8.0\FluentAssertions.Mockly.v8.Specs.dll" adapterTypeName="executor://xunit/VsTestRunner3/netcore/" className="Mockly.Specs.AssertionSpecs+HttpMockSpecs" name="Will_throw_when_not_all_mocks_have_been_invoked" />
    </UnitTest>
    <UnitTest name="Mockly.Specs.AssertionSpecs+WithBodyHavingPropertiesOf.Fails_when_none_of_the_requests_have_the_expected_property_and_value" storage="c:\workspaces\fluentassertions.mockly\fluentassertions.mockly.v8.specs\bin\debug\net8.0\fluentassertions.mockly.v8.specs.dll" id="df0a070e-fa3f-1f8b-da20-09a79e0a9c5c">
      <Execution id="ec588601-856e-41c1-9df6-33acb0ac08e7" />
      <TestMethod codeBase="C:\Workspaces\fluentassertions.mockly\FluentAssertions.Mockly.v8.Specs\bin\Debug\net8.0\FluentAssertions.Mockly.v8.Specs.dll" adapterTypeName="executor://xunit/VsTestRunner3/netcore/" className="Mockly.Specs.AssertionSpecs+WithBodyHavingPropertiesOf" name="Fails_when_none_of_the_requests_have_the_expected_property_and_value" />
    </UnitTest>
    <UnitTest name="Mockly.Specs.AssertionSpecs+WithBodyMatchingJson.Matches_body_equivalent_json" storage="c:\workspaces\fluentassertions.mockly\fluentassertions.mockly.v8.specs\bin\debug\net8.0\fluentassertions.mockly.v8.specs.dll" id="a1b54033-0010-d20c-30f7-81b0abb84e61">
      <Execution id="5bf01cc4-cc33-4a8e-92a0-5ccf797a6872" />
      <TestMethod codeBase="C:\Workspaces\fluentassertions.mockly\FluentAssertions.Mockly.v8.Specs\bin\Debug\net8.0\FluentAssertions.Mockly.v8.Specs.dll" adapterTypeName="executor://xunit/VsTestRunner3/netcore/" className="Mockly.Specs.AssertionSpecs+WithBodyMatchingJson" name="Matches_body_equivalent_json" />
    </UnitTest>
    <UnitTest name="Mockly.Specs.AssertionSpecs+RequestCollectionSpecs.Can_assert_no_unexpected_calls" storage="c:\workspaces\fluentassertions.mockly\fluentassertions.mockly.v8.specs\bin\debug\net8.0\fluentassertions.mockly.v8.specs.dll" id="e712049d-388f-226c-7491-89c72bf41e63">
      <Execution id="c94c7ad8-4bbe-48eb-9126-ab33492bef16" />
      <TestMethod codeBase="C:\Workspaces\fluentassertions.mockly\FluentAssertions.Mockly.v8.Specs\bin\Debug\net8.0\FluentAssertions.Mockly.v8.Specs.dll" adapterTypeName="executor://xunit/VsTestRunner3/netcore/" className="Mockly.Specs.AssertionSpecs+RequestCollectionSpecs" name="Can_assert_no_unexpected_calls" />
    </UnitTest>
    <UnitTest name="Mockly.Specs.AssertionSpecs+WithBodyHavingPropertiesEqualTo.Matches_body_having_properties_equal_to_dictionary" storage="c:\workspaces\fluentassertions.mockly\fluentassertions.mockly.v8.specs\bin\debug\net8.0\fluentassertions.mockly.v8.specs.dll" id="6f3ad537-e3ba-f8e1-f514-b2439bc7da1f">
      <Execution id="7547179d-6cd2-4b9a-9734-53f94b3cd479" />
      <TestMethod codeBase="C:\Workspaces\fluentassertions.mockly\FluentAssertions.Mockly.v8.Specs\bin\Debug\net8.0\FluentAssertions.Mockly.v8.Specs.dll" adapterTypeName="executor://xunit/VsTestRunner3/netcore/" className="Mockly.Specs.AssertionSpecs+WithBodyHavingPropertiesEqualTo" name="Matches_body_having_properties_equal_to_dictionary" />
    </UnitTest>
    <UnitTest name="Mockly.Specs.AssertionSpecs+WithBodyMatchingJson.Fails_when_request_body_is_not_valid_json" storage="c:\workspaces\fluentassertions.mockly\fluentassertions.mockly.v8.specs\bin\debug\net8.0\fluentassertions.mockly.v8.specs.dll" id="e08b44a3-4c2d-2ff8-b4eb-b583810d4311">
      <Execution id="e101747b-3f88-4875-892f-f403443d8cb6" />
      <TestMethod codeBase="C:\Workspaces\fluentassertions.mockly\FluentAssertions.Mockly.v8.Specs\bin\Debug\net8.0\FluentAssertions.Mockly.v8.Specs.dll" adapterTypeName="executor://xunit/VsTestRunner3/netcore/" className="Mockly.Specs.AssertionSpecs+WithBodyMatchingJson" name="Fails_when_request_body_is_not_valid_json" />
    </UnitTest>
    <UnitTest name="Mockly.Specs.AssertionSpecs+WithBodyHavingPropertiesOf.Matches_body_having_properties_of_dictionary_when_request_has_properties_with_null_values" storage="c:\workspaces\fluentassertions.mockly\fluentassertions.mockly.v8.specs\bin\debug\net8.0\fluentassertions.mockly.v8.specs.dll" id="33de6c15-44e6-0e5c-dda5-7968a3234c2c">
      <Execution id="5e6ffe79-3a46-4a22-ab2a-db0861ab572e" />
      <TestMethod codeBase="C:\Workspaces\fluentassertions.mockly\FluentAssertions.Mockly.v8.Specs\bin\Debug\net8.0\FluentAssertions.Mockly.v8.Specs.dll" adapterTypeName="executor://xunit/VsTestRunner3/netcore/" className="Mockly.Specs.AssertionSpecs+WithBodyHavingPropertiesOf" name="Matches_body_having_properties_of_dictionary_when_request_has_properties_with_null_values" />
    </UnitTest>
    <UnitTest name="Mockly.Specs.AssertionSpecs+RequestCollectionSpecs.Will_throw_when_request_collection_is_empty" storage="c:\workspaces\fluentassertions.mockly\fluentassertions.mockly.v8.specs\bin\debug\net8.0\fluentassertions.mockly.v8.specs.dll" id="d141b958-c450-a26e-049b-f025581e2bd7">
      <Execution id="73dda3d0-2cf2-4a83-ab9d-540f3548a135" />
      <TestMethod codeBase="C:\Workspaces\fluentassertions.mockly\FluentAssertions.Mockly.v8.Specs\bin\Debug\net8.0\FluentAssertions.Mockly.v8.Specs.dll" adapterTypeName="executor://xunit/VsTestRunner3/netcore/" className="Mockly.Specs.AssertionSpecs+RequestCollectionSpecs" name="Will_throw_when_request_collection_is_empty" />
    </UnitTest>
    <UnitTest name="Mockly.Specs.AssertionSpecs+ContainRequestFor.Fails_when_no_requests_are_captured_at_all" storage="c:\workspaces\fluentassertions.mockly\fluentassertions.mockly.v8.specs\bin\debug\net8.0\fluentassertions.mockly.v8.specs.dll" id="b1daf50e-69a2-93a9-df9d-a1e5b0b5de5f">
      <Execution id="dbddb542-5fc9-4ed8-8952-6632908046f0" />
      <TestMethod codeBase="C:\Workspaces\fluentassertions.mockly\FluentAssertions.Mockly.v8.Specs\bin\Debug\net8.0\FluentAssertions.Mockly.v8.Specs.dll" adapterTypeName="executor://xunit/VsTestRunner3/netcore/" className="Mockly.Specs.AssertionSpecs+ContainRequestFor" name="Fails_when_no_requests_are_captured_at_all" />
    </UnitTest>
    <UnitTest name="Mockly.Specs.AssertionSpecs+NotContainRequestFor.Fails_when_a_matching_request_exists_with_clear_diagnostics" storage="c:\workspaces\fluentassertions.mockly\fluentassertions.mockly.v8.specs\bin\debug\net8.0\fluentassertions.mockly.v8.specs.dll" id="749f4496-f494-2d4d-aa2f-dc574470e894">
      <Execution id="7ddd89d8-e37a-466b-8223-3cd7f3c75161" />
      <TestMethod codeBase="C:\Workspaces\fluentassertions.mockly\FluentAssertions.Mockly.v8.Specs\bin\Debug\net8.0\FluentAssertions.Mockly.v8.Specs.dll" adapterTypeName="executor://xunit/VsTestRunner3/netcore/" className="Mockly.Specs.AssertionSpecs+NotContainRequestFor" name="Fails_when_a_matching_request_exists_with_clear_diagnostics" />
    </UnitTest>
    <UnitTest name="Mockly.Specs.AssertionSpecs+HttpMockSpecs.Can_assert_all_mocks_have_been_invoked" storage="c:\workspaces\fluentassertions.mockly\fluentassertions.mockly.v8.specs\bin\debug\net8.0\fluentassertions.mockly.v8.specs.dll" id="6c2f60ff-62d6-040f-6ed3-e0224def5c2f">
      <Execution id="ef187d78-2cfd-4f85-8180-5e0ae3debfa2" />
      <TestMethod codeBase="C:\Workspaces\fluentassertions.mockly\FluentAssertions.Mockly.v8.Specs\bin\Debug\net8.0\FluentAssertions.Mockly.v8.Specs.dll" adapterTypeName="executor://xunit/VsTestRunner3/netcore/" className="Mockly.Specs.AssertionSpecs+HttpMockSpecs" name="Can_assert_all_mocks_have_been_invoked" />
    </UnitTest>
    <UnitTest name="Mockly.Specs.AssertionSpecs+WithBodyHavingPropertiesEqualTo.Fails_when_body_has_extra_properties" storage="c:\workspaces\fluentassertions.mockly\fluentassertions.mockly.v8.specs\bin\debug\net8.0\fluentassertions.mockly.v8.specs.dll" id="49242594-7154-365b-fdf6-1b5738bb25c9">
      <Execution id="fd060819-ac8e-4632-9b8a-112d9bedf781" />
      <TestMethod codeBase="C:\Workspaces\fluentassertions.mockly\FluentAssertions.Mockly.v8.Specs\bin\Debug\net8.0\FluentAssertions.Mockly.v8.Specs.dll" adapterTypeName="executor://xunit/VsTestRunner3/netcore/" className="Mockly.Specs.AssertionSpecs+WithBodyHavingPropertiesEqualTo" name="Fails_when_body_has_extra_properties" />
    </UnitTest>
  </TestDefinitions>
  <TestEntries>
    <TestEntry testId="a0cb4bcd-adca-631c-37fa-c4da5a5c7e50" executionId="d681da08-2a0a-4299-b87e-492edfff89a1" testListId="8c84fa94-04c1-424b-9868-57a2d4851a1d" />
    <TestEntry testId="49242594-7154-365b-fdf6-1b5738bb25c9" executionId="fd060819-ac8e-4632-9b8a-112d9bedf781" testListId="8c84fa94-04c1-424b-9868-57a2d4851a1d" />
    <TestEntry testId="e5b775e4-445b-56d4-418c-516013c3a6fb" executionId="993a9184-ebf0-4a68-a231-b48d78f293ab" testListId="8c84fa94-04c1-424b-9868-57a2d4851a1d" />
    <TestEntry testId="2f85a2d8-0bf2-0d51-62d8-3820d1db4dc6" executionId="3feeed47-02d9-46fb-a859-f4b072917136" testListId="8c84fa94-04c1-424b-9868-57a2d4851a1d" />
    <TestEntry testId="96410b5d-6107-2ec9-af69-84c034dc54c9" executionId="6a28015c-447b-497d-9057-09d000514878" testListId="8c84fa94-04c1-424b-9868-57a2d4851a1d" />
    <TestEntry testId="b766d2a8-0ce7-72eb-83b9-c0acf4c56685" executionId="149a68cf-e180-4d5c-a9f8-8e8e7b148444" testListId="8c84fa94-04c1-424b-9868-57a2d4851a1d" />
    <TestEntry testId="e08b44a3-4c2d-2ff8-b4eb-b583810d4311" executionId="e101747b-3f88-4875-892f-f403443d8cb6" testListId="8c84fa94-04c1-424b-9868-57a2d4851a1d" />
    <TestEntry testId="a304bfa8-4a4a-8463-1e5c-8077db461394" executionId="607f5637-c710-4461-8eff-8bd51e042dc1" testListId="8c84fa94-04c1-424b-9868-57a2d4851a1d" />
    <TestEntry testId="3490e178-8ec3-118c-3baf-c36faa77367f" executionId="ccac72ec-35df-43f1-a53f-85e712bc67e6" testListId="8c84fa94-04c1-424b-9868-57a2d4851a1d" />
    <TestEntry testId="d3a92519-d0ca-4524-aa02-9676025ef898" executionId="b63cbc55-565b-4bb9-8886-aef1264776b7" testListId="8c84fa94-04c1-424b-9868-57a2d4851a1d" />
    <TestEntry testId="df0a070e-fa3f-1f8b-da20-09a79e0a9c5c" executionId="ec588601-856e-41c1-9df6-33acb0ac08e7" testListId="8c84fa94-04c1-424b-9868-57a2d4851a1d" />
    <TestEntry testId="6f3ad537-e3ba-f8e1-f514-b2439bc7da1f" executionId="7547179d-6cd2-4b9a-9734-53f94b3cd479" testListId="8c84fa94-04c1-424b-9868-57a2d4851a1d" />
    <TestEntry testId="2a2763dd-2f0c-997c-f13d-6b72886bbd3d" executionId="5ad7a239-fc4f-4a17-bdca-b2fee61fb344" testListId="8c84fa94-04c1-424b-9868-57a2d4851a1d" />
    <TestEntry testId="d02425a2-f0a0-250e-0a9b-3608d6329f1b" executionId="d435389f-b9ea-49aa-b003-d4c5d735a21b" testListId="8c84fa94-04c1-424b-9868-57a2d4851a1d" />
    <TestEntry testId="a1b54033-0010-d20c-30f7-81b0abb84e61" executionId="5bf01cc4-cc33-4a8e-92a0-5ccf797a6872" testListId="8c84fa94-04c1-424b-9868-57a2d4851a1d" />
    <TestEntry testId="6332543a-8d41-7908-d8fa-9d7840a877b1" executionId="1909f986-6d0d-4987-a0bb-19f754fec913" testListId="8c84fa94-04c1-424b-9868-57a2d4851a1d" />
    <TestEntry testId="c75db11d-1805-57e2-5dc2-7e2968fb19df" executionId="9f43d0cd-621e-49a9-bce0-c39eeeaf7002" testListId="8c84fa94-04c1-424b-9868-57a2d4851a1d" />
    <TestEntry testId="0821e449-e7df-2259-8465-198e79f4652f" executionId="3a2ab85b-af1a-4969-9d5a-68e8a6765d51" testListId="8c84fa94-04c1-424b-9868-57a2d4851a1d" />
    <TestEntry testId="f306f6da-98ca-1644-037f-341955b86786" executionId="6eba5ce7-d9ea-43ce-b630-0611a28545ef" testListId="8c84fa94-04c1-424b-9868-57a2d4851a1d" />
    <TestEntry testId="d141b958-c450-a26e-049b-f025581e2bd7" executionId="73dda3d0-2cf2-4a83-ab9d-540f3548a135" testListId="8c84fa94-04c1-424b-9868-57a2d4851a1d" />
    <TestEntry testId="e9af2a97-08c1-7b5e-5169-499692b8f6e8" executionId="1a5a413c-d733-4e3a-a1b7-7dba2c084f78" testListId="8c84fa94-04c1-424b-9868-57a2d4851a1d" />
    <TestEntry testId="2657be9f-f5d4-26cc-4e90-1cdfa01c56bf" executionId="f45ede7d-83a7-49a1-b742-9a86dad8db94" testListId="8c84fa94-04c1-424b-9868-57a2d4851a1d" />
    <TestEntry testId="28dac46e-f22e-2ed6-d11a-a36aa60af2c2" executionId="dfb6c3db-2742-44f6-822c-6143c6257b6d" testListId="8c84fa94-04c1-424b-9868-57a2d4851a1d" />
    <TestEntry testId="6c2f60ff-62d6-040f-6ed3-e0224def5c2f" executionId="ef187d78-2cfd-4f85-8180-5e0ae3debfa2" testListId="8c84fa94-04c1-424b-9868-57a2d4851a1d" />
    <TestEntry testId="799d1f7f-c489-5da7-4249-4d935bed10c5" executionId="0d2d96ae-5178-4c17-b0af-aa6636e25d24" testListId="8c84fa94-04c1-424b-9868-57a2d4851a1d" />
    <TestEntry testId="19113e6f-005c-9556-ef22-0bd4b514bb95" executionId="058195e6-0602-478b-bd91-cf9f49bca37e" testListId="8c84fa94-04c1-424b-9868-57a2d4851a1d" />
    <TestEntry testId="e54ff9db-9a0b-b619-149f-f1f53ae7acc5" executionId="c53bde32-45a0-4c02-b462-a120fa064c8b" testListId="8c84fa94-04c1-424b-9868-57a2d4851a1d" />
    <TestEntry testId="e712049d-388f-226c-7491-89c72bf41e63" executionId="c94c7ad8-4bbe-48eb-9126-ab33492bef16" testListId="8c84fa94-04c1-424b-9868-57a2d4851a1d" />
    <TestEntry testId="5cfb5b39-dc25-594d-5908-4b0966ef20aa" executionId="79710094-543f-499c-85f2-ae61da84ceec" testListId="8c84fa94-04c1-424b-9868-57a2d4851a1d" />
    <TestEntry testId="9d4d18e8-2c02-aee3-8a8e-0b1b7c3d069e" executionId="fd562483-3b4f-4b1a-9915-5f49c8edb76d" testListId="8c84fa94-04c1-424b-9868-57a2d4851a1d" />
    <TestEntry testId="be6b9c62-0d3f-587e-0f65-1fca6bde83cc" executionId="75b3c5e6-c812-42c5-83b4-93454e784cd2" testListId="8c84fa94-04c1-424b-9868-57a2d4851a1d" />
    <TestEntry testId="bffa210c-80cb-46a2-23ec-697542fc7b8e" executionId="2bf1da13-5d44-43b6-8bd4-9694f3bb8970" testListId="8c84fa94-04c1-424b-9868-57a2d4851a1d" />
    <TestEntry testId="14c6f309-8b32-4a33-3236-61b01cd793b5" executionId="6760232f-b812-492d-9630-3e915fdb3bbe" testListId="8c84fa94-04c1-424b-9868-57a2d4851a1d" />
    <TestEntry testId="cd72d356-eff7-4578-86c5-2655a07d908e" executionId="500a8867-686c-4eea-92e4-ddccee721afc" testListId="8c84fa94-04c1-424b-9868-57a2d4851a1d" />
    <TestEntry testId="33de6c15-44e6-0e5c-dda5-7968a3234c2c" executionId="5e6ffe79-3a46-4a22-ab2a-db0861ab572e" testListId="8c84fa94-04c1-424b-9868-57a2d4851a1d" />
    <TestEntry testId="6d179cd1-06bd-7906-3c60-c833fd99c8ed" executionId="eac58d56-0793-4a36-ba06-9b4635692adc" testListId="8c84fa94-04c1-424b-9868-57a2d4851a1d" />
    <TestEntry testId="749f4496-f494-2d4d-aa2f-dc574470e894" executionId="7ddd89d8-e37a-466b-8223-3cd7f3c75161" testListId="8c84fa94-04c1-424b-9868-57a2d4851a1d" />
    <TestEntry testId="ae7fa38f-6757-1fda-f209-91f9b5a9c3e6" executionId="2c753444-2014-4c36-9a13-4895146340e7" testListId="8c84fa94-04c1-424b-9868-57a2d4851a1d" />
    <TestEntry testId="38d156cb-ffe2-5784-059e-5ab7dfdfe637" executionId="ead869b9-7142-4e33-9a41-3f6ad8cca066" testListId="8c84fa94-04c1-424b-9868-57a2d4851a1d" />
    <TestEntry testId="b1daf50e-69a2-93a9-df9d-a1e5b0b5de5f" executionId="dbddb542-5fc9-4ed8-8952-6632908046f0" testListId="8c84fa94-04c1-424b-9868-57a2d4851a1d" />
  </TestEntries>
  <TestLists>
    <TestList name="Results Not in a List" id="8c84fa94-04c1-424b-9868-57a2d4851a1d" />
    <TestList name="All Loaded Results" id="19431567-8539-422a-85d7-44ee4e166bda" />
  </TestLists>
  <ResultSummary outcome="Completed">
    <Counters total="40" executed="40" passed="40" failed="0" error="0" timeout="0" aborted="0" inconclusive="0" passedButRunAborted="0" notRunnable="0" notExecuted="0" disconnected="0" warning="0" completed="0" inProgress="0" pending="0" />
    <Output>
      <StdOut>[xUnit.net 00:00:00.00] xUnit.net VSTest Adapter v3.1.5+1b188a7b0a (64-bit .NET 8.0.25)&#xD;
[xUnit.net 00:00:00.09]   Discovering: FluentAssertions.Mockly.v8.Specs&#xD;
[xUnit.net 00:00:00.13]   Discovered:  FluentAssertions.Mockly.v8.Specs&#xD;
[xUnit.net 00:00:00.15]   Starting:    FluentAssertions.Mockly.v8.Specs&#xD;
     Warning:&#xD;
     The component "Fluent Assertions" is governed by the rules defined in the Xceed License Agreement and&#xD;
     the Xceed Fluent Assertions Community License. You may use Fluent Assertions free of charge for&#xD;
     non-commercial use only. An active subscription is required to use Fluent Assertions for commercial use.&#xD;
     Please contact Xceed Sales mailto:sales@xceed.com to acquire a subscription at a very low cost.&#xD;
     A paid commercial license supports the development and continued increasing support of&#xD;
     Fluent Assertions users under both commercial and community licenses. Help us&#xD;
     keep Fluent Assertions at the forefront of unit testing.&#xD;
     For more information, visit https://xceed.com/products/unit-testing/fluent-assertions/&#xD;
[xUnit.net 00:00:00.29]   Finished:    FluentAssertions.Mockly.v8.Specs&#xD;
</StdOut>
    </Output>
    <CollectorDataEntries>
      <Collector agentName="CARBON" uri="datacollector://microsoft/CoverletCodeCoverage/1.0" collectorDisplayName="XPlat code coverage">
        <UriAttachments>
          <UriAttachment>
            <A href="CARBON\coverage.cobertura.xml"></A>
          </UriAttachment>
        </UriAttachments>
      </Collector>
    </CollectorDataEntries>
  </ResultSummary>
</TestRun>