<?xml version="1.0" encoding="utf-8"?>
<TestRun id="3e967c78-342f-424f-a5e7-32acaf166e49" name="denni@CARBON 2026-03-23 22:41:16" runUser="CARBON\denni" xmlns="http://microsoft.com/schemas/VisualStudio/TeamTest/2010">
  <Times creation="2026-03-23T22:41:16.2946832-07:00" queuing="2026-03-23T22:41:16.2946839-07:00" start="2026-03-23T22:41:12.2730718-07:00" finish="2026-03-23T22:41:16.8958459-07:00" />
  <TestSettings name="default" id="9fb820e3-dac0-4017-8c9c-cefc946b9d73">
    <Deployment runDeploymentRoot="denni_CARBON_2026-03-23_22_41_16" />
  </TestSettings>
  <Results>
    <UnitTestResult executionId="956d2045-c781-4ba2-9158-26d07fd1c502" testId="40a28613-8a80-b9f7-87f8-878ea7e8ae8e" testName="Mockly.Specs.AssertionSpecs+WithBodyMatchingJson.Fails_when_request_body_is_not_valid_json" computerName="CARBON" duration="00:00:00.0620000" startTime="2026-03-23T22:41:16.3556638-07:00" endTime="2026-03-23T22:41:16.4186540-07:00" testType="13cdc9d9-ddb5-4fa4-a97d-d965ccfc6d4b" outcome="Passed" testListId="8c84fa94-04c1-424b-9868-57a2d4851a1d" relativeResultsDirectory="956d2045-c781-4ba2-9158-26d07fd1c502" />
    <UnitTestResult executionId="de46c1af-50bb-45c9-ae81-f6362689d077" testId="d40e3787-336e-a639-9482-5640b3992813" testName="Mockly.Specs.AssertionSpecs+WithBodyEquivalentTo.Fails_when_body_is_not_equivalent_to_anonymous_object" computerName="CARBON" duration="00:00:00.0040000" startTime="2026-03-23T22:41:16.5389144-07:00" endTime="2026-03-23T22:41:16.5409209-07:00" testType="13cdc9d9-ddb5-4fa4-a97d-d965ccfc6d4b" outcome="Passed" testListId="8c84fa94-04c1-424b-9868-57a2d4851a1d" relativeResultsDirectory="de46c1af-50bb-45c9-ae81-f6362689d077" />
    <UnitTestResult executionId="7849e649-7184-4097-89a5-18edc3d9e478" testId="fdea7b1c-e83b-e198-fe29-d52785c5a990" testName="Mockly.Specs.AssertionSpecs+RequestCollectionSpecs.Can_assert_no_unexpected_calls" computerName="CARBON" duration="00:00:00.5730000" startTime="2026-03-23T22:41:15.6594730-07:00" endTime="2026-03-23T22:41:16.2475641-07:00" testType="13cdc9d9-ddb5-4fa4-a97d-d965ccfc6d4b" outcome="Passed" testListId="8c84fa94-04c1-424b-9868-57a2d4851a1d" relativeResultsDirectory="7849e649-7184-4097-89a5-18edc3d9e478" />
    <UnitTestResult executionId="6a0b977f-0438-4b9f-9dd6-769905f53662" testId="8fb86409-34dc-f4ba-6334-e9ff54c44377" testName="Mockly.Specs.AssertionSpecs+CapturedRequestAssertions.Will_throw_when_captured_request_is_expected_but_asserted_unexpected" computerName="CARBON" duration="00:00:00.0030000" startTime="2026-03-23T22:41:16.4306773-07:00" endTime="2026-03-23T22:41:16.4500807-07:00" testType="13cdc9d9-ddb5-4fa4-a97d-d965ccfc6d4b" outcome="Passed" testListId="8c84fa94-04c1-424b-9868-57a2d4851a1d" relativeResultsDirectory="6a0b977f-0438-4b9f-9dd6-769905f53662" />
    <UnitTestResult executionId="c6e355fe-5120-41cb-8176-6d76db549d3e" testId="f8da9955-7c7e-8a3e-2569-5583997b2f9a" testName="Mockly.Specs.AssertionSpecs+WithBodyMatchingJson.Matches_body_equivalent_json" computerName="CARBON" duration="00:00:00.7240000" startTime="2026-03-23T22:41:15.6614825-07:00" endTime="2026-03-23T22:41:16.3468713-07:00" testType="13cdc9d9-ddb5-4fa4-a97d-d965ccfc6d4b" outcome="Passed" testListId="8c84fa94-04c1-424b-9868-57a2d4851a1d" relativeResultsDirectory="c6e355fe-5120-41cb-8176-6d76db549d3e" />
    <UnitTestResult executionId="1582b22b-49f9-4dc9-8eb4-8a1e2a0d87bb" testId="d036a705-2022-710d-15e2-a9d422c27cda" testName="Mockly.Specs.AssertionSpecs+ContainRequest.Fails_when_no_requests_are_captured" computerName="CARBON" duration="00:00:00.2070000" startTime="2026-03-23T22:41:16.2615567-07:00" endTime="2026-03-23T22:41:16.4430487-07:00" testType="13cdc9d9-ddb5-4fa4-a97d-d965ccfc6d4b" outcome="Passed" testListId="8c84fa94-04c1-424b-9868-57a2d4851a1d" relativeResultsDirectory="1582b22b-49f9-4dc9-8eb4-8a1e2a0d87bb" />
    <UnitTestResult executionId="8a1a5d13-8a98-4639-a0a5-57eacf59c849" testId="a4674f06-7852-1c0d-381d-a43610d2014d" testName="Mockly.Specs.AssertionSpecs+WithBodyHavingPropertiesOf.Fails_when_body_does_not_have_expected_properties" computerName="CARBON" duration="00:00:00.0030000" startTime="2026-03-23T22:41:16.5253592-07:00" endTime="2026-03-23T22:41:16.5273672-07:00" testType="13cdc9d9-ddb5-4fa4-a97d-d965ccfc6d4b" outcome="Passed" testListId="8c84fa94-04c1-424b-9868-57a2d4851a1d" relativeResultsDirectory="8a1a5d13-8a98-4639-a0a5-57eacf59c849" />
    <UnitTestResult executionId="6f59ef0c-84ad-4d4e-b408-b43e9932a7ef" testId="0cfb403c-69f4-88cd-ef48-8f242663d165" testName="Mockly.Specs.AssertionSpecs+RequestCollectionSpecs.Can_assert_request_collection_is_not_empty" computerName="CARBON" duration="00:00:00.0010000" startTime="2026-03-23T22:41:16.4460629-07:00" endTime="2026-03-23T22:41:16.4480719-07:00" testType="13cdc9d9-ddb5-4fa4-a97d-d965ccfc6d4b" outcome="Passed" testListId="8c84fa94-04c1-424b-9868-57a2d4851a1d" relativeResultsDirectory="6f59ef0c-84ad-4d4e-b408-b43e9932a7ef" />
    <UnitTestResult executionId="12a80612-3f14-46bf-84dd-87fd28d9aed0" testId="49dc541f-044f-5b78-be77-ccc4e63b029e" testName="Mockly.Specs.AssertionSpecs+WithBodyHavingPropertiesEqualTo.Fails_when_body_has_mismatched_property_values" computerName="CARBON" duration="00:00:00.8800000" startTime="2026-03-23T22:41:15.6614825-07:00" endTime="2026-03-23T22:41:16.5017405-07:00" testType="13cdc9d9-ddb5-4fa4-a97d-d965ccfc6d4b" outcome="Passed" testListId="8c84fa94-04c1-424b-9868-57a2d4851a1d" relativeResultsDirectory="12a80612-3f14-46bf-84dd-87fd28d9aed0" />
    <UnitTestResult executionId="a43e0e87-8752-4e7d-b751-d991f54789ad" testId="e34b587a-7671-8690-5bc3-7264f794cbe8" testName="Mockly.Specs.AssertionSpecs+WithBodyEquivalentTo.Matches_body_equivalent_to_anonymous_object" computerName="CARBON" duration="00:00:00.9090000" startTime="2026-03-23T22:41:15.6614825-07:00" endTime="2026-03-23T22:41:16.5374071-07:00" testType="13cdc9d9-ddb5-4fa4-a97d-d965ccfc6d4b" outcome="Passed" testListId="8c84fa94-04c1-424b-9868-57a2d4851a1d" relativeResultsDirectory="a43e0e87-8752-4e7d-b751-d991f54789ad" />
    <UnitTestResult executionId="d16cece3-fa44-4e6e-a7a9-446ceee644cf" testId="1b6bf0c4-e835-e856-d53f-a48f9aea0f01" testName="Mockly.Specs.AssertionSpecs+WithBodyHavingPropertiesOf.Matches_body_having_properties_of_dictionary_when_request_has_properties_with_null_values" computerName="CARBON" duration="00:00:00.0030000" startTime="2026-03-23T22:41:16.5233506-07:00" endTime="2026-03-23T22:41:16.5233506-07:00" testType="13cdc9d9-ddb5-4fa4-a97d-d965ccfc6d4b" outcome="Passed" testListId="8c84fa94-04c1-424b-9868-57a2d4851a1d" relativeResultsDirectory="d16cece3-fa44-4e6e-a7a9-446ceee644cf" />
    <UnitTestResult executionId="b61ff197-1160-434c-a337-230572a51442" testId="5d40fb3d-e682-1f28-058a-e76b62cb2a92" testName="Mockly.Specs.AssertionSpecs+ContainRequestFor.Finds_request_for_absolute_uri" computerName="CARBON" duration="00:00:00.0010000" startTime="2026-03-23T22:41:16.4500807-07:00" endTime="2026-03-23T22:41:16.4601533-07:00" testType="13cdc9d9-ddb5-4fa4-a97d-d965ccfc6d4b" outcome="Passed" testListId="8c84fa94-04c1-424b-9868-57a2d4851a1d" relativeResultsDirectory="b61ff197-1160-434c-a337-230572a51442" />
    <UnitTestResult executionId="1d8ddd14-d170-4389-858b-e66c4ad78bd7" testId="8ef5df37-3c06-4217-a380-4b87266853e0" testName="Mockly.Specs.AssertionSpecs+HttpMockSpecs.Can_assert_all_mocks_have_been_invoked" computerName="CARBON" duration="00:00:00.0040000" startTime="2026-03-23T22:41:16.4269910-07:00" endTime="2026-03-23T22:41:16.4618935-07:00" testType="13cdc9d9-ddb5-4fa4-a97d-d965ccfc6d4b" outcome="Passed" testListId="8c84fa94-04c1-424b-9868-57a2d4851a1d" relativeResultsDirectory="1d8ddd14-d170-4389-858b-e66c4ad78bd7" />
    <UnitTestResult executionId="10d518a3-c937-4386-befa-7f5705aeece0" testId="7eed4ad2-2867-2daf-1c55-5c3fdfc1e8c3" testName="Mockly.Specs.AssertionSpecs+NotContainRequestFor.Succeeds_when_no_matching_request_exists" computerName="CARBON" duration="00:00:00.5770000" startTime="2026-03-23T22:41:15.6574643-07:00" endTime="2026-03-23T22:41:16.2635596-07:00" testType="13cdc9d9-ddb5-4fa4-a97d-d965ccfc6d4b" outcome="Passed" testListId="8c84fa94-04c1-424b-9868-57a2d4851a1d" relativeResultsDirectory="10d518a3-c937-4386-befa-7f5705aeece0" />
    <UnitTestResult executionId="9734e384-31df-461d-8bd4-24259727d4ab" testId="4d388866-94f0-a1f8-a044-c9527ae9ed13" testName="Mockly.Specs.AssertionSpecs+WithBodyHavingPropertiesOf.Can_handle_different_json_types" computerName="CARBON" duration="00:00:00.0650000" startTime="2026-03-23T22:41:16.4618935-07:00" endTime="2026-03-23T22:41:16.4938140-07:00" testType="13cdc9d9-ddb5-4fa4-a97d-d965ccfc6d4b" outcome="Passed" testListId="8c84fa94-04c1-424b-9868-57a2d4851a1d" relativeResultsDirectory="9734e384-31df-461d-8bd4-24259727d4ab" />
    <UnitTestResult executionId="de2dc75c-023e-490a-91e4-2fc3b9269e94" testId="c9dc155a-7a61-7d68-adad-d42ee9979057" testName="Mockly.Specs.AssertionSpecs+WithBodyHavingPropertiesOf.Matches_body_having_properties_of_dictionary" computerName="CARBON" duration="00:00:00.0030000" startTime="2026-03-23T22:41:16.5213419-07:00" endTime="2026-03-23T22:41:16.5213419-07:00" testType="13cdc9d9-ddb5-4fa4-a97d-d965ccfc6d4b" outcome="Passed" testListId="8c84fa94-04c1-424b-9868-57a2d4851a1d" relativeResultsDirectory="de2dc75c-023e-490a-91e4-2fc3b9269e94" />
    <UnitTestResult executionId="1f727330-2b44-4cf1-bdcf-1fe81ac83e74" testId="e0c3e227-c316-6ffb-2b01-82051569f009" testName="Mockly.Specs.AssertionSpecs+RequestCollectionSpecs.Will_throw_when_request_collection_is_empty" computerName="CARBON" duration="00:00:00.2070000" startTime="2026-03-23T22:41:16.2595507-07:00" endTime="2026-03-23T22:41:16.4410416-07:00" testType="13cdc9d9-ddb5-4fa4-a97d-d965ccfc6d4b" outcome="Passed" testListId="8c84fa94-04c1-424b-9868-57a2d4851a1d" relativeResultsDirectory="1f727330-2b44-4cf1-bdcf-1fe81ac83e74" />
    <UnitTestResult executionId="09eeeed2-87b8-49d8-a300-0b321cd04d6e" testId="ef99386d-dda7-7789-1397-f2c04cddd9e1" testName="Mockly.Specs.AssertionSpecs+RequestCollectionSpecs.Will_throw_when_unexpected_calls_are_present" computerName="CARBON" duration="00:00:00.0020000" startTime="2026-03-23T22:41:16.4500807-07:00" endTime="2026-03-23T22:41:16.4618935-07:00" testType="13cdc9d9-ddb5-4fa4-a97d-d965ccfc6d4b" outcome="Passed" testListId="8c84fa94-04c1-424b-9868-57a2d4851a1d" relativeResultsDirectory="09eeeed2-87b8-49d8-a300-0b321cd04d6e" />
    <UnitTestResult executionId="888cb96a-0d76-4816-bc31-a27d031c88da" testId="47209787-65ed-b399-3d21-8c4d0477d327" testName="Mockly.Specs.AssertionSpecs+HttpMockSpecs.Will_throw_when_not_all_mocks_have_been_invoked" computerName="CARBON" duration="00:00:00.7920000" startTime="2026-03-23T22:41:15.6634924-07:00" endTime="2026-03-23T22:41:16.4157281-07:00" testType="13cdc9d9-ddb5-4fa4-a97d-d965ccfc6d4b" outcome="Passed" testListId="8c84fa94-04c1-424b-9868-57a2d4851a1d" relativeResultsDirectory="888cb96a-0d76-4816-bc31-a27d031c88da" />
    <UnitTestResult executionId="cf378b73-c981-42e0-86c8-65dfed7cbeb1" testId="c7d1d335-6c76-59b5-b1a7-be3dde47c5bf" testName="Mockly.Specs.AssertionSpecs+ContainRequestFor.Fails_when_the_expected_request_is_missing" computerName="CARBON" duration="00:00:00.1770000" startTime="2026-03-23T22:41:16.2965344-07:00" endTime="2026-03-23T22:41:16.4269910-07:00" testType="13cdc9d9-ddb5-4fa4-a97d-d965ccfc6d4b" outcome="Passed" testListId="8c84fa94-04c1-424b-9868-57a2d4851a1d" relativeResultsDirectory="cf378b73-c981-42e0-86c8-65dfed7cbeb1" />
    <UnitTestResult executionId="2da5a7a7-52ca-4c24-84ea-08b77696351a" testId="49faf4b9-a4e7-1627-d786-dba84d34155c" testName="Mockly.Specs.AssertionSpecs+WithBody.Fails_when_body_does_not_match_wildcard_pattern" computerName="CARBON" duration="00:00:00.1770000" startTime="2026-03-23T22:41:16.2905062-07:00" endTime="2026-03-23T22:41:16.4209797-07:00" testType="13cdc9d9-ddb5-4fa4-a97d-d965ccfc6d4b" outcome="Passed" testListId="8c84fa94-04c1-424b-9868-57a2d4851a1d" relativeResultsDirectory="2da5a7a7-52ca-4c24-84ea-08b77696351a" />
    <UnitTestResult executionId="ad9f9c77-7acf-4374-adc6-eeb84ff4c79e" testId="a0bc3d09-1b39-04a0-76a1-c93d35821fb5" testName="Mockly.Specs.AssertionSpecs+WithBodyMatchingJson.Fails_when_body_json_does_not_match" computerName="CARBON" duration="00:00:00.0030000" startTime="2026-03-23T22:41:16.4269910-07:00" endTime="2026-03-23T22:41:16.4601533-07:00" testType="13cdc9d9-ddb5-4fa4-a97d-d965ccfc6d4b" outcome="Passed" testListId="8c84fa94-04c1-424b-9868-57a2d4851a1d" relativeResultsDirectory="ad9f9c77-7acf-4374-adc6-eeb84ff4c79e" />
    <UnitTestResult executionId="4f8afe7a-a48f-48e4-a9d2-7478e6d0f54e" testId="afac4e4e-eb45-64c3-84da-47e32f471c42" testName="Mockly.Specs.AssertionSpecs+WithBodyHavingPropertiesEqualTo.Fails_when_body_has_extra_properties" computerName="CARBON" duration="00:00:00.0200000" startTime="2026-03-23T22:41:16.5118518-07:00" endTime="2026-03-23T22:41:16.5333909-07:00" testType="13cdc9d9-ddb5-4fa4-a97d-d965ccfc6d4b" outcome="Passed" testListId="8c84fa94-04c1-424b-9868-57a2d4851a1d" relativeResultsDirectory="4f8afe7a-a48f-48e4-a9d2-7478e6d0f54e" />
    <UnitTestResult executionId="a22d2c89-f3e2-4b48-bb89-7b94d910c917" testId="6c787cf6-736b-1ef3-5573-7f86543bf446" testName="Mockly.Specs.AssertionSpecs+WithBodyHavingPropertiesOf.Fails_when_none_of_the_requests_have_the_expected_property_and_value" computerName="CARBON" duration="00:00:00.0070000" startTime="2026-03-23T22:41:16.4997318-07:00" endTime="2026-03-23T22:41:16.5118518-07:00" testType="13cdc9d9-ddb5-4fa4-a97d-d965ccfc6d4b" outcome="Passed" testListId="8c84fa94-04c1-424b-9868-57a2d4851a1d" relativeResultsDirectory="a22d2c89-f3e2-4b48-bb89-7b94d910c917" />
    <UnitTestResult executionId="c8d7be3b-b367-46fa-82ad-ac93ba1d5b11" testId="9534670e-8df7-288b-88af-22cfc93f3acd" testName="Mockly.Specs.AssertionSpecs+Chaining.Works_for_contained_request_assertions" computerName="CARBON" duration="00:00:00.8330000" startTime="2026-03-23T22:41:15.6525751-07:00" endTime="2026-03-23T22:41:16.4618935-07:00" testType="13cdc9d9-ddb5-4fa4-a97d-d965ccfc6d4b" outcome="Passed" testListId="8c84fa94-04c1-424b-9868-57a2d4851a1d" relativeResultsDirectory="c8d7be3b-b367-46fa-82ad-ac93ba1d5b11" />
    <UnitTestResult executionId="602ac655-9637-4da9-b6c2-55f06cb6e190" testId="44543a50-3c4b-4b62-7431-35b85c3c92cb" testName="Mockly.Specs.AssertionSpecs+WithBodyMatchingJson.Can_match_against_multiple_requests" computerName="CARBON" duration="00:00:00.0050000" startTime="2026-03-23T22:41:16.3516474-07:00" endTime="2026-03-23T22:41:16.3536556-07:00" testType="13cdc9d9-ddb5-4fa4-a97d-d965ccfc6d4b" outcome="Passed" testListId="8c84fa94-04c1-424b-9868-57a2d4851a1d" relativeResultsDirectory="602ac655-9637-4da9-b6c2-55f06cb6e190" />
    <UnitTestResult executionId="7818f151-4482-4ed1-bc5a-23a8022bfb9e" testId="507b895f-35eb-d8e2-d338-e00791fd0a62" testName="Mockly.Specs.AssertionSpecs+ContainRequest.Can_ensure_a_request_was_captured" computerName="CARBON" duration="00:00:00.5720000" startTime="2026-03-23T22:41:15.6614825-07:00" endTime="2026-03-23T22:41:16.2220417-07:00" testType="13cdc9d9-ddb5-4fa4-a97d-d965ccfc6d4b" outcome="Passed" testListId="8c84fa94-04c1-424b-9868-57a2d4851a1d" relativeResultsDirectory="7818f151-4482-4ed1-bc5a-23a8022bfb9e" />
    <UnitTestResult executionId="83d2aa47-5836-4f43-8c80-93ac1011ef4f" testId="ae82fcd3-07f9-386f-02bb-6dce684388af" testName="Mockly.Specs.AssertionSpecs+NotContainRequestFor.Fails_when_a_matching_request_exists_with_clear_diagnostics" computerName="CARBON" duration="00:00:00.2060000" startTime="2026-03-23T22:41:16.2655640-07:00" endTime="2026-03-23T22:41:16.4390308-07:00" testType="13cdc9d9-ddb5-4fa4-a97d-d965ccfc6d4b" outcome="Passed" testListId="8c84fa94-04c1-424b-9868-57a2d4851a1d" relativeResultsDirectory="83d2aa47-5836-4f43-8c80-93ac1011ef4f" />
    <UnitTestResult executionId="f4b1f349-ca3f-444b-bff6-b3e4df57128c" testId="04cefb37-fffd-5752-eb02-0a3bc8a150a1" testName="Mockly.Specs.AssertionSpecs+ContainRequestFor.Fails_when_no_requests_are_captured_at_all" computerName="CARBON" duration="00:00:00.0020000" startTime="2026-03-23T22:41:16.4306773-07:00" endTime="2026-03-23T22:41:16.4500807-07:00" testType="13cdc9d9-ddb5-4fa4-a97d-d965ccfc6d4b" outcome="Passed" testListId="8c84fa94-04c1-424b-9868-57a2d4851a1d" relativeResultsDirectory="f4b1f349-ca3f-444b-bff6-b3e4df57128c" />
    <UnitTestResult executionId="5f55aaa1-4a55-49d1-9b87-430d41ba32d0" testId="cb204e4d-13e4-1670-5370-95802c86058c" testName="Mockly.Specs.AssertionSpecs+WithBodyHavingPropertiesOf.Matches_body_having_property_when_request_has_properties_with_null_values" computerName="CARBON" duration="00:00:00.0010000" startTime="2026-03-23T22:41:16.5138596-07:00" endTime="2026-03-23T22:41:16.5172591-07:00" testType="13cdc9d9-ddb5-4fa4-a97d-d965ccfc6d4b" outcome="Passed" testListId="8c84fa94-04c1-424b-9868-57a2d4851a1d" relativeResultsDirectory="5f55aaa1-4a55-49d1-9b87-430d41ba32d0" />
    <UnitTestResult executionId="0ce01082-3f68-435f-bb61-c67be3245d5f" testId="53330f41-cdf9-1598-28a3-21fa0c48e150" testName="Mockly.Specs.AssertionSpecs+WithBody.Can_match_multiple_requests" computerName="CARBON" duration="00:00:00.6100000" startTime="2026-03-23T22:41:15.6614825-07:00" endTime="2026-03-23T22:41:16.2787152-07:00" testType="13cdc9d9-ddb5-4fa4-a97d-d965ccfc6d4b" outcome="Passed" testListId="8c84fa94-04c1-424b-9868-57a2d4851a1d" relativeResultsDirectory="0ce01082-3f68-435f-bb61-c67be3245d5f" />
    <UnitTestResult executionId="58c6e994-6777-4f5e-8198-4c73075205f0" testId="7fb5b57a-a7b3-a838-984e-08b0b9dea7ad" testName="Mockly.Specs.AssertionSpecs+WithBody.Matches_body_with_wildcard_pattern" computerName="CARBON" duration="00:00:00.0010000" startTime="2026-03-23T22:41:16.2867452-07:00" endTime="2026-03-23T22:41:16.2867452-07:00" testType="13cdc9d9-ddb5-4fa4-a97d-d965ccfc6d4b" outcome="Passed" testListId="8c84fa94-04c1-424b-9868-57a2d4851a1d" relativeResultsDirectory="58c6e994-6777-4f5e-8198-4c73075205f0" />
    <UnitTestResult executionId="6d95a641-6c85-4526-9282-b2968ca2835a" testId="15bee363-7a9b-d0b4-5324-8e2a789c85fd" testName="Mockly.Specs.AssertionSpecs+CapturedRequestAssertions.Can_assert_captured_request_is_expected" computerName="CARBON" duration="00:00:00.5730000" startTime="2026-03-23T22:41:15.6594730-07:00" endTime="2026-03-23T22:41:16.2094592-07:00" testType="13cdc9d9-ddb5-4fa4-a97d-d965ccfc6d4b" outcome="Passed" testListId="8c84fa94-04c1-424b-9868-57a2d4851a1d" relativeResultsDirectory="6d95a641-6c85-4526-9282-b2968ca2835a" />
    <UnitTestResult executionId="3c91023d-6db6-4ebd-9880-4e29018ece00" testId="c766a5ef-3079-2dbd-2cd3-1316c1171d6c" testName="Mockly.Specs.AssertionSpecs+WithBodyHavingPropertiesEqualTo.Matches_body_having_properties_equal_to_dictionary" computerName="CARBON" duration="00:00:00.0010000" startTime="2026-03-23T22:41:16.5043277-07:00" endTime="2026-03-23T22:41:16.5043277-07:00" testType="13cdc9d9-ddb5-4fa4-a97d-d965ccfc6d4b" outcome="Passed" testListId="8c84fa94-04c1-424b-9868-57a2d4851a1d" relativeResultsDirectory="3c91023d-6db6-4ebd-9880-4e29018ece00" />
    <UnitTestResult executionId="b629e032-5230-434f-9db8-8247d051a4fa" testId="eca8f3bb-082c-5b21-e734-04afcc383b4f" testName="Mockly.Specs.AssertionSpecs+WithBodyHavingPropertiesOf.Ignores_extra_properties_in_body" computerName="CARBON" duration="00:00:00.0010000" startTime="2026-03-23T22:41:16.5293753-07:00" endTime="2026-03-23T22:41:16.5293753-07:00" testType="13cdc9d9-ddb5-4fa4-a97d-d965ccfc6d4b" outcome="Passed" testListId="8c84fa94-04c1-424b-9868-57a2d4851a1d" relativeResultsDirectory="b629e032-5230-434f-9db8-8247d051a4fa" />
    <UnitTestResult executionId="2d3cb274-f0fe-44e1-82ee-6458f8329c01" testId="f5f7f75c-3639-b96d-e30a-e9c3d45593b8" testName="Mockly.Specs.AssertionSpecs+CapturedRequestAssertions.Can_assert_captured_request_is_unexpected" computerName="CARBON" duration="00:00:00.0080000" startTime="2026-03-23T22:41:16.2635596-07:00" endTime="2026-03-23T22:41:16.2675689-07:00" testType="13cdc9d9-ddb5-4fa4-a97d-d965ccfc6d4b" outcome="Passed" testListId="8c84fa94-04c1-424b-9868-57a2d4851a1d" relativeResultsDirectory="2d3cb274-f0fe-44e1-82ee-6458f8329c01" />
    <UnitTestResult executionId="ed9c5533-3ba5-4377-a7f3-f4352558146a" testId="caa73d8a-f8b2-36f1-8720-bb07856623ee" testName="Mockly.Specs.AssertionSpecs+WithBodyHavingPropertiesOf.Fails_when_body_is_not_json_object" computerName="CARBON" duration="00:00:00.8040000" startTime="2026-03-23T22:41:15.6614825-07:00" endTime="2026-03-23T22:41:16.4618935-07:00" testType="13cdc9d9-ddb5-4fa4-a97d-d965ccfc6d4b" outcome="Passed" testListId="8c84fa94-04c1-424b-9868-57a2d4851a1d" relativeResultsDirectory="ed9c5533-3ba5-4377-a7f3-f4352558146a" />
    <UnitTestResult executionId="a3b16cb1-252c-4fb8-b295-2e7e62eed514" testId="ea0575fe-d1c3-6f20-71c4-9fc858e77290" testName="Mockly.Specs.AssertionSpecs+WithBodyHavingPropertiesOf.Fails_when_body_does_not_have_the_expected_property_and_value" computerName="CARBON" duration="00:00:00.0020000" startTime="2026-03-23T22:41:16.5313830-07:00" endTime="2026-03-23T22:41:16.5313830-07:00" testType="13cdc9d9-ddb5-4fa4-a97d-d965ccfc6d4b" outcome="Passed" testListId="8c84fa94-04c1-424b-9868-57a2d4851a1d" relativeResultsDirectory="a3b16cb1-252c-4fb8-b295-2e7e62eed514" />
    <UnitTestResult executionId="27b0a238-1761-4cf2-b776-eee6f10f4078" testId="5ee6e4ea-feee-782b-94e0-46c48cdb6f5f" testName="Mockly.Specs.AssertionSpecs+CapturedRequestAssertions.Will_throw_when_captured_request_is_not_expected" computerName="CARBON" duration="00:00:00.1980000" startTime="2026-03-23T22:41:16.2767053-07:00" endTime="2026-03-23T22:41:16.4306773-07:00" testType="13cdc9d9-ddb5-4fa4-a97d-d965ccfc6d4b" outcome="Passed" testListId="8c84fa94-04c1-424b-9868-57a2d4851a1d" relativeResultsDirectory="27b0a238-1761-4cf2-b776-eee6f10f4078" />
    <UnitTestResult executionId="0ad85e3a-08b2-431d-a438-b08aaa93a832" testId="5ad32080-7ebd-81d9-a5bc-94d8e6ce47e5" testName="Mockly.Specs.AssertionSpecs+ContainRequestFor.Finds_request_for_relative_path" computerName="CARBON" duration="00:00:00.6120000" startTime="2026-03-23T22:41:15.6614825-07:00" endTime="2026-03-23T22:41:16.2925157-07:00" testType="13cdc9d9-ddb5-4fa4-a97d-d965ccfc6d4b" outcome="Passed" testListId="8c84fa94-04c1-424b-9868-57a2d4851a1d" relativeResultsDirectory="0ad85e3a-08b2-431d-a438-b08aaa93a832" />
  </Results>
  <TestDefinitions>
    <UnitTest name="Mockly.Specs.AssertionSpecs+RequestCollectionSpecs.Can_assert_request_collection_is_not_empty" storage="c:\workspaces\fluentassertions.mockly\fluentassertions.mockly.v8.specs\bin\debug\net472\fluentassertions.mockly.v8.specs.dll" id="0cfb403c-69f4-88cd-ef48-8f242663d165">
      <Execution id="6f59ef0c-84ad-4d4e-b408-b43e9932a7ef" />
      <TestMethod codeBase="C:\Workspaces\fluentassertions.mockly\FluentAssertions.Mockly.v8.Specs\bin\Debug\net472\FluentAssertions.Mockly.v8.Specs.dll" adapterTypeName="executor://xunit/VsTestRunner3/netfx/" className="Mockly.Specs.AssertionSpecs+RequestCollectionSpecs" name="Can_assert_request_collection_is_not_empty" />
    </UnitTest>
    <UnitTest name="Mockly.Specs.AssertionSpecs+RequestCollectionSpecs.Can_assert_no_unexpected_calls" storage="c:\workspaces\fluentassertions.mockly\fluentassertions.mockly.v8.specs\bin\debug\net472\fluentassertions.mockly.v8.specs.dll" id="fdea7b1c-e83b-e198-fe29-d52785c5a990">
      <Execution id="7849e649-7184-4097-89a5-18edc3d9e478" />
      <TestMethod codeBase="C:\Workspaces\fluentassertions.mockly\FluentAssertions.Mockly.v8.Specs\bin\Debug\net472\FluentAssertions.Mockly.v8.Specs.dll" adapterTypeName="executor://xunit/VsTestRunner3/netfx/" className="Mockly.Specs.AssertionSpecs+RequestCollectionSpecs" name="Can_assert_no_unexpected_calls" />
    </UnitTest>
    <UnitTest name="Mockly.Specs.AssertionSpecs+CapturedRequestAssertions.Will_throw_when_captured_request_is_expected_but_asserted_unexpected" storage="c:\workspaces\fluentassertions.mockly\fluentassertions.mockly.v8.specs\bin\debug\net472\fluentassertions.mockly.v8.specs.dll" id="8fb86409-34dc-f4ba-6334-e9ff54c44377">
      <Execution id="6a0b977f-0438-4b9f-9dd6-769905f53662" />
      <TestMethod codeBase="C:\Workspaces\fluentassertions.mockly\FluentAssertions.Mockly.v8.Specs\bin\Debug\net472\FluentAssertions.Mockly.v8.Specs.dll" adapterTypeName="executor://xunit/VsTestRunner3/netfx/" className="Mockly.Specs.AssertionSpecs+CapturedRequestAssertions" name="Will_throw_when_captured_request_is_expected_but_asserted_unexpected" />
    </UnitTest>
    <UnitTest name="Mockly.Specs.AssertionSpecs+ContainRequestFor.Fails_when_the_expected_request_is_missing" storage="c:\workspaces\fluentassertions.mockly\fluentassertions.mockly.v8.specs\bin\debug\net472\fluentassertions.mockly.v8.specs.dll" id="c7d1d335-6c76-59b5-b1a7-be3dde47c5bf">
      <Execution id="cf378b73-c981-42e0-86c8-65dfed7cbeb1" />
      <TestMethod codeBase="C:\Workspaces\fluentassertions.mockly\FluentAssertions.Mockly.v8.Specs\bin\Debug\net472\FluentAssertions.Mockly.v8.Specs.dll" adapterTypeName="executor://xunit/VsTestRunner3/netfx/" className="Mockly.Specs.AssertionSpecs+ContainRequestFor" name="Fails_when_the_expected_request_is_missing" />
    </UnitTest>
    <UnitTest name="Mockly.Specs.AssertionSpecs+ContainRequestFor.Fails_when_no_requests_are_captured_at_all" storage="c:\workspaces\fluentassertions.mockly\fluentassertions.mockly.v8.specs\bin\debug\net472\fluentassertions.mockly.v8.specs.dll" id="04cefb37-fffd-5752-eb02-0a3bc8a150a1">
      <Execution id="f4b1f349-ca3f-444b-bff6-b3e4df57128c" />
      <TestMethod codeBase="C:\Workspaces\fluentassertions.mockly\FluentAssertions.Mockly.v8.Specs\bin\Debug\net472\FluentAssertions.Mockly.v8.Specs.dll" adapterTypeName="executor://xunit/VsTestRunner3/netfx/" className="Mockly.Specs.AssertionSpecs+ContainRequestFor" name="Fails_when_no_requests_are_captured_at_all" />
    </UnitTest>
    <UnitTest name="Mockly.Specs.AssertionSpecs+WithBodyEquivalentTo.Fails_when_body_is_not_equivalent_to_anonymous_object" storage="c:\workspaces\fluentassertions.mockly\fluentassertions.mockly.v8.specs\bin\debug\net472\fluentassertions.mockly.v8.specs.dll" id="d40e3787-336e-a639-9482-5640b3992813">
      <Execution id="de46c1af-50bb-45c9-ae81-f6362689d077" />
      <TestMethod codeBase="C:\Workspaces\fluentassertions.mockly\FluentAssertions.Mockly.v8.Specs\bin\Debug\net472\FluentAssertions.Mockly.v8.Specs.dll" adapterTypeName="executor://xunit/VsTestRunner3/netfx/" className="Mockly.Specs.AssertionSpecs+WithBodyEquivalentTo" name="Fails_when_body_is_not_equivalent_to_anonymous_object" />
    </UnitTest>
    <UnitTest name="Mockly.Specs.AssertionSpecs+HttpMockSpecs.Can_assert_all_mocks_have_been_invoked" storage="c:\workspaces\fluentassertions.mockly\fluentassertions.mockly.v8.specs\bin\debug\net472\fluentassertions.mockly.v8.specs.dll" id="8ef5df37-3c06-4217-a380-4b87266853e0">
      <Execution id="1d8ddd14-d170-4389-858b-e66c4ad78bd7" />
      <TestMethod codeBase="C:\Workspaces\fluentassertions.mockly\FluentAssertions.Mockly.v8.Specs\bin\Debug\net472\FluentAssertions.Mockly.v8.Specs.dll" adapterTypeName="executor://xunit/VsTestRunner3/netfx/" className="Mockly.Specs.AssertionSpecs+HttpMockSpecs" name="Can_assert_all_mocks_have_been_invoked" />
    </UnitTest>
    <UnitTest name="Mockly.Specs.AssertionSpecs+NotContainRequestFor.Succeeds_when_no_matching_request_exists" storage="c:\workspaces\fluentassertions.mockly\fluentassertions.mockly.v8.specs\bin\debug\net472\fluentassertions.mockly.v8.specs.dll" id="7eed4ad2-2867-2daf-1c55-5c3fdfc1e8c3">
      <Execution id="10d518a3-c937-4386-befa-7f5705aeece0" />
      <TestMethod codeBase="C:\Workspaces\fluentassertions.mockly\FluentAssertions.Mockly.v8.Specs\bin\Debug\net472\FluentAssertions.Mockly.v8.Specs.dll" adapterTypeName="executor://xunit/VsTestRunner3/netfx/" className="Mockly.Specs.AssertionSpecs+NotContainRequestFor" name="Succeeds_when_no_matching_request_exists" />
    </UnitTest>
    <UnitTest name="Mockly.Specs.AssertionSpecs+WithBodyMatchingJson.Fails_when_body_json_does_not_match" storage="c:\workspaces\fluentassertions.mockly\fluentassertions.mockly.v8.specs\bin\debug\net472\fluentassertions.mockly.v8.specs.dll" id="a0bc3d09-1b39-04a0-76a1-c93d35821fb5">
      <Execution id="ad9f9c77-7acf-4374-adc6-eeb84ff4c79e" />
      <TestMethod codeBase="C:\Workspaces\fluentassertions.mockly\FluentAssertions.Mockly.v8.Specs\bin\Debug\net472\FluentAssertions.Mockly.v8.Specs.dll" adapterTypeName="executor://xunit/VsTestRunner3/netfx/" className="Mockly.Specs.AssertionSpecs+WithBodyMatchingJson" name="Fails_when_body_json_does_not_match" />
    </UnitTest>
    <UnitTest name="Mockly.Specs.AssertionSpecs+NotContainRequestFor.Fails_when_a_matching_request_exists_with_clear_diagnostics" storage="c:\workspaces\fluentassertions.mockly\fluentassertions.mockly.v8.specs\bin\debug\net472\fluentassertions.mockly.v8.specs.dll" id="ae82fcd3-07f9-386f-02bb-6dce684388af">
      <Execution id="83d2aa47-5836-4f43-8c80-93ac1011ef4f" />
      <TestMethod codeBase="C:\Workspaces\fluentassertions.mockly\FluentAssertions.Mockly.v8.Specs\bin\Debug\net472\FluentAssertions.Mockly.v8.Specs.dll" adapterTypeName="executor://xunit/VsTestRunner3/netfx/" className="Mockly.Specs.AssertionSpecs+NotContainRequestFor" name="Fails_when_a_matching_request_exists_with_clear_diagnostics" />
    </UnitTest>
    <UnitTest name="Mockly.Specs.AssertionSpecs+WithBodyMatchingJson.Fails_when_request_body_is_not_valid_json" storage="c:\workspaces\fluentassertions.mockly\fluentassertions.mockly.v8.specs\bin\debug\net472\fluentassertions.mockly.v8.specs.dll" id="40a28613-8a80-b9f7-87f8-878ea7e8ae8e">
      <Execution id="956d2045-c781-4ba2-9158-26d07fd1c502" />
      <TestMethod codeBase="C:\Workspaces\fluentassertions.mockly\FluentAssertions.Mockly.v8.Specs\bin\Debug\net472\FluentAssertions.Mockly.v8.Specs.dll" adapterTypeName="executor://xunit/VsTestRunner3/netfx/" className="Mockly.Specs.AssertionSpecs+WithBodyMatchingJson" name="Fails_when_request_body_is_not_valid_json" />
    </UnitTest>
    <UnitTest name="Mockly.Specs.AssertionSpecs+WithBodyHavingPropertiesEqualTo.Fails_when_body_has_extra_properties" storage="c:\workspaces\fluentassertions.mockly\fluentassertions.mockly.v8.specs\bin\debug\net472\fluentassertions.mockly.v8.specs.dll" id="afac4e4e-eb45-64c3-84da-47e32f471c42">
      <Execution id="4f8afe7a-a48f-48e4-a9d2-7478e6d0f54e" />
      <TestMethod codeBase="C:\Workspaces\fluentassertions.mockly\FluentAssertions.Mockly.v8.Specs\bin\Debug\net472\FluentAssertions.Mockly.v8.Specs.dll" adapterTypeName="executor://xunit/VsTestRunner3/netfx/" className="Mockly.Specs.AssertionSpecs+WithBodyHavingPropertiesEqualTo" name="Fails_when_body_has_extra_properties" />
    </UnitTest>
    <UnitTest name="Mockly.Specs.AssertionSpecs+ContainRequestFor.Finds_request_for_relative_path" storage="c:\workspaces\fluentassertions.mockly\fluentassertions.mockly.v8.specs\bin\debug\net472\fluentassertions.mockly.v8.specs.dll" id="5ad32080-7ebd-81d9-a5bc-94d8e6ce47e5">
      <Execution id="0ad85e3a-08b2-431d-a438-b08aaa93a832" />
      <TestMethod codeBase="C:\Workspaces\fluentassertions.mockly\FluentAssertions.Mockly.v8.Specs\bin\Debug\net472\FluentAssertions.Mockly.v8.Specs.dll" adapterTypeName="executor://xunit/VsTestRunner3/netfx/" className="Mockly.Specs.AssertionSpecs+ContainRequestFor" name="Finds_request_for_relative_path" />
    </UnitTest>
    <UnitTest name="Mockly.Specs.AssertionSpecs+WithBodyHavingPropertiesOf.Matches_body_having_properties_of_dictionary_when_request_has_properties_with_null_values" storage="c:\workspaces\fluentassertions.mockly\fluentassertions.mockly.v8.specs\bin\debug\net472\fluentassertions.mockly.v8.specs.dll" id="1b6bf0c4-e835-e856-d53f-a48f9aea0f01">
      <Execution id="d16cece3-fa44-4e6e-a7a9-446ceee644cf" />
      <TestMethod codeBase="C:\Workspaces\fluentassertions.mockly\FluentAssertions.Mockly.v8.Specs\bin\Debug\net472\FluentAssertions.Mockly.v8.Specs.dll" adapterTypeName="executor://xunit/VsTestRunner3/netfx/" className="Mockly.Specs.AssertionSpecs+WithBodyHavingPropertiesOf" name="Matches_body_having_properties_of_dictionary_when_request_has_properties_with_null_values" />
    </UnitTest>
    <UnitTest name="Mockly.Specs.AssertionSpecs+WithBodyHavingPropertiesOf.Fails_when_body_does_not_have_the_expected_property_and_value" storage="c:\workspaces\fluentassertions.mockly\fluentassertions.mockly.v8.specs\bin\debug\net472\fluentassertions.mockly.v8.specs.dll" id="ea0575fe-d1c3-6f20-71c4-9fc858e77290">
      <Execution id="a3b16cb1-252c-4fb8-b295-2e7e62eed514" />
      <TestMethod codeBase="C:\Workspaces\fluentassertions.mockly\FluentAssertions.Mockly.v8.Specs\bin\Debug\net472\FluentAssertions.Mockly.v8.Specs.dll" adapterTypeName="executor://xunit/VsTestRunner3/netfx/" className="Mockly.Specs.AssertionSpecs+WithBodyHavingPropertiesOf" name="Fails_when_body_does_not_have_the_expected_property_and_value" />
    </UnitTest>
    <UnitTest name="Mockly.Specs.AssertionSpecs+CapturedRequestAssertions.Can_assert_captured_request_is_unexpected" storage="c:\workspaces\fluentassertions.mockly\fluentassertions.mockly.v8.specs\bin\debug\net472\fluentassertions.mockly.v8.specs.dll" id="f5f7f75c-3639-b96d-e30a-e9c3d45593b8">
      <Execution id="2d3cb274-f0fe-44e1-82ee-6458f8329c01" />
      <TestMethod codeBase="C:\Workspaces\fluentassertions.mockly\FluentAssertions.Mockly.v8.Specs\bin\Debug\net472\FluentAssertions.Mockly.v8.Specs.dll" adapterTypeName="executor://xunit/VsTestRunner3/netfx/" className="Mockly.Specs.AssertionSpecs+CapturedRequestAssertions" name="Can_assert_captured_request_is_unexpected" />
    </UnitTest>
    <UnitTest name="Mockly.Specs.AssertionSpecs+WithBodyHavingPropertiesOf.Matches_body_having_properties_of_dictionary" storage="c:\workspaces\fluentassertions.mockly\fluentassertions.mockly.v8.specs\bin\debug\net472\fluentassertions.mockly.v8.specs.dll" id="c9dc155a-7a61-7d68-adad-d42ee9979057">
      <Execution id="de2dc75c-023e-490a-91e4-2fc3b9269e94" />
      <TestMethod codeBase="C:\Workspaces\fluentassertions.mockly\FluentAssertions.Mockly.v8.Specs\bin\Debug\net472\FluentAssertions.Mockly.v8.Specs.dll" adapterTypeName="executor://xunit/VsTestRunner3/netfx/" className="Mockly.Specs.AssertionSpecs+WithBodyHavingPropertiesOf" name="Matches_body_having_properties_of_dictionary" />
    </UnitTest>
    <UnitTest name="Mockly.Specs.AssertionSpecs+WithBodyHavingPropertiesEqualTo.Matches_body_having_properties_equal_to_dictionary" storage="c:\workspaces\fluentassertions.mockly\fluentassertions.mockly.v8.specs\bin\debug\net472\fluentassertions.mockly.v8.specs.dll" id="c766a5ef-3079-2dbd-2cd3-1316c1171d6c">
      <Execution id="3c91023d-6db6-4ebd-9880-4e29018ece00" />
      <TestMethod codeBase="C:\Workspaces\fluentassertions.mockly\FluentAssertions.Mockly.v8.Specs\bin\Debug\net472\FluentAssertions.Mockly.v8.Specs.dll" adapterTypeName="executor://xunit/VsTestRunner3/netfx/" className="Mockly.Specs.AssertionSpecs+WithBodyHavingPropertiesEqualTo" name="Matches_body_having_properties_equal_to_dictionary" />
    </UnitTest>
    <UnitTest name="Mockly.Specs.AssertionSpecs+HttpMockSpecs.Will_throw_when_not_all_mocks_have_been_invoked" storage="c:\workspaces\fluentassertions.mockly\fluentassertions.mockly.v8.specs\bin\debug\net472\fluentassertions.mockly.v8.specs.dll" id="47209787-65ed-b399-3d21-8c4d0477d327">
      <Execution id="888cb96a-0d76-4816-bc31-a27d031c88da" />
      <TestMethod codeBase="C:\Workspaces\fluentassertions.mockly\FluentAssertions.Mockly.v8.Specs\bin\Debug\net472\FluentAssertions.Mockly.v8.Specs.dll" adapterTypeName="executor://xunit/VsTestRunner3/netfx/" className="Mockly.Specs.AssertionSpecs+HttpMockSpecs" name="Will_throw_when_not_all_mocks_have_been_invoked" />
    </UnitTest>
    <UnitTest name="Mockly.Specs.AssertionSpecs+CapturedRequestAssertions.Can_assert_captured_request_is_expected" storage="c:\workspaces\fluentassertions.mockly\fluentassertions.mockly.v8.specs\bin\debug\net472\fluentassertions.mockly.v8.specs.dll" id="15bee363-7a9b-d0b4-5324-8e2a789c85fd">
      <Execution id="6d95a641-6c85-4526-9282-b2968ca2835a" />
      <TestMethod codeBase="C:\Workspaces\fluentassertions.mockly\FluentAssertions.Mockly.v8.Specs\bin\Debug\net472\FluentAssertions.Mockly.v8.Specs.dll" adapterTypeName="executor://xunit/VsTestRunner3/netfx/" className="Mockly.Specs.AssertionSpecs+CapturedRequestAssertions" name="Can_assert_captured_request_is_expected" />
    </UnitTest>
    <UnitTest name="Mockly.Specs.AssertionSpecs+WithBodyHavingPropertiesOf.Fails_when_body_is_not_json_object" storage="c:\workspaces\fluentassertions.mockly\fluentassertions.mockly.v8.specs\bin\debug\net472\fluentassertions.mockly.v8.specs.dll" id="caa73d8a-f8b2-36f1-8720-bb07856623ee">
      <Execution id="ed9c5533-3ba5-4377-a7f3-f4352558146a" />
      <TestMethod codeBase="C:\Workspaces\fluentassertions.mockly\FluentAssertions.Mockly.v8.Specs\bin\Debug\net472\FluentAssertions.Mockly.v8.Specs.dll" adapterTypeName="executor://xunit/VsTestRunner3/netfx/" className="Mockly.Specs.AssertionSpecs+WithBodyHavingPropertiesOf" name="Fails_when_body_is_not_json_object" />
    </UnitTest>
    <UnitTest name="Mockly.Specs.AssertionSpecs+RequestCollectionSpecs.Will_throw_when_unexpected_calls_are_present" storage="c:\workspaces\fluentassertions.mockly\fluentassertions.mockly.v8.specs\bin\debug\net472\fluentassertions.mockly.v8.specs.dll" id="ef99386d-dda7-7789-1397-f2c04cddd9e1">
      <Execution id="09eeeed2-87b8-49d8-a300-0b321cd04d6e" />
      <TestMethod codeBase="C:\Workspaces\fluentassertions.mockly\FluentAssertions.Mockly.v8.Specs\bin\Debug\net472\FluentAssertions.Mockly.v8.Specs.dll" adapterTypeName="executor://xunit/VsTestRunner3/netfx/" className="Mockly.Specs.AssertionSpecs+RequestCollectionSpecs" name="Will_throw_when_unexpected_calls_are_present" />
    </UnitTest>
    <UnitTest name="Mockly.Specs.AssertionSpecs+Chaining.Works_for_contained_request_assertions" storage="c:\workspaces\fluentassertions.mockly\fluentassertions.mockly.v8.specs\bin\debug\net472\fluentassertions.mockly.v8.specs.dll" id="9534670e-8df7-288b-88af-22cfc93f3acd">
      <Execution id="c8d7be3b-b367-46fa-82ad-ac93ba1d5b11" />
      <TestMethod codeBase="C:\Workspaces\fluentassertions.mockly\FluentAssertions.Mockly.v8.Specs\bin\Debug\net472\FluentAssertions.Mockly.v8.Specs.dll" adapterTypeName="executor://xunit/VsTestRunner3/netfx/" className="Mockly.Specs.AssertionSpecs+Chaining" name="Works_for_contained_request_assertions" />
    </UnitTest>
    <UnitTest name="Mockly.Specs.AssertionSpecs+WithBodyEquivalentTo.Matches_body_equivalent_to_anonymous_object" storage="c:\workspaces\fluentassertions.mockly\fluentassertions.mockly.v8.specs\bin\debug\net472\fluentassertions.mockly.v8.specs.dll" id="e34b587a-7671-8690-5bc3-7264f794cbe8">
      <Execution id="a43e0e87-8752-4e7d-b751-d991f54789ad" />
      <TestMethod codeBase="C:\Workspaces\fluentassertions.mockly\FluentAssertions.Mockly.v8.Specs\bin\Debug\net472\FluentAssertions.Mockly.v8.Specs.dll" adapterTypeName="executor://xunit/VsTestRunner3/netfx/" className="Mockly.Specs.AssertionSpecs+WithBodyEquivalentTo" name="Matches_body_equivalent_to_anonymous_object" />
    </UnitTest>
    <UnitTest name="Mockly.Specs.AssertionSpecs+RequestCollectionSpecs.Will_throw_when_request_collection_is_empty" storage="c:\workspaces\fluentassertions.mockly\fluentassertions.mockly.v8.specs\bin\debug\net472\fluentassertions.mockly.v8.specs.dll" id="e0c3e227-c316-6ffb-2b01-82051569f009">
      <Execution id="1f727330-2b44-4cf1-bdcf-1fe81ac83e74" />
      <TestMethod codeBase="C:\Workspaces\fluentassertions.mockly\FluentAssertions.Mockly.v8.Specs\bin\Debug\net472\FluentAssertions.Mockly.v8.Specs.dll" adapterTypeName="executor://xunit/VsTestRunner3/netfx/" className="Mockly.Specs.AssertionSpecs+RequestCollectionSpecs" name="Will_throw_when_request_collection_is_empty" />
    </UnitTest>
    <UnitTest name="Mockly.Specs.AssertionSpecs+WithBodyHavingPropertiesOf.Matches_body_having_property_when_request_has_properties_with_null_values" storage="c:\workspaces\fluentassertions.mockly\fluentassertions.mockly.v8.specs\bin\debug\net472\fluentassertions.mockly.v8.specs.dll" id="cb204e4d-13e4-1670-5370-95802c86058c">
      <Execution id="5f55aaa1-4a55-49d1-9b87-430d41ba32d0" />
      <TestMethod codeBase="C:\Workspaces\fluentassertions.mockly\FluentAssertions.Mockly.v8.Specs\bin\Debug\net472\FluentAssertions.Mockly.v8.Specs.dll" adapterTypeName="executor://xunit/VsTestRunner3/netfx/" className="Mockly.Specs.AssertionSpecs+WithBodyHavingPropertiesOf" name="Matches_body_having_property_when_request_has_properties_with_null_values" />
    </UnitTest>
    <UnitTest name="Mockly.Specs.AssertionSpecs+CapturedRequestAssertions.Will_throw_when_captured_request_is_not_expected" storage="c:\workspaces\fluentassertions.mockly\fluentassertions.mockly.v8.specs\bin\debug\net472\fluentassertions.mockly.v8.specs.dll" id="5ee6e4ea-feee-782b-94e0-46c48cdb6f5f">
      <Execution id="27b0a238-1761-4cf2-b776-eee6f10f4078" />
      <TestMethod codeBase="C:\Workspaces\fluentassertions.mockly\FluentAssertions.Mockly.v8.Specs\bin\Debug\net472\FluentAssertions.Mockly.v8.Specs.dll" adapterTypeName="executor://xunit/VsTestRunner3/netfx/" className="Mockly.Specs.AssertionSpecs+CapturedRequestAssertions" name="Will_throw_when_captured_request_is_not_expected" />
    </UnitTest>
    <UnitTest name="Mockly.Specs.AssertionSpecs+WithBodyHavingPropertiesOf.Can_handle_different_json_types" storage="c:\workspaces\fluentassertions.mockly\fluentassertions.mockly.v8.specs\bin\debug\net472\fluentassertions.mockly.v8.specs.dll" id="4d388866-94f0-a1f8-a044-c9527ae9ed13">
      <Execution id="9734e384-31df-461d-8bd4-24259727d4ab" />
      <TestMethod codeBase="C:\Workspaces\fluentassertions.mockly\FluentAssertions.Mockly.v8.Specs\bin\Debug\net472\FluentAssertions.Mockly.v8.Specs.dll" adapterTypeName="executor://xunit/VsTestRunner3/netfx/" className="Mockly.Specs.AssertionSpecs+WithBodyHavingPropertiesOf" name="Can_handle_different_json_types" />
    </UnitTest>
    <UnitTest name="Mockly.Specs.AssertionSpecs+WithBody.Can_match_multiple_requests" storage="c:\workspaces\fluentassertions.mockly\fluentassertions.mockly.v8.specs\bin\debug\net472\fluentassertions.mockly.v8.specs.dll" id="53330f41-cdf9-1598-28a3-21fa0c48e150">
      <Execution id="0ce01082-3f68-435f-bb61-c67be3245d5f" />
      <TestMethod codeBase="C:\Workspaces\fluentassertions.mockly\FluentAssertions.Mockly.v8.Specs\bin\Debug\net472\FluentAssertions.Mockly.v8.Specs.dll" adapterTypeName="executor://xunit/VsTestRunner3/netfx/" className="Mockly.Specs.AssertionSpecs+WithBody" name="Can_match_multiple_requests" />
    </UnitTest>
    <UnitTest name="Mockly.Specs.AssertionSpecs+ContainRequestFor.Finds_request_for_absolute_uri" storage="c:\workspaces\fluentassertions.mockly\fluentassertions.mockly.v8.specs\bin\debug\net472\fluentassertions.mockly.v8.specs.dll" id="5d40fb3d-e682-1f28-058a-e76b62cb2a92">
      <Execution id="b61ff197-1160-434c-a337-230572a51442" />
      <TestMethod codeBase="C:\Workspaces\fluentassertions.mockly\FluentAssertions.Mockly.v8.Specs\bin\Debug\net472\FluentAssertions.Mockly.v8.Specs.dll" adapterTypeName="executor://xunit/VsTestRunner3/netfx/" className="Mockly.Specs.AssertionSpecs+ContainRequestFor" name="Finds_request_for_absolute_uri" />
    </UnitTest>
    <UnitTest name="Mockly.Specs.AssertionSpecs+WithBody.Fails_when_body_does_not_match_wildcard_pattern" storage="c:\workspaces\fluentassertions.mockly\fluentassertions.mockly.v8.specs\bin\debug\net472\fluentassertions.mockly.v8.specs.dll" id="49faf4b9-a4e7-1627-d786-dba84d34155c">
      <Execution id="2da5a7a7-52ca-4c24-84ea-08b77696351a" />
      <TestMethod codeBase="C:\Workspaces\fluentassertions.mockly\FluentAssertions.Mockly.v8.Specs\bin\Debug\net472\FluentAssertions.Mockly.v8.Specs.dll" adapterTypeName="executor://xunit/VsTestRunner3/netfx/" className="Mockly.Specs.AssertionSpecs+WithBody" name="Fails_when_body_does_not_match_wildcard_pattern" />
    </UnitTest>
    <UnitTest name="Mockly.Specs.AssertionSpecs+WithBodyMatchingJson.Matches_body_equivalent_json" storage="c:\workspaces\fluentassertions.mockly\fluentassertions.mockly.v8.specs\bin\debug\net472\fluentassertions.mockly.v8.specs.dll" id="f8da9955-7c7e-8a3e-2569-5583997b2f9a">
      <Execution id="c6e355fe-5120-41cb-8176-6d76db549d3e" />
      <TestMethod codeBase="C:\Workspaces\fluentassertions.mockly\FluentAssertions.Mockly.v8.Specs\bin\Debug\net472\FluentAssertions.Mockly.v8.Specs.dll" adapterTypeName="executor://xunit/VsTestRunner3/netfx/" className="Mockly.Specs.AssertionSpecs+WithBodyMatchingJson" name="Matches_body_equivalent_json" />
    </UnitTest>
    <UnitTest name="Mockly.Specs.AssertionSpecs+ContainRequest.Can_ensure_a_request_was_captured" storage="c:\workspaces\fluentassertions.mockly\fluentassertions.mockly.v8.specs\bin\debug\net472\fluentassertions.mockly.v8.specs.dll" id="507b895f-35eb-d8e2-d338-e00791fd0a62">
      <Execution id="7818f151-4482-4ed1-bc5a-23a8022bfb9e" />
      <TestMethod codeBase="C:\Workspaces\fluentassertions.mockly\FluentAssertions.Mockly.v8.Specs\bin\Debug\net472\FluentAssertions.Mockly.v8.Specs.dll" adapterTypeName="executor://xunit/VsTestRunner3/netfx/" className="Mockly.Specs.AssertionSpecs+ContainRequest" name="Can_ensure_a_request_was_captured" />
    </UnitTest>
    <UnitTest name="Mockly.Specs.AssertionSpecs+WithBody.Matches_body_with_wildcard_pattern" storage="c:\workspaces\fluentassertions.mockly\fluentassertions.mockly.v8.specs\bin\debug\net472\fluentassertions.mockly.v8.specs.dll" id="7fb5b57a-a7b3-a838-984e-08b0b9dea7ad">
      <Execution id="58c6e994-6777-4f5e-8198-4c73075205f0" />
      <TestMethod codeBase="C:\Workspaces\fluentassertions.mockly\FluentAssertions.Mockly.v8.Specs\bin\Debug\net472\FluentAssertions.Mockly.v8.Specs.dll" adapterTypeName="executor://xunit/VsTestRunner3/netfx/" className="Mockly.Specs.AssertionSpecs+WithBody" name="Matches_body_with_wildcard_pattern" />
    </UnitTest>
    <UnitTest name="Mockly.Specs.AssertionSpecs+WithBodyMatchingJson.Can_match_against_multiple_requests" storage="c:\workspaces\fluentassertions.mockly\fluentassertions.mockly.v8.specs\bin\debug\net472\fluentassertions.mockly.v8.specs.dll" id="44543a50-3c4b-4b62-7431-35b85c3c92cb">
      <Execution id="602ac655-9637-4da9-b6c2-55f06cb6e190" />
      <TestMethod codeBase="C:\Workspaces\fluentassertions.mockly\FluentAssertions.Mockly.v8.Specs\bin\Debug\net472\FluentAssertions.Mockly.v8.Specs.dll" adapterTypeName="executor://xunit/VsTestRunner3/netfx/" className="Mockly.Specs.AssertionSpecs+WithBodyMatchingJson" name="Can_match_against_multiple_requests" />
    </UnitTest>
    <UnitTest name="Mockly.Specs.AssertionSpecs+WithBodyHavingPropertiesOf.Ignores_extra_properties_in_body" storage="c:\workspaces\fluentassertions.mockly\fluentassertions.mockly.v8.specs\bin\debug\net472\fluentassertions.mockly.v8.specs.dll" id="eca8f3bb-082c-5b21-e734-04afcc383b4f">
      <Execution id="b629e032-5230-434f-9db8-8247d051a4fa" />
      <TestMethod codeBase="C:\Workspaces\fluentassertions.mockly\FluentAssertions.Mockly.v8.Specs\bin\Debug\net472\FluentAssertions.Mockly.v8.Specs.dll" adapterTypeName="executor://xunit/VsTestRunner3/netfx/" className="Mockly.Specs.AssertionSpecs+WithBodyHavingPropertiesOf" name="Ignores_extra_properties_in_body" />
    </UnitTest>
    <UnitTest name="Mockly.Specs.AssertionSpecs+WithBodyHavingPropertiesOf.Fails_when_body_does_not_have_expected_properties" storage="c:\workspaces\fluentassertions.mockly\fluentassertions.mockly.v8.specs\bin\debug\net472\fluentassertions.mockly.v8.specs.dll" id="a4674f06-7852-1c0d-381d-a43610d2014d">
      <Execution id="8a1a5d13-8a98-4639-a0a5-57eacf59c849" />
      <TestMethod codeBase="C:\Workspaces\fluentassertions.mockly\FluentAssertions.Mockly.v8.Specs\bin\Debug\net472\FluentAssertions.Mockly.v8.Specs.dll" adapterTypeName="executor://xunit/VsTestRunner3/netfx/" className="Mockly.Specs.AssertionSpecs+WithBodyHavingPropertiesOf" name="Fails_when_body_does_not_have_expected_properties" />
    </UnitTest>
    <UnitTest name="Mockly.Specs.AssertionSpecs+WithBodyHavingPropertiesOf.Fails_when_none_of_the_requests_have_the_expected_property_and_value" storage="c:\workspaces\fluentassertions.mockly\fluentassertions.mockly.v8.specs\bin\debug\net472\fluentassertions.mockly.v8.specs.dll" id="6c787cf6-736b-1ef3-5573-7f86543bf446">
      <Execution id="a22d2c89-f3e2-4b48-bb89-7b94d910c917" />
      <TestMethod codeBase="C:\Workspaces\fluentassertions.mockly\FluentAssertions.Mockly.v8.Specs\bin\Debug\net472\FluentAssertions.Mockly.v8.Specs.dll" adapterTypeName="executor://xunit/VsTestRunner3/netfx/" className="Mockly.Specs.AssertionSpecs+WithBodyHavingPropertiesOf" name="Fails_when_none_of_the_requests_have_the_expected_property_and_value" />
    </UnitTest>
    <UnitTest name="Mockly.Specs.AssertionSpecs+WithBodyHavingPropertiesEqualTo.Fails_when_body_has_mismatched_property_values" storage="c:\workspaces\fluentassertions.mockly\fluentassertions.mockly.v8.specs\bin\debug\net472\fluentassertions.mockly.v8.specs.dll" id="49dc541f-044f-5b78-be77-ccc4e63b029e">
      <Execution id="12a80612-3f14-46bf-84dd-87fd28d9aed0" />
      <TestMethod codeBase="C:\Workspaces\fluentassertions.mockly\FluentAssertions.Mockly.v8.Specs\bin\Debug\net472\FluentAssertions.Mockly.v8.Specs.dll" adapterTypeName="executor://xunit/VsTestRunner3/netfx/" className="Mockly.Specs.AssertionSpecs+WithBodyHavingPropertiesEqualTo" name="Fails_when_body_has_mismatched_property_values" />
    </UnitTest>
    <UnitTest name="Mockly.Specs.AssertionSpecs+ContainRequest.Fails_when_no_requests_are_captured" storage="c:\workspaces\fluentassertions.mockly\fluentassertions.mockly.v8.specs\bin\debug\net472\fluentassertions.mockly.v8.specs.dll" id="d036a705-2022-710d-15e2-a9d422c27cda">
      <Execution id="1582b22b-49f9-4dc9-8eb4-8a1e2a0d87bb" />
      <TestMethod codeBase="C:\Workspaces\fluentassertions.mockly\FluentAssertions.Mockly.v8.Specs\bin\Debug\net472\FluentAssertions.Mockly.v8.Specs.dll" adapterTypeName="executor://xunit/VsTestRunner3/netfx/" className="Mockly.Specs.AssertionSpecs+ContainRequest" name="Fails_when_no_requests_are_captured" />
    </UnitTest>
  </TestDefinitions>
  <TestEntries>
    <TestEntry testId="40a28613-8a80-b9f7-87f8-878ea7e8ae8e" executionId="956d2045-c781-4ba2-9158-26d07fd1c502" testListId="8c84fa94-04c1-424b-9868-57a2d4851a1d" />
    <TestEntry testId="d40e3787-336e-a639-9482-5640b3992813" executionId="de46c1af-50bb-45c9-ae81-f6362689d077" testListId="8c84fa94-04c1-424b-9868-57a2d4851a1d" />
    <TestEntry testId="fdea7b1c-e83b-e198-fe29-d52785c5a990" executionId="7849e649-7184-4097-89a5-18edc3d9e478" testListId="8c84fa94-04c1-424b-9868-57a2d4851a1d" />
    <TestEntry testId="8fb86409-34dc-f4ba-6334-e9ff54c44377" executionId="6a0b977f-0438-4b9f-9dd6-769905f53662" testListId="8c84fa94-04c1-424b-9868-57a2d4851a1d" />
    <TestEntry testId="f8da9955-7c7e-8a3e-2569-5583997b2f9a" executionId="c6e355fe-5120-41cb-8176-6d76db549d3e" testListId="8c84fa94-04c1-424b-9868-57a2d4851a1d" />
    <TestEntry testId="d036a705-2022-710d-15e2-a9d422c27cda" executionId="1582b22b-49f9-4dc9-8eb4-8a1e2a0d87bb" testListId="8c84fa94-04c1-424b-9868-57a2d4851a1d" />
    <TestEntry testId="a4674f06-7852-1c0d-381d-a43610d2014d" executionId="8a1a5d13-8a98-4639-a0a5-57eacf59c849" testListId="8c84fa94-04c1-424b-9868-57a2d4851a1d" />
    <TestEntry testId="0cfb403c-69f4-88cd-ef48-8f242663d165" executionId="6f59ef0c-84ad-4d4e-b408-b43e9932a7ef" testListId="8c84fa94-04c1-424b-9868-57a2d4851a1d" />
    <TestEntry testId="49dc541f-044f-5b78-be77-ccc4e63b029e" executionId="12a80612-3f14-46bf-84dd-87fd28d9aed0" testListId="8c84fa94-04c1-424b-9868-57a2d4851a1d" />
    <TestEntry testId="e34b587a-7671-8690-5bc3-7264f794cbe8" executionId="a43e0e87-8752-4e7d-b751-d991f54789ad" testListId="8c84fa94-04c1-424b-9868-57a2d4851a1d" />
    <TestEntry testId="1b6bf0c4-e835-e856-d53f-a48f9aea0f01" executionId="d16cece3-fa44-4e6e-a7a9-446ceee644cf" testListId="8c84fa94-04c1-424b-9868-57a2d4851a1d" />
    <TestEntry testId="5d40fb3d-e682-1f28-058a-e76b62cb2a92" executionId="b61ff197-1160-434c-a337-230572a51442" testListId="8c84fa94-04c1-424b-9868-57a2d4851a1d" />
    <TestEntry testId="8ef5df37-3c06-4217-a380-4b87266853e0" executionId="1d8ddd14-d170-4389-858b-e66c4ad78bd7" testListId="8c84fa94-04c1-424b-9868-57a2d4851a1d" />
    <TestEntry testId="7eed4ad2-2867-2daf-1c55-5c3fdfc1e8c3" executionId="10d518a3-c937-4386-befa-7f5705aeece0" testListId="8c84fa94-04c1-424b-9868-57a2d4851a1d" />
    <TestEntry testId="4d388866-94f0-a1f8-a044-c9527ae9ed13" executionId="9734e384-31df-461d-8bd4-24259727d4ab" testListId="8c84fa94-04c1-424b-9868-57a2d4851a1d" />
    <TestEntry testId="c9dc155a-7a61-7d68-adad-d42ee9979057" executionId="de2dc75c-023e-490a-91e4-2fc3b9269e94" testListId="8c84fa94-04c1-424b-9868-57a2d4851a1d" />
    <TestEntry testId="e0c3e227-c316-6ffb-2b01-82051569f009" executionId="1f727330-2b44-4cf1-bdcf-1fe81ac83e74" testListId="8c84fa94-04c1-424b-9868-57a2d4851a1d" />
    <TestEntry testId="ef99386d-dda7-7789-1397-f2c04cddd9e1" executionId="09eeeed2-87b8-49d8-a300-0b321cd04d6e" testListId="8c84fa94-04c1-424b-9868-57a2d4851a1d" />
    <TestEntry testId="47209787-65ed-b399-3d21-8c4d0477d327" executionId="888cb96a-0d76-4816-bc31-a27d031c88da" testListId="8c84fa94-04c1-424b-9868-57a2d4851a1d" />
    <TestEntry testId="c7d1d335-6c76-59b5-b1a7-be3dde47c5bf" executionId="cf378b73-c981-42e0-86c8-65dfed7cbeb1" testListId="8c84fa94-04c1-424b-9868-57a2d4851a1d" />
    <TestEntry testId="49faf4b9-a4e7-1627-d786-dba84d34155c" executionId="2da5a7a7-52ca-4c24-84ea-08b77696351a" testListId="8c84fa94-04c1-424b-9868-57a2d4851a1d" />
    <TestEntry testId="a0bc3d09-1b39-04a0-76a1-c93d35821fb5" executionId="ad9f9c77-7acf-4374-adc6-eeb84ff4c79e" testListId="8c84fa94-04c1-424b-9868-57a2d4851a1d" />
    <TestEntry testId="afac4e4e-eb45-64c3-84da-47e32f471c42" executionId="4f8afe7a-a48f-48e4-a9d2-7478e6d0f54e" testListId="8c84fa94-04c1-424b-9868-57a2d4851a1d" />
    <TestEntry testId="6c787cf6-736b-1ef3-5573-7f86543bf446" executionId="a22d2c89-f3e2-4b48-bb89-7b94d910c917" testListId="8c84fa94-04c1-424b-9868-57a2d4851a1d" />
    <TestEntry testId="9534670e-8df7-288b-88af-22cfc93f3acd" executionId="c8d7be3b-b367-46fa-82ad-ac93ba1d5b11" testListId="8c84fa94-04c1-424b-9868-57a2d4851a1d" />
    <TestEntry testId="44543a50-3c4b-4b62-7431-35b85c3c92cb" executionId="602ac655-9637-4da9-b6c2-55f06cb6e190" testListId="8c84fa94-04c1-424b-9868-57a2d4851a1d" />
    <TestEntry testId="507b895f-35eb-d8e2-d338-e00791fd0a62" executionId="7818f151-4482-4ed1-bc5a-23a8022bfb9e" testListId="8c84fa94-04c1-424b-9868-57a2d4851a1d" />
    <TestEntry testId="ae82fcd3-07f9-386f-02bb-6dce684388af" executionId="83d2aa47-5836-4f43-8c80-93ac1011ef4f" testListId="8c84fa94-04c1-424b-9868-57a2d4851a1d" />
    <TestEntry testId="04cefb37-fffd-5752-eb02-0a3bc8a150a1" executionId="f4b1f349-ca3f-444b-bff6-b3e4df57128c" testListId="8c84fa94-04c1-424b-9868-57a2d4851a1d" />
    <TestEntry testId="cb204e4d-13e4-1670-5370-95802c86058c" executionId="5f55aaa1-4a55-49d1-9b87-430d41ba32d0" testListId="8c84fa94-04c1-424b-9868-57a2d4851a1d" />
    <TestEntry testId="53330f41-cdf9-1598-28a3-21fa0c48e150" executionId="0ce01082-3f68-435f-bb61-c67be3245d5f" testListId="8c84fa94-04c1-424b-9868-57a2d4851a1d" />
    <TestEntry testId="7fb5b57a-a7b3-a838-984e-08b0b9dea7ad" executionId="58c6e994-6777-4f5e-8198-4c73075205f0" testListId="8c84fa94-04c1-424b-9868-57a2d4851a1d" />
    <TestEntry testId="15bee363-7a9b-d0b4-5324-8e2a789c85fd" executionId="6d95a641-6c85-4526-9282-b2968ca2835a" testListId="8c84fa94-04c1-424b-9868-57a2d4851a1d" />
    <TestEntry testId="c766a5ef-3079-2dbd-2cd3-1316c1171d6c" executionId="3c91023d-6db6-4ebd-9880-4e29018ece00" testListId="8c84fa94-04c1-424b-9868-57a2d4851a1d" />
    <TestEntry testId="eca8f3bb-082c-5b21-e734-04afcc383b4f" executionId="b629e032-5230-434f-9db8-8247d051a4fa" testListId="8c84fa94-04c1-424b-9868-57a2d4851a1d" />
    <TestEntry testId="f5f7f75c-3639-b96d-e30a-e9c3d45593b8" executionId="2d3cb274-f0fe-44e1-82ee-6458f8329c01" testListId="8c84fa94-04c1-424b-9868-57a2d4851a1d" />
    <TestEntry testId="caa73d8a-f8b2-36f1-8720-bb07856623ee" executionId="ed9c5533-3ba5-4377-a7f3-f4352558146a" testListId="8c84fa94-04c1-424b-9868-57a2d4851a1d" />
    <TestEntry testId="ea0575fe-d1c3-6f20-71c4-9fc858e77290" executionId="a3b16cb1-252c-4fb8-b295-2e7e62eed514" testListId="8c84fa94-04c1-424b-9868-57a2d4851a1d" />
    <TestEntry testId="5ee6e4ea-feee-782b-94e0-46c48cdb6f5f" executionId="27b0a238-1761-4cf2-b776-eee6f10f4078" testListId="8c84fa94-04c1-424b-9868-57a2d4851a1d" />
    <TestEntry testId="5ad32080-7ebd-81d9-a5bc-94d8e6ce47e5" executionId="0ad85e3a-08b2-431d-a438-b08aaa93a832" testListId="8c84fa94-04c1-424b-9868-57a2d4851a1d" />
  </TestEntries>
  <TestLists>
    <TestList name="Results Not in a List" id="8c84fa94-04c1-424b-9868-57a2d4851a1d" />
    <TestList name="All Loaded Results" id="19431567-8539-422a-85d7-44ee4e166bda" />
  </TestLists>
  <ResultSummary outcome="Completed">
    <Counters total="40" executed="40" passed="40" failed="0" error="0" timeout="0" aborted="0" inconclusive="0" passedButRunAborted="0" notRunnable="0" notExecuted="0" disconnected="0" warning="0" completed="0" inProgress="0" pending="0" />
    <Output>
      <StdOut>[xUnit.net 00:00:00.00] xUnit.net VSTest Adapter v3.1.5+1b188a7b0a (64-bit .NET Framework 4.8.9221.0)&#xD;
[xUnit.net 00:00:01.50]   Discovering: FluentAssertions.Mockly.v8.Specs&#xD;
[xUnit.net 00:00:01.60]   Discovered:  FluentAssertions.Mockly.v8.Specs&#xD;
[xUnit.net 00:00:01.66]   Starting:    FluentAssertions.Mockly.v8.Specs&#xD;
     Warning:&#xD;
     The component "Fluent Assertions" is governed by the rules defined in the Xceed License Agreement and&#xD;
     the Xceed Fluent Assertions Community License. You may use Fluent Assertions free of charge for&#xD;
     non-commercial use only. An active subscription is required to use Fluent Assertions for commercial use.&#xD;
     Please contact Xceed Sales mailto:sales@xceed.com to acquire a subscription at a very low cost.&#xD;
     A paid commercial license supports the development and continued increasing support of&#xD;
     Fluent Assertions users under both commercial and community licenses. Help us&#xD;
     keep Fluent Assertions at the forefront of unit testing.&#xD;
     For more information, visit https://xceed.com/products/unit-testing/fluent-assertions/&#xD;
[xUnit.net 00:00:02.65]   Finished:    FluentAssertions.Mockly.v8.Specs&#xD;
</StdOut>
    </Output>
    <CollectorDataEntries>
      <Collector agentName="CARBON" uri="datacollector://microsoft/CoverletCodeCoverage/1.0" collectorDisplayName="XPlat code coverage">
        <UriAttachments>
          <UriAttachment>
            <A href="CARBON\coverage.cobertura.xml"></A>
          </UriAttachment>
        </UriAttachments>
      </Collector>
    </CollectorDataEntries>
  </ResultSummary>
</TestRun>