<?xml version="1.0" encoding="utf-8"?>
<TestRun id="5a275e94-c8af-499c-a609-319be9a15205" name="denni@CARBON 2026-03-23 22:41:01" runUser="CARBON\denni" xmlns="http://microsoft.com/schemas/VisualStudio/TeamTest/2010">
  <Times creation="2026-03-23T22:41:01.9180218-07:00" queuing="2026-03-23T22:41:01.9180225-07:00" start="2026-03-23T22:40:57.6638080-07:00" finish="2026-03-23T22:41:02.5187165-07:00" />
  <TestSettings name="default" id="c1bcdd0f-6893-49e0-a46f-e6d109129052">
    <Deployment runDeploymentRoot="denni_CARBON_2026-03-23_22_41_01" />
  </TestSettings>
  <Results>
    <UnitTestResult executionId="7fecc67e-e0f8-4130-869a-76d56c98bd1f" testId="f09ea293-7bfd-da80-3c2f-6553be7856e3" testName="Mockly.Specs.AssertionSpecs+ContainRequestFor.Finds_request_for_absolute_uri" computerName="CARBON" duration="00:00:00.6170000" startTime="2026-03-23T22:41:01.3322538-07:00" endTime="2026-03-23T22:41:01.8821048-07:00" testType="13cdc9d9-ddb5-4fa4-a97d-d965ccfc6d4b" outcome="Passed" testListId="8c84fa94-04c1-424b-9868-57a2d4851a1d" relativeResultsDirectory="7fecc67e-e0f8-4130-869a-76d56c98bd1f" />
    <UnitTestResult executionId="83fa9d8e-2dc3-4de1-bb0e-fbde7b57dcba" testId="ccfc2449-d8bd-2931-abe7-8cf9a3963321" testName="Mockly.Specs.AssertionSpecs+WithBodyMatchingJson.Can_match_against_multiple_requests" computerName="CARBON" duration="00:00:00.7020000" startTime="2026-03-23T22:41:01.3302430-07:00" endTime="2026-03-23T22:41:01.9693324-07:00" testType="13cdc9d9-ddb5-4fa4-a97d-d965ccfc6d4b" outcome="Passed" testListId="8c84fa94-04c1-424b-9868-57a2d4851a1d" relativeResultsDirectory="83fa9d8e-2dc3-4de1-bb0e-fbde7b57dcba" />
    <UnitTestResult executionId="3f415e86-93e8-4d60-9a9f-b6b821411fe4" testId="93c27b7f-e5ec-2505-5df4-901eab8c2593" testName="Mockly.Specs.AssertionSpecs+WithBodyHavingPropertiesOf.Can_handle_different_json_types" computerName="CARBON" duration="00:00:00.0030000" startTime="2026-03-23T22:41:02.1352179-07:00" endTime="2026-03-23T22:41:02.1352179-07:00" testType="13cdc9d9-ddb5-4fa4-a97d-d965ccfc6d4b" outcome="Passed" testListId="8c84fa94-04c1-424b-9868-57a2d4851a1d" relativeResultsDirectory="3f415e86-93e8-4d60-9a9f-b6b821411fe4" />
    <UnitTestResult executionId="c74d71da-b2f8-4e67-94b8-d4b3c876f763" testId="0a870335-ad5a-641d-c433-ce669c839055" testName="Mockly.Specs.AssertionSpecs+WithBodyEquivalentTo.Matches_body_equivalent_to_anonymous_object" computerName="CARBON" duration="00:00:00.0020000" startTime="2026-03-23T22:41:02.1617052-07:00" endTime="2026-03-23T22:41:02.1617052-07:00" testType="13cdc9d9-ddb5-4fa4-a97d-d965ccfc6d4b" outcome="Passed" testListId="8c84fa94-04c1-424b-9868-57a2d4851a1d" relativeResultsDirectory="c74d71da-b2f8-4e67-94b8-d4b3c876f763" />
    <UnitTestResult executionId="1482dcd9-70fd-4339-bff6-bfceaec9aba5" testId="c1874986-8cbc-553c-7b9a-f10df66f09b4" testName="Mockly.Specs.AssertionSpecs+WithBody.Fails_when_body_does_not_match_wildcard_pattern" computerName="CARBON" duration="00:00:00.1300000" startTime="2026-03-23T22:41:01.9165169-07:00" endTime="2026-03-23T22:41:02.0361061-07:00" testType="13cdc9d9-ddb5-4fa4-a97d-d965ccfc6d4b" outcome="Passed" testListId="8c84fa94-04c1-424b-9868-57a2d4851a1d" relativeResultsDirectory="1482dcd9-70fd-4339-bff6-bfceaec9aba5" />
    <UnitTestResult executionId="94920aea-f1f3-4670-9f23-8ced067c89a7" testId="45c6a298-ce83-0a23-1aae-bc717e9d07ee" testName="Mockly.Specs.AssertionSpecs+WithBodyHavingPropertiesOf.Fails_when_body_does_not_have_expected_properties" computerName="CARBON" duration="00:00:00.0040000" startTime="2026-03-23T22:41:02.1460736-07:00" endTime="2026-03-23T22:41:02.1617052-07:00" testType="13cdc9d9-ddb5-4fa4-a97d-d965ccfc6d4b" outcome="Passed" testListId="8c84fa94-04c1-424b-9868-57a2d4851a1d" relativeResultsDirectory="94920aea-f1f3-4670-9f23-8ced067c89a7" />
    <UnitTestResult executionId="fe617198-ae0c-42ac-a2db-7305abe0c42a" testId="7b93b18c-d046-7683-beb2-dc37e86ae63a" testName="Mockly.Specs.AssertionSpecs+ContainRequest.Fails_when_no_requests_are_captured" computerName="CARBON" duration="00:00:00.1930000" startTime="2026-03-23T22:41:01.8416544-07:00" endTime="2026-03-23T22:41:02.0663089-07:00" testType="13cdc9d9-ddb5-4fa4-a97d-d965ccfc6d4b" outcome="Passed" testListId="8c84fa94-04c1-424b-9868-57a2d4851a1d" relativeResultsDirectory="fe617198-ae0c-42ac-a2db-7305abe0c42a" />
    <UnitTestResult executionId="3991036e-c5a3-4c46-b5ae-2b5dfb6cb272" testId="d563ce37-a250-19da-2506-58d3f462cfe0" testName="Mockly.Specs.AssertionSpecs+WithBodyHavingPropertiesOf.Fails_when_none_of_the_requests_have_the_expected_property_and_value" computerName="CARBON" duration="00:00:00.0030000" startTime="2026-03-23T22:41:02.1460736-07:00" endTime="2026-03-23T22:41:02.1460736-07:00" testType="13cdc9d9-ddb5-4fa4-a97d-d965ccfc6d4b" outcome="Passed" testListId="8c84fa94-04c1-424b-9868-57a2d4851a1d" relativeResultsDirectory="3991036e-c5a3-4c46-b5ae-2b5dfb6cb272" />
    <UnitTestResult executionId="af2d116c-1f95-4299-93e7-86c451eb039a" testId="a07a4050-9990-c256-74a0-9b5fdbb2f4c9" testName="Mockly.Specs.AssertionSpecs+WithBody.Matches_body_with_wildcard_pattern" computerName="CARBON" duration="00:00:00.6180000" startTime="2026-03-23T22:41:01.3082239-07:00" endTime="2026-03-23T22:41:01.9099355-07:00" testType="13cdc9d9-ddb5-4fa4-a97d-d965ccfc6d4b" outcome="Passed" testListId="8c84fa94-04c1-424b-9868-57a2d4851a1d" relativeResultsDirectory="af2d116c-1f95-4299-93e7-86c451eb039a" />
    <UnitTestResult executionId="6dac7683-e7d6-464a-b1f3-7ec2b77a42ce" testId="d7677183-97ad-5e29-48fb-f08e001738e3" testName="Mockly.Specs.AssertionSpecs+NotContainRequestFor.Fails_when_a_matching_request_exists_with_clear_diagnostics" computerName="CARBON" duration="00:00:00.1690000" startTime="2026-03-23T22:41:01.8518115-07:00" endTime="2026-03-23T22:41:02.0146889-07:00" testType="13cdc9d9-ddb5-4fa4-a97d-d965ccfc6d4b" outcome="Passed" testListId="8c84fa94-04c1-424b-9868-57a2d4851a1d" relativeResultsDirectory="6dac7683-e7d6-464a-b1f3-7ec2b77a42ce" />
    <UnitTestResult executionId="09a67041-42e1-4a92-aadd-0afad5ce9b03" testId="f4af228c-d924-5cc9-a023-6a0e6e1934f4" testName="Mockly.Specs.AssertionSpecs+CapturedRequestAssertions.Can_assert_captured_request_is_expected" computerName="CARBON" duration="00:00:00.0110000" startTime="2026-03-23T22:41:02.0361061-07:00" endTime="2026-03-23T22:41:02.0550456-07:00" testType="13cdc9d9-ddb5-4fa4-a97d-d965ccfc6d4b" outcome="Passed" testListId="8c84fa94-04c1-424b-9868-57a2d4851a1d" relativeResultsDirectory="09a67041-42e1-4a92-aadd-0afad5ce9b03" />
    <UnitTestResult executionId="49ade0e2-02e5-469e-ac77-7c31affaa1da" testId="dcf03aa6-f3f2-6bfe-36b1-1a6c20442dd3" testName="Mockly.Specs.AssertionSpecs+WithBodyEquivalentTo.Fails_when_body_is_not_equivalent_to_anonymous_object" computerName="CARBON" duration="00:00:00.8860000" startTime="2026-03-23T22:41:01.3302430-07:00" endTime="2026-03-23T22:41:02.1617052-07:00" testType="13cdc9d9-ddb5-4fa4-a97d-d965ccfc6d4b" outcome="Passed" testListId="8c84fa94-04c1-424b-9868-57a2d4851a1d" relativeResultsDirectory="49ade0e2-02e5-469e-ac77-7c31affaa1da" />
    <UnitTestResult executionId="29cdef1e-1438-46fd-aa64-db7a66d52690" testId="68a1345c-9067-9bde-d8cd-dae19515366d" testName="Mockly.Specs.AssertionSpecs+WithBodyMatchingJson.Fails_when_body_json_does_not_match" computerName="CARBON" duration="00:00:00.0170000" startTime="2026-03-23T22:41:02.0361061-07:00" endTime="2026-03-23T22:41:02.0824400-07:00" testType="13cdc9d9-ddb5-4fa4-a97d-d965ccfc6d4b" outcome="Passed" testListId="8c84fa94-04c1-424b-9868-57a2d4851a1d" relativeResultsDirectory="29cdef1e-1438-46fd-aa64-db7a66d52690" />
    <UnitTestResult executionId="cd725891-b7e8-4254-acfd-b6c8336cad89" testId="29e269f7-4153-ff66-cf26-e7d54d55fa91" testName="Mockly.Specs.AssertionSpecs+WithBodyHavingPropertiesOf.Matches_body_having_properties_of_dictionary" computerName="CARBON" duration="00:00:00.0020000" startTime="2026-03-23T22:41:02.1460736-07:00" endTime="2026-03-23T22:41:02.1460736-07:00" testType="13cdc9d9-ddb5-4fa4-a97d-d965ccfc6d4b" outcome="Passed" testListId="8c84fa94-04c1-424b-9868-57a2d4851a1d" relativeResultsDirectory="cd725891-b7e8-4254-acfd-b6c8336cad89" />
    <UnitTestResult executionId="a8c263cd-1504-49e6-9078-7981f86db15e" testId="b037e900-70ee-21eb-0a53-defd26676c05" testName="Mockly.Specs.AssertionSpecs+WithBodyHavingPropertiesOf.Matches_body_having_property_when_request_has_properties_with_null_values" computerName="CARBON" duration="00:00:00.0020000" startTime="2026-03-23T22:41:02.1617052-07:00" endTime="2026-03-23T22:41:02.1617052-07:00" testType="13cdc9d9-ddb5-4fa4-a97d-d965ccfc6d4b" outcome="Passed" testListId="8c84fa94-04c1-424b-9868-57a2d4851a1d" relativeResultsDirectory="a8c263cd-1504-49e6-9078-7981f86db15e" />
    <UnitTestResult executionId="88a0c2e2-6552-4c5e-b9ab-3cb40fdacb12" testId="e6bf1c67-d757-dccc-e4bd-ed8e933c965c" testName="Mockly.Specs.AssertionSpecs+NotContainRequestFor.Succeeds_when_no_matching_request_exists" computerName="CARBON" duration="00:00:00.5780000" startTime="2026-03-23T22:41:01.3177776-07:00" endTime="2026-03-23T22:41:01.8471777-07:00" testType="13cdc9d9-ddb5-4fa4-a97d-d965ccfc6d4b" outcome="Passed" testListId="8c84fa94-04c1-424b-9868-57a2d4851a1d" relativeResultsDirectory="88a0c2e2-6552-4c5e-b9ab-3cb40fdacb12" />
    <UnitTestResult executionId="7ab7e585-2e98-421d-bfbf-4cf7421a0a68" testId="00bbae67-d720-f4fe-fb5c-796e7b253420" testName="Mockly.Specs.AssertionSpecs+RequestCollectionSpecs.Can_assert_no_unexpected_calls" computerName="CARBON" duration="00:00:00.0010000" startTime="2026-03-23T22:41:02.0764487-07:00" endTime="2026-03-23T22:41:02.0784587-07:00" testType="13cdc9d9-ddb5-4fa4-a97d-d965ccfc6d4b" outcome="Passed" testListId="8c84fa94-04c1-424b-9868-57a2d4851a1d" relativeResultsDirectory="7ab7e585-2e98-421d-bfbf-4cf7421a0a68" />
    <UnitTestResult executionId="483ce7c9-b224-40b1-9ba5-ef66ba614f81" testId="87e1840c-9a0d-e93e-4d81-b253cdc06ee5" testName="Mockly.Specs.AssertionSpecs+WithBodyHavingPropertiesOf.Ignores_extra_properties_in_body" computerName="CARBON" duration="00:00:00.0010000" startTime="2026-03-23T22:41:02.1460736-07:00" endTime="2026-03-23T22:41:02.1460736-07:00" testType="13cdc9d9-ddb5-4fa4-a97d-d965ccfc6d4b" outcome="Passed" testListId="8c84fa94-04c1-424b-9868-57a2d4851a1d" relativeResultsDirectory="483ce7c9-b224-40b1-9ba5-ef66ba614f81" />
    <UnitTestResult executionId="a605dbd5-a892-4f5c-8467-7a4992eabcc7" testId="234ae40d-3ff7-5db1-0c1b-a1567c7f18d5" testName="Mockly.Specs.AssertionSpecs+HttpMockSpecs.Will_throw_when_not_all_mocks_have_been_invoked" computerName="CARBON" duration="00:00:00.7480000" startTime="2026-03-23T22:41:01.3322538-07:00" endTime="2026-03-23T22:41:02.0258002-07:00" testType="13cdc9d9-ddb5-4fa4-a97d-d965ccfc6d4b" outcome="Passed" testListId="8c84fa94-04c1-424b-9868-57a2d4851a1d" relativeResultsDirectory="a605dbd5-a892-4f5c-8467-7a4992eabcc7" />
    <UnitTestResult executionId="b766edb4-195a-41d8-95de-58ce967a4fc9" testId="20dc840f-dc13-8c48-f902-1b0fd0216a96" testName="Mockly.Specs.AssertionSpecs+ContainRequestFor.Fails_when_the_expected_request_is_missing" computerName="CARBON" duration="00:00:00.0030000" startTime="2026-03-23T22:41:02.0550456-07:00" endTime="2026-03-23T22:41:02.0670246-07:00" testType="13cdc9d9-ddb5-4fa4-a97d-d965ccfc6d4b" outcome="Passed" testListId="8c84fa94-04c1-424b-9868-57a2d4851a1d" relativeResultsDirectory="b766edb4-195a-41d8-95de-58ce967a4fc9" />
    <UnitTestResult executionId="56039414-332e-4e6b-ad7f-97aaa2edbbdf" testId="8890e5f7-1cbd-f0d8-a8a4-c6a05b2d7dae" testName="Mockly.Specs.AssertionSpecs+CapturedRequestAssertions.Will_throw_when_captured_request_is_expected_but_asserted_unexpected" computerName="CARBON" duration="00:00:00.0020000" startTime="2026-03-23T22:41:02.0550456-07:00" endTime="2026-03-23T22:41:02.0670246-07:00" testType="13cdc9d9-ddb5-4fa4-a97d-d965ccfc6d4b" outcome="Passed" testListId="8c84fa94-04c1-424b-9868-57a2d4851a1d" relativeResultsDirectory="56039414-332e-4e6b-ad7f-97aaa2edbbdf" />
    <UnitTestResult executionId="befb20ee-28dc-41b5-9080-bd6ea2cf89da" testId="9f879c4b-31f2-bc17-d46a-955c6a998f2f" testName="Mockly.Specs.AssertionSpecs+WithBodyHavingPropertiesOf.Fails_when_body_does_not_have_the_expected_property_and_value" computerName="CARBON" duration="00:00:00.0050000" startTime="2026-03-23T22:41:02.1306517-07:00" endTime="2026-03-23T22:41:02.1352179-07:00" testType="13cdc9d9-ddb5-4fa4-a97d-d965ccfc6d4b" outcome="Passed" testListId="8c84fa94-04c1-424b-9868-57a2d4851a1d" relativeResultsDirectory="befb20ee-28dc-41b5-9080-bd6ea2cf89da" />
    <UnitTestResult executionId="9a46b6d9-4387-48c1-8303-4dc73d404ff8" testId="aa2f14ca-feac-25a0-9d92-fcaa91935e00" testName="Mockly.Specs.AssertionSpecs+RequestCollectionSpecs.Will_throw_when_unexpected_calls_are_present" computerName="CARBON" duration="00:00:00.1720000" startTime="2026-03-23T22:41:01.8451693-07:00" endTime="2026-03-23T22:41:02.0258002-07:00" testType="13cdc9d9-ddb5-4fa4-a97d-d965ccfc6d4b" outcome="Passed" testListId="8c84fa94-04c1-424b-9868-57a2d4851a1d" relativeResultsDirectory="9a46b6d9-4387-48c1-8303-4dc73d404ff8" />
    <UnitTestResult executionId="db8ea7c1-2a65-4385-b2ff-d19da222f93b" testId="060087b2-874a-c65d-31ff-ef27670bcc89" testName="Mockly.Specs.AssertionSpecs+RequestCollectionSpecs.Can_assert_request_collection_is_not_empty" computerName="CARBON" duration="00:00:00.5710000" startTime="2026-03-23T22:41:01.3197852-07:00" endTime="2026-03-23T22:41:01.8436617-07:00" testType="13cdc9d9-ddb5-4fa4-a97d-d965ccfc6d4b" outcome="Passed" testListId="8c84fa94-04c1-424b-9868-57a2d4851a1d" relativeResultsDirectory="db8ea7c1-2a65-4385-b2ff-d19da222f93b" />
    <UnitTestResult executionId="3967a944-8ebf-4a28-bddf-c8ffeb12462c" testId="36167f63-4605-b04a-7e8e-599a703f8aec" testName="Mockly.Specs.AssertionSpecs+ContainRequestFor.Finds_request_for_relative_path" computerName="CARBON" duration="00:00:00.0010000" startTime="2026-03-23T22:41:01.8981670-07:00" endTime="2026-03-23T22:41:01.9001731-07:00" testType="13cdc9d9-ddb5-4fa4-a97d-d965ccfc6d4b" outcome="Passed" testListId="8c84fa94-04c1-424b-9868-57a2d4851a1d" relativeResultsDirectory="3967a944-8ebf-4a28-bddf-c8ffeb12462c" />
    <UnitTestResult executionId="549b570e-03b7-4b8a-83da-19777ead4dcc" testId="2f3763ca-14e7-8a38-9a4c-3ede0290b667" testName="Mockly.Specs.AssertionSpecs+WithBodyMatchingJson.Fails_when_request_body_is_not_valid_json" computerName="CARBON" duration="00:00:00.0450000" startTime="2026-03-23T22:41:01.9730874-07:00" endTime="2026-03-23T22:41:02.0361061-07:00" testType="13cdc9d9-ddb5-4fa4-a97d-d965ccfc6d4b" outcome="Passed" testListId="8c84fa94-04c1-424b-9868-57a2d4851a1d" relativeResultsDirectory="549b570e-03b7-4b8a-83da-19777ead4dcc" />
    <UnitTestResult executionId="4ed42389-5ddc-4290-b8c5-446f65c4d83f" testId="ddbcfea3-1244-7067-174a-27cb1aec0a77" testName="Mockly.Specs.AssertionSpecs+CapturedRequestAssertions.Can_assert_captured_request_is_unexpected" computerName="CARBON" duration="00:00:00.4870000" startTime="2026-03-23T22:41:01.3282330-07:00" endTime="2026-03-23T22:41:01.7605709-07:00" testType="13cdc9d9-ddb5-4fa4-a97d-d965ccfc6d4b" outcome="Passed" testListId="8c84fa94-04c1-424b-9868-57a2d4851a1d" relativeResultsDirectory="4ed42389-5ddc-4290-b8c5-446f65c4d83f" />
    <UnitTestResult executionId="d72c49f5-88e0-4790-831a-cfe839c46529" testId="68b720e0-41c0-1cc8-d4b6-9880a291de9e" testName="Mockly.Specs.AssertionSpecs+WithBodyHavingPropertiesEqualTo.Fails_when_body_has_extra_properties" computerName="CARBON" duration="00:00:00.0160000" startTime="2026-03-23T22:41:02.1352179-07:00" endTime="2026-03-23T22:41:02.1460736-07:00" testType="13cdc9d9-ddb5-4fa4-a97d-d965ccfc6d4b" outcome="Passed" testListId="8c84fa94-04c1-424b-9868-57a2d4851a1d" relativeResultsDirectory="d72c49f5-88e0-4790-831a-cfe839c46529" />
    <UnitTestResult executionId="e7ba34e2-afe5-4283-991e-2a00da5daf88" testId="25894288-d2b4-dcf8-8e0a-0506564c997c" testName="Mockly.Specs.AssertionSpecs+HttpMockSpecs.Can_assert_all_mocks_have_been_invoked" computerName="CARBON" duration="00:00:00.0180000" startTime="2026-03-23T22:41:02.0318303-07:00" endTime="2026-03-23T22:41:02.0824400-07:00" testType="13cdc9d9-ddb5-4fa4-a97d-d965ccfc6d4b" outcome="Passed" testListId="8c84fa94-04c1-424b-9868-57a2d4851a1d" relativeResultsDirectory="e7ba34e2-afe5-4283-991e-2a00da5daf88" />
    <UnitTestResult executionId="263ee0f2-0261-46b6-b1a7-8bb88e90d0c3" testId="2f30bee6-f235-3feb-a64d-e6dc4fafd771" testName="Mockly.Specs.AssertionSpecs+WithBody.Can_match_multiple_requests" computerName="CARBON" duration="00:00:00.0110000" startTime="2026-03-23T22:41:02.0508051-07:00" endTime="2026-03-23T22:41:02.0550456-07:00" testType="13cdc9d9-ddb5-4fa4-a97d-d965ccfc6d4b" outcome="Passed" testListId="8c84fa94-04c1-424b-9868-57a2d4851a1d" relativeResultsDirectory="263ee0f2-0261-46b6-b1a7-8bb88e90d0c3" />
    <UnitTestResult executionId="d31f8eb8-dfb7-4b9a-bbd4-d97a9ba23c5c" testId="52cecbee-01b2-32cd-96df-6a0d5371927d" testName="Mockly.Specs.AssertionSpecs+Chaining.Works_for_contained_request_assertions" computerName="CARBON" duration="00:00:00.8150000" startTime="2026-03-23T22:41:01.3282330-07:00" endTime="2026-03-23T22:41:02.1021762-07:00" testType="13cdc9d9-ddb5-4fa4-a97d-d965ccfc6d4b" outcome="Passed" testListId="8c84fa94-04c1-424b-9868-57a2d4851a1d" relativeResultsDirectory="d31f8eb8-dfb7-4b9a-bbd4-d97a9ba23c5c" />
    <UnitTestResult executionId="117f42a5-3939-46aa-b89e-0afe5019f187" testId="2a745009-4cd1-a9c2-3db6-f1e74a050abd" testName="Mockly.Specs.AssertionSpecs+WithBodyHavingPropertiesOf.Fails_when_body_is_not_json_object" computerName="CARBON" duration="00:00:00.7830000" startTime="2026-03-23T22:41:01.3282330-07:00" endTime="2026-03-23T22:41:02.0981502-07:00" testType="13cdc9d9-ddb5-4fa4-a97d-d965ccfc6d4b" outcome="Passed" testListId="8c84fa94-04c1-424b-9868-57a2d4851a1d" relativeResultsDirectory="117f42a5-3939-46aa-b89e-0afe5019f187" />
    <UnitTestResult executionId="cca8d883-a1a8-4a4b-99d4-c1704702c590" testId="e0134216-4a0c-d2e8-e4fa-deb1b81eb211" testName="Mockly.Specs.AssertionSpecs+WithBodyMatchingJson.Matches_body_equivalent_json" computerName="CARBON" duration="00:00:00.0010000" startTime="2026-03-23T22:41:02.0824400-07:00" endTime="2026-03-23T22:41:02.0949703-07:00" testType="13cdc9d9-ddb5-4fa4-a97d-d965ccfc6d4b" outcome="Passed" testListId="8c84fa94-04c1-424b-9868-57a2d4851a1d" relativeResultsDirectory="cca8d883-a1a8-4a4b-99d4-c1704702c590" />
    <UnitTestResult executionId="c3314232-18fc-4734-a9ca-143d4cfc27a5" testId="be8fe53e-64e6-ab40-d66c-bd995c3d2f23" testName="Mockly.Specs.AssertionSpecs+WithBodyHavingPropertiesEqualTo.Matches_body_having_properties_equal_to_dictionary" computerName="CARBON" duration="00:00:00.0030000" startTime="2026-03-23T22:41:02.1259298-07:00" endTime="2026-03-23T22:41:02.1311958-07:00" testType="13cdc9d9-ddb5-4fa4-a97d-d965ccfc6d4b" outcome="Passed" testListId="8c84fa94-04c1-424b-9868-57a2d4851a1d" relativeResultsDirectory="c3314232-18fc-4734-a9ca-143d4cfc27a5" />
    <UnitTestResult executionId="0e8a944b-2187-49e8-81b1-0fedf4c0457f" testId="73f8757e-5881-6124-9844-d48a87bda8c9" testName="Mockly.Specs.AssertionSpecs+ContainRequestFor.Fails_when_no_requests_are_captured_at_all" computerName="CARBON" duration="00:00:00.1400000" startTime="2026-03-23T22:41:01.9125040-07:00" endTime="2026-03-23T22:41:02.0508051-07:00" testType="13cdc9d9-ddb5-4fa4-a97d-d965ccfc6d4b" outcome="Passed" testListId="8c84fa94-04c1-424b-9868-57a2d4851a1d" relativeResultsDirectory="0e8a944b-2187-49e8-81b1-0fedf4c0457f" />
    <UnitTestResult executionId="b6b64ac1-b8b4-4771-85d1-7809a692e7fa" testId="83fc1f38-7ad7-b4ca-78c7-7608dcb6a980" testName="Mockly.Specs.AssertionSpecs+CapturedRequestAssertions.Will_throw_when_captured_request_is_not_expected" computerName="CARBON" duration="00:00:00.2400000" startTime="2026-03-23T22:41:01.8076222-07:00" endTime="2026-03-23T22:41:02.0340948-07:00" testType="13cdc9d9-ddb5-4fa4-a97d-d965ccfc6d4b" outcome="Passed" testListId="8c84fa94-04c1-424b-9868-57a2d4851a1d" relativeResultsDirectory="b6b64ac1-b8b4-4771-85d1-7809a692e7fa" />
    <UnitTestResult executionId="68e0f482-763e-4d6a-b363-4bc9671c1d74" testId="e5879bef-1fa5-9ba4-e339-d766d69eb02c" testName="Mockly.Specs.AssertionSpecs+WithBodyHavingPropertiesOf.Matches_body_having_properties_of_dictionary_when_request_has_properties_with_null_values" computerName="CARBON" duration="00:00:00.0710000" startTime="2026-03-23T22:41:02.1001624-07:00" endTime="2026-03-23T22:41:02.1259298-07:00" testType="13cdc9d9-ddb5-4fa4-a97d-d965ccfc6d4b" outcome="Passed" testListId="8c84fa94-04c1-424b-9868-57a2d4851a1d" relativeResultsDirectory="68e0f482-763e-4d6a-b363-4bc9671c1d74" />
    <UnitTestResult executionId="ea6be6a2-8e03-418e-a57d-1dadd7e1398a" testId="c83ca920-70e2-7f3d-ab70-9ed2e875fbf8" testName="Mockly.Specs.AssertionSpecs+ContainRequest.Can_ensure_a_request_was_captured" computerName="CARBON" duration="00:00:00.5670000" startTime="2026-03-23T22:41:01.3302430-07:00" endTime="2026-03-23T22:41:01.8376369-07:00" testType="13cdc9d9-ddb5-4fa4-a97d-d965ccfc6d4b" outcome="Passed" testListId="8c84fa94-04c1-424b-9868-57a2d4851a1d" relativeResultsDirectory="ea6be6a2-8e03-418e-a57d-1dadd7e1398a" />
    <UnitTestResult executionId="371a2ba3-93af-4f9c-ad90-8a301cc25073" testId="3074cb89-13b8-6979-94fe-4c9c5c5b9b3c" testName="Mockly.Specs.AssertionSpecs+WithBodyHavingPropertiesEqualTo.Fails_when_body_has_mismatched_property_values" computerName="CARBON" duration="00:00:00.8510000" startTime="2026-03-23T22:41:01.3248068-07:00" endTime="2026-03-23T22:41:02.1219272-07:00" testType="13cdc9d9-ddb5-4fa4-a97d-d965ccfc6d4b" outcome="Passed" testListId="8c84fa94-04c1-424b-9868-57a2d4851a1d" relativeResultsDirectory="371a2ba3-93af-4f9c-ad90-8a301cc25073" />
    <UnitTestResult executionId="237ac92c-b543-4aee-8788-6f0715c9dbdb" testId="24d5e159-0f98-98aa-c282-5f85f2fddc53" testName="Mockly.Specs.AssertionSpecs+RequestCollectionSpecs.Will_throw_when_request_collection_is_empty" computerName="CARBON" duration="00:00:00.0140000" startTime="2026-03-23T22:41:02.0318303-07:00" endTime="2026-03-23T22:41:02.0670246-07:00" testType="13cdc9d9-ddb5-4fa4-a97d-d965ccfc6d4b" outcome="Passed" testListId="8c84fa94-04c1-424b-9868-57a2d4851a1d" relativeResultsDirectory="237ac92c-b543-4aee-8788-6f0715c9dbdb" />
  </Results>
  <TestDefinitions>
    <UnitTest name="Mockly.Specs.AssertionSpecs+HttpMockSpecs.Will_throw_when_not_all_mocks_have_been_invoked" storage="c:\workspaces\fluentassertions.mockly\fluentassertions.mockly.v7.specs\bin\debug\net472\fluentassertions.mockly.v7.specs.dll" id="234ae40d-3ff7-5db1-0c1b-a1567c7f18d5">
      <Execution id="a605dbd5-a892-4f5c-8467-7a4992eabcc7" />
      <TestMethod codeBase="C:\Workspaces\fluentassertions.mockly\FluentAssertions.Mockly.v7.Specs\bin\Debug\net472\FluentAssertions.Mockly.v7.Specs.dll" adapterTypeName="executor://xunit/VsTestRunner3/netfx/" className="Mockly.Specs.AssertionSpecs+HttpMockSpecs" name="Will_throw_when_not_all_mocks_have_been_invoked" />
    </UnitTest>
    <UnitTest name="Mockly.Specs.AssertionSpecs+RequestCollectionSpecs.Can_assert_request_collection_is_not_empty" storage="c:\workspaces\fluentassertions.mockly\fluentassertions.mockly.v7.specs\bin\debug\net472\fluentassertions.mockly.v7.specs.dll" id="060087b2-874a-c65d-31ff-ef27670bcc89">
      <Execution id="db8ea7c1-2a65-4385-b2ff-d19da222f93b" />
      <TestMethod codeBase="C:\Workspaces\fluentassertions.mockly\FluentAssertions.Mockly.v7.Specs\bin\Debug\net472\FluentAssertions.Mockly.v7.Specs.dll" adapterTypeName="executor://xunit/VsTestRunner3/netfx/" className="Mockly.Specs.AssertionSpecs+RequestCollectionSpecs" name="Can_assert_request_collection_is_not_empty" />
    </UnitTest>
    <UnitTest name="Mockly.Specs.AssertionSpecs+WithBodyHavingPropertiesOf.Fails_when_none_of_the_requests_have_the_expected_property_and_value" storage="c:\workspaces\fluentassertions.mockly\fluentassertions.mockly.v7.specs\bin\debug\net472\fluentassertions.mockly.v7.specs.dll" id="d563ce37-a250-19da-2506-58d3f462cfe0">
      <Execution id="3991036e-c5a3-4c46-b5ae-2b5dfb6cb272" />
      <TestMethod codeBase="C:\Workspaces\fluentassertions.mockly\FluentAssertions.Mockly.v7.Specs\bin\Debug\net472\FluentAssertions.Mockly.v7.Specs.dll" adapterTypeName="executor://xunit/VsTestRunner3/netfx/" className="Mockly.Specs.AssertionSpecs+WithBodyHavingPropertiesOf" name="Fails_when_none_of_the_requests_have_the_expected_property_and_value" />
    </UnitTest>
    <UnitTest name="Mockly.Specs.AssertionSpecs+WithBodyHavingPropertiesOf.Matches_body_having_property_when_request_has_properties_with_null_values" storage="c:\workspaces\fluentassertions.mockly\fluentassertions.mockly.v7.specs\bin\debug\net472\fluentassertions.mockly.v7.specs.dll" id="b037e900-70ee-21eb-0a53-defd26676c05">
      <Execution id="a8c263cd-1504-49e6-9078-7981f86db15e" />
      <TestMethod codeBase="C:\Workspaces\fluentassertions.mockly\FluentAssertions.Mockly.v7.Specs\bin\Debug\net472\FluentAssertions.Mockly.v7.Specs.dll" adapterTypeName="executor://xunit/VsTestRunner3/netfx/" className="Mockly.Specs.AssertionSpecs+WithBodyHavingPropertiesOf" name="Matches_body_having_property_when_request_has_properties_with_null_values" />
    </UnitTest>
    <UnitTest name="Mockly.Specs.AssertionSpecs+ContainRequestFor.Fails_when_the_expected_request_is_missing" storage="c:\workspaces\fluentassertions.mockly\fluentassertions.mockly.v7.specs\bin\debug\net472\fluentassertions.mockly.v7.specs.dll" id="20dc840f-dc13-8c48-f902-1b0fd0216a96">
      <Execution id="b766edb4-195a-41d8-95de-58ce967a4fc9" />
      <TestMethod codeBase="C:\Workspaces\fluentassertions.mockly\FluentAssertions.Mockly.v7.Specs\bin\Debug\net472\FluentAssertions.Mockly.v7.Specs.dll" adapterTypeName="executor://xunit/VsTestRunner3/netfx/" className="Mockly.Specs.AssertionSpecs+ContainRequestFor" name="Fails_when_the_expected_request_is_missing" />
    </UnitTest>
    <UnitTest name="Mockly.Specs.AssertionSpecs+CapturedRequestAssertions.Can_assert_captured_request_is_expected" storage="c:\workspaces\fluentassertions.mockly\fluentassertions.mockly.v7.specs\bin\debug\net472\fluentassertions.mockly.v7.specs.dll" id="f4af228c-d924-5cc9-a023-6a0e6e1934f4">
      <Execution id="09a67041-42e1-4a92-aadd-0afad5ce9b03" />
      <TestMethod codeBase="C:\Workspaces\fluentassertions.mockly\FluentAssertions.Mockly.v7.Specs\bin\Debug\net472\FluentAssertions.Mockly.v7.Specs.dll" adapterTypeName="executor://xunit/VsTestRunner3/netfx/" className="Mockly.Specs.AssertionSpecs+CapturedRequestAssertions" name="Can_assert_captured_request_is_expected" />
    </UnitTest>
    <UnitTest name="Mockly.Specs.AssertionSpecs+WithBodyMatchingJson.Can_match_against_multiple_requests" storage="c:\workspaces\fluentassertions.mockly\fluentassertions.mockly.v7.specs\bin\debug\net472\fluentassertions.mockly.v7.specs.dll" id="ccfc2449-d8bd-2931-abe7-8cf9a3963321">
      <Execution id="83fa9d8e-2dc3-4de1-bb0e-fbde7b57dcba" />
      <TestMethod codeBase="C:\Workspaces\fluentassertions.mockly\FluentAssertions.Mockly.v7.Specs\bin\Debug\net472\FluentAssertions.Mockly.v7.Specs.dll" adapterTypeName="executor://xunit/VsTestRunner3/netfx/" className="Mockly.Specs.AssertionSpecs+WithBodyMatchingJson" name="Can_match_against_multiple_requests" />
    </UnitTest>
    <UnitTest name="Mockly.Specs.AssertionSpecs+RequestCollectionSpecs.Will_throw_when_request_collection_is_empty" storage="c:\workspaces\fluentassertions.mockly\fluentassertions.mockly.v7.specs\bin\debug\net472\fluentassertions.mockly.v7.specs.dll" id="24d5e159-0f98-98aa-c282-5f85f2fddc53">
      <Execution id="237ac92c-b543-4aee-8788-6f0715c9dbdb" />
      <TestMethod codeBase="C:\Workspaces\fluentassertions.mockly\FluentAssertions.Mockly.v7.Specs\bin\Debug\net472\FluentAssertions.Mockly.v7.Specs.dll" adapterTypeName="executor://xunit/VsTestRunner3/netfx/" className="Mockly.Specs.AssertionSpecs+RequestCollectionSpecs" name="Will_throw_when_request_collection_is_empty" />
    </UnitTest>
    <UnitTest name="Mockly.Specs.AssertionSpecs+WithBodyEquivalentTo.Fails_when_body_is_not_equivalent_to_anonymous_object" storage="c:\workspaces\fluentassertions.mockly\fluentassertions.mockly.v7.specs\bin\debug\net472\fluentassertions.mockly.v7.specs.dll" id="dcf03aa6-f3f2-6bfe-36b1-1a6c20442dd3">
      <Execution id="49ade0e2-02e5-469e-ac77-7c31affaa1da" />
      <TestMethod codeBase="C:\Workspaces\fluentassertions.mockly\FluentAssertions.Mockly.v7.Specs\bin\Debug\net472\FluentAssertions.Mockly.v7.Specs.dll" adapterTypeName="executor://xunit/VsTestRunner3/netfx/" className="Mockly.Specs.AssertionSpecs+WithBodyEquivalentTo" name="Fails_when_body_is_not_equivalent_to_anonymous_object" />
    </UnitTest>
    <UnitTest name="Mockly.Specs.AssertionSpecs+ContainRequestFor.Finds_request_for_absolute_uri" storage="c:\workspaces\fluentassertions.mockly\fluentassertions.mockly.v7.specs\bin\debug\net472\fluentassertions.mockly.v7.specs.dll" id="f09ea293-7bfd-da80-3c2f-6553be7856e3">
      <Execution id="7fecc67e-e0f8-4130-869a-76d56c98bd1f" />
      <TestMethod codeBase="C:\Workspaces\fluentassertions.mockly\FluentAssertions.Mockly.v7.Specs\bin\Debug\net472\FluentAssertions.Mockly.v7.Specs.dll" adapterTypeName="executor://xunit/VsTestRunner3/netfx/" className="Mockly.Specs.AssertionSpecs+ContainRequestFor" name="Finds_request_for_absolute_uri" />
    </UnitTest>
    <UnitTest name="Mockly.Specs.AssertionSpecs+HttpMockSpecs.Can_assert_all_mocks_have_been_invoked" storage="c:\workspaces\fluentassertions.mockly\fluentassertions.mockly.v7.specs\bin\debug\net472\fluentassertions.mockly.v7.specs.dll" id="25894288-d2b4-dcf8-8e0a-0506564c997c">
      <Execution id="e7ba34e2-afe5-4283-991e-2a00da5daf88" />
      <TestMethod codeBase="C:\Workspaces\fluentassertions.mockly\FluentAssertions.Mockly.v7.Specs\bin\Debug\net472\FluentAssertions.Mockly.v7.Specs.dll" adapterTypeName="executor://xunit/VsTestRunner3/netfx/" className="Mockly.Specs.AssertionSpecs+HttpMockSpecs" name="Can_assert_all_mocks_have_been_invoked" />
    </UnitTest>
    <UnitTest name="Mockly.Specs.AssertionSpecs+WithBody.Matches_body_with_wildcard_pattern" storage="c:\workspaces\fluentassertions.mockly\fluentassertions.mockly.v7.specs\bin\debug\net472\fluentassertions.mockly.v7.specs.dll" id="a07a4050-9990-c256-74a0-9b5fdbb2f4c9">
      <Execution id="af2d116c-1f95-4299-93e7-86c451eb039a" />
      <TestMethod codeBase="C:\Workspaces\fluentassertions.mockly\FluentAssertions.Mockly.v7.Specs\bin\Debug\net472\FluentAssertions.Mockly.v7.Specs.dll" adapterTypeName="executor://xunit/VsTestRunner3/netfx/" className="Mockly.Specs.AssertionSpecs+WithBody" name="Matches_body_with_wildcard_pattern" />
    </UnitTest>
    <UnitTest name="Mockly.Specs.AssertionSpecs+WithBody.Fails_when_body_does_not_match_wildcard_pattern" storage="c:\workspaces\fluentassertions.mockly\fluentassertions.mockly.v7.specs\bin\debug\net472\fluentassertions.mockly.v7.specs.dll" id="c1874986-8cbc-553c-7b9a-f10df66f09b4">
      <Execution id="1482dcd9-70fd-4339-bff6-bfceaec9aba5" />
      <TestMethod codeBase="C:\Workspaces\fluentassertions.mockly\FluentAssertions.Mockly.v7.Specs\bin\Debug\net472\FluentAssertions.Mockly.v7.Specs.dll" adapterTypeName="executor://xunit/VsTestRunner3/netfx/" className="Mockly.Specs.AssertionSpecs+WithBody" name="Fails_when_body_does_not_match_wildcard_pattern" />
    </UnitTest>
    <UnitTest name="Mockly.Specs.AssertionSpecs+ContainRequest.Can_ensure_a_request_was_captured" storage="c:\workspaces\fluentassertions.mockly\fluentassertions.mockly.v7.specs\bin\debug\net472\fluentassertions.mockly.v7.specs.dll" id="c83ca920-70e2-7f3d-ab70-9ed2e875fbf8">
      <Execution id="ea6be6a2-8e03-418e-a57d-1dadd7e1398a" />
      <TestMethod codeBase="C:\Workspaces\fluentassertions.mockly\FluentAssertions.Mockly.v7.Specs\bin\Debug\net472\FluentAssertions.Mockly.v7.Specs.dll" adapterTypeName="executor://xunit/VsTestRunner3/netfx/" className="Mockly.Specs.AssertionSpecs+ContainRequest" name="Can_ensure_a_request_was_captured" />
    </UnitTest>
    <UnitTest name="Mockly.Specs.AssertionSpecs+Chaining.Works_for_contained_request_assertions" storage="c:\workspaces\fluentassertions.mockly\fluentassertions.mockly.v7.specs\bin\debug\net472\fluentassertions.mockly.v7.specs.dll" id="52cecbee-01b2-32cd-96df-6a0d5371927d">
      <Execution id="d31f8eb8-dfb7-4b9a-bbd4-d97a9ba23c5c" />
      <TestMethod codeBase="C:\Workspaces\fluentassertions.mockly\FluentAssertions.Mockly.v7.Specs\bin\Debug\net472\FluentAssertions.Mockly.v7.Specs.dll" adapterTypeName="executor://xunit/VsTestRunner3/netfx/" className="Mockly.Specs.AssertionSpecs+Chaining" name="Works_for_contained_request_assertions" />
    </UnitTest>
    <UnitTest name="Mockly.Specs.AssertionSpecs+NotContainRequestFor.Fails_when_a_matching_request_exists_with_clear_diagnostics" storage="c:\workspaces\fluentassertions.mockly\fluentassertions.mockly.v7.specs\bin\debug\net472\fluentassertions.mockly.v7.specs.dll" id="d7677183-97ad-5e29-48fb-f08e001738e3">
      <Execution id="6dac7683-e7d6-464a-b1f3-7ec2b77a42ce" />
      <TestMethod codeBase="C:\Workspaces\fluentassertions.mockly\FluentAssertions.Mockly.v7.Specs\bin\Debug\net472\FluentAssertions.Mockly.v7.Specs.dll" adapterTypeName="executor://xunit/VsTestRunner3/netfx/" className="Mockly.Specs.AssertionSpecs+NotContainRequestFor" name="Fails_when_a_matching_request_exists_with_clear_diagnostics" />
    </UnitTest>
    <UnitTest name="Mockly.Specs.AssertionSpecs+WithBodyHavingPropertiesOf.Can_handle_different_json_types" storage="c:\workspaces\fluentassertions.mockly\fluentassertions.mockly.v7.specs\bin\debug\net472\fluentassertions.mockly.v7.specs.dll" id="93c27b7f-e5ec-2505-5df4-901eab8c2593">
      <Execution id="3f415e86-93e8-4d60-9a9f-b6b821411fe4" />
      <TestMethod codeBase="C:\Workspaces\fluentassertions.mockly\FluentAssertions.Mockly.v7.Specs\bin\Debug\net472\FluentAssertions.Mockly.v7.Specs.dll" adapterTypeName="executor://xunit/VsTestRunner3/netfx/" className="Mockly.Specs.AssertionSpecs+WithBodyHavingPropertiesOf" name="Can_handle_different_json_types" />
    </UnitTest>
    <UnitTest name="Mockly.Specs.AssertionSpecs+WithBodyMatchingJson.Matches_body_equivalent_json" storage="c:\workspaces\fluentassertions.mockly\fluentassertions.mockly.v7.specs\bin\debug\net472\fluentassertions.mockly.v7.specs.dll" id="e0134216-4a0c-d2e8-e4fa-deb1b81eb211">
      <Execution id="cca8d883-a1a8-4a4b-99d4-c1704702c590" />
      <TestMethod codeBase="C:\Workspaces\fluentassertions.mockly\FluentAssertions.Mockly.v7.Specs\bin\Debug\net472\FluentAssertions.Mockly.v7.Specs.dll" adapterTypeName="executor://xunit/VsTestRunner3/netfx/" className="Mockly.Specs.AssertionSpecs+WithBodyMatchingJson" name="Matches_body_equivalent_json" />
    </UnitTest>
    <UnitTest name="Mockly.Specs.AssertionSpecs+RequestCollectionSpecs.Can_assert_no_unexpected_calls" storage="c:\workspaces\fluentassertions.mockly\fluentassertions.mockly.v7.specs\bin\debug\net472\fluentassertions.mockly.v7.specs.dll" id="00bbae67-d720-f4fe-fb5c-796e7b253420">
      <Execution id="7ab7e585-2e98-421d-bfbf-4cf7421a0a68" />
      <TestMethod codeBase="C:\Workspaces\fluentassertions.mockly\FluentAssertions.Mockly.v7.Specs\bin\Debug\net472\FluentAssertions.Mockly.v7.Specs.dll" adapterTypeName="executor://xunit/VsTestRunner3/netfx/" className="Mockly.Specs.AssertionSpecs+RequestCollectionSpecs" name="Can_assert_no_unexpected_calls" />
    </UnitTest>
    <UnitTest name="Mockly.Specs.AssertionSpecs+ContainRequestFor.Fails_when_no_requests_are_captured_at_all" storage="c:\workspaces\fluentassertions.mockly\fluentassertions.mockly.v7.specs\bin\debug\net472\fluentassertions.mockly.v7.specs.dll" id="73f8757e-5881-6124-9844-d48a87bda8c9">
      <Execution id="0e8a944b-2187-49e8-81b1-0fedf4c0457f" />
      <TestMethod codeBase="C:\Workspaces\fluentassertions.mockly\FluentAssertions.Mockly.v7.Specs\bin\Debug\net472\FluentAssertions.Mockly.v7.Specs.dll" adapterTypeName="executor://xunit/VsTestRunner3/netfx/" className="Mockly.Specs.AssertionSpecs+ContainRequestFor" name="Fails_when_no_requests_are_captured_at_all" />
    </UnitTest>
    <UnitTest name="Mockly.Specs.AssertionSpecs+WithBodyHavingPropertiesOf.Ignores_extra_properties_in_body" storage="c:\workspaces\fluentassertions.mockly\fluentassertions.mockly.v7.specs\bin\debug\net472\fluentassertions.mockly.v7.specs.dll" id="87e1840c-9a0d-e93e-4d81-b253cdc06ee5">
      <Execution id="483ce7c9-b224-40b1-9ba5-ef66ba614f81" />
      <TestMethod codeBase="C:\Workspaces\fluentassertions.mockly\FluentAssertions.Mockly.v7.Specs\bin\Debug\net472\FluentAssertions.Mockly.v7.Specs.dll" adapterTypeName="executor://xunit/VsTestRunner3/netfx/" className="Mockly.Specs.AssertionSpecs+WithBodyHavingPropertiesOf" name="Ignores_extra_properties_in_body" />
    </UnitTest>
    <UnitTest name="Mockly.Specs.AssertionSpecs+WithBodyHavingPropertiesEqualTo.Matches_body_having_properties_equal_to_dictionary" storage="c:\workspaces\fluentassertions.mockly\fluentassertions.mockly.v7.specs\bin\debug\net472\fluentassertions.mockly.v7.specs.dll" id="be8fe53e-64e6-ab40-d66c-bd995c3d2f23">
      <Execution id="c3314232-18fc-4734-a9ca-143d4cfc27a5" />
      <TestMethod codeBase="C:\Workspaces\fluentassertions.mockly\FluentAssertions.Mockly.v7.Specs\bin\Debug\net472\FluentAssertions.Mockly.v7.Specs.dll" adapterTypeName="executor://xunit/VsTestRunner3/netfx/" className="Mockly.Specs.AssertionSpecs+WithBodyHavingPropertiesEqualTo" name="Matches_body_having_properties_equal_to_dictionary" />
    </UnitTest>
    <UnitTest name="Mockly.Specs.AssertionSpecs+WithBodyEquivalentTo.Matches_body_equivalent_to_anonymous_object" storage="c:\workspaces\fluentassertions.mockly\fluentassertions.mockly.v7.specs\bin\debug\net472\fluentassertions.mockly.v7.specs.dll" id="0a870335-ad5a-641d-c433-ce669c839055">
      <Execution id="c74d71da-b2f8-4e67-94b8-d4b3c876f763" />
      <TestMethod codeBase="C:\Workspaces\fluentassertions.mockly\FluentAssertions.Mockly.v7.Specs\bin\Debug\net472\FluentAssertions.Mockly.v7.Specs.dll" adapterTypeName="executor://xunit/VsTestRunner3/netfx/" className="Mockly.Specs.AssertionSpecs+WithBodyEquivalentTo" name="Matches_body_equivalent_to_anonymous_object" />
    </UnitTest>
    <UnitTest name="Mockly.Specs.AssertionSpecs+WithBodyMatchingJson.Fails_when_body_json_does_not_match" storage="c:\workspaces\fluentassertions.mockly\fluentassertions.mockly.v7.specs\bin\debug\net472\fluentassertions.mockly.v7.specs.dll" id="68a1345c-9067-9bde-d8cd-dae19515366d">
      <Execution id="29cdef1e-1438-46fd-aa64-db7a66d52690" />
      <TestMethod codeBase="C:\Workspaces\fluentassertions.mockly\FluentAssertions.Mockly.v7.Specs\bin\Debug\net472\FluentAssertions.Mockly.v7.Specs.dll" adapterTypeName="executor://xunit/VsTestRunner3/netfx/" className="Mockly.Specs.AssertionSpecs+WithBodyMatchingJson" name="Fails_when_body_json_does_not_match" />
    </UnitTest>
    <UnitTest name="Mockly.Specs.AssertionSpecs+ContainRequestFor.Finds_request_for_relative_path" storage="c:\workspaces\fluentassertions.mockly\fluentassertions.mockly.v7.specs\bin\debug\net472\fluentassertions.mockly.v7.specs.dll" id="36167f63-4605-b04a-7e8e-599a703f8aec">
      <Execution id="3967a944-8ebf-4a28-bddf-c8ffeb12462c" />
      <TestMethod codeBase="C:\Workspaces\fluentassertions.mockly\FluentAssertions.Mockly.v7.Specs\bin\Debug\net472\FluentAssertions.Mockly.v7.Specs.dll" adapterTypeName="executor://xunit/VsTestRunner3/netfx/" className="Mockly.Specs.AssertionSpecs+ContainRequestFor" name="Finds_request_for_relative_path" />
    </UnitTest>
    <UnitTest name="Mockly.Specs.AssertionSpecs+WithBodyHavingPropertiesEqualTo.Fails_when_body_has_extra_properties" storage="c:\workspaces\fluentassertions.mockly\fluentassertions.mockly.v7.specs\bin\debug\net472\fluentassertions.mockly.v7.specs.dll" id="68b720e0-41c0-1cc8-d4b6-9880a291de9e">
      <Execution id="d72c49f5-88e0-4790-831a-cfe839c46529" />
      <TestMethod codeBase="C:\Workspaces\fluentassertions.mockly\FluentAssertions.Mockly.v7.Specs\bin\Debug\net472\FluentAssertions.Mockly.v7.Specs.dll" adapterTypeName="executor://xunit/VsTestRunner3/netfx/" className="Mockly.Specs.AssertionSpecs+WithBodyHavingPropertiesEqualTo" name="Fails_when_body_has_extra_properties" />
    </UnitTest>
    <UnitTest name="Mockly.Specs.AssertionSpecs+WithBodyHavingPropertiesOf.Fails_when_body_does_not_have_the_expected_property_and_value" storage="c:\workspaces\fluentassertions.mockly\fluentassertions.mockly.v7.specs\bin\debug\net472\fluentassertions.mockly.v7.specs.dll" id="9f879c4b-31f2-bc17-d46a-955c6a998f2f">
      <Execution id="befb20ee-28dc-41b5-9080-bd6ea2cf89da" />
      <TestMethod codeBase="C:\Workspaces\fluentassertions.mockly\FluentAssertions.Mockly.v7.Specs\bin\Debug\net472\FluentAssertions.Mockly.v7.Specs.dll" adapterTypeName="executor://xunit/VsTestRunner3/netfx/" className="Mockly.Specs.AssertionSpecs+WithBodyHavingPropertiesOf" name="Fails_when_body_does_not_have_the_expected_property_and_value" />
    </UnitTest>
    <UnitTest name="Mockly.Specs.AssertionSpecs+CapturedRequestAssertions.Can_assert_captured_request_is_unexpected" storage="c:\workspaces\fluentassertions.mockly\fluentassertions.mockly.v7.specs\bin\debug\net472\fluentassertions.mockly.v7.specs.dll" id="ddbcfea3-1244-7067-174a-27cb1aec0a77">
      <Execution id="4ed42389-5ddc-4290-b8c5-446f65c4d83f" />
      <TestMethod codeBase="C:\Workspaces\fluentassertions.mockly\FluentAssertions.Mockly.v7.Specs\bin\Debug\net472\FluentAssertions.Mockly.v7.Specs.dll" adapterTypeName="executor://xunit/VsTestRunner3/netfx/" className="Mockly.Specs.AssertionSpecs+CapturedRequestAssertions" name="Can_assert_captured_request_is_unexpected" />
    </UnitTest>
    <UnitTest name="Mockly.Specs.AssertionSpecs+WithBodyMatchingJson.Fails_when_request_body_is_not_valid_json" storage="c:\workspaces\fluentassertions.mockly\fluentassertions.mockly.v7.specs\bin\debug\net472\fluentassertions.mockly.v7.specs.dll" id="2f3763ca-14e7-8a38-9a4c-3ede0290b667">
      <Execution id="549b570e-03b7-4b8a-83da-19777ead4dcc" />
      <TestMethod codeBase="C:\Workspaces\fluentassertions.mockly\FluentAssertions.Mockly.v7.Specs\bin\Debug\net472\FluentAssertions.Mockly.v7.Specs.dll" adapterTypeName="executor://xunit/VsTestRunner3/netfx/" className="Mockly.Specs.AssertionSpecs+WithBodyMatchingJson" name="Fails_when_request_body_is_not_valid_json" />
    </UnitTest>
    <UnitTest name="Mockly.Specs.AssertionSpecs+CapturedRequestAssertions.Will_throw_when_captured_request_is_not_expected" storage="c:\workspaces\fluentassertions.mockly\fluentassertions.mockly.v7.specs\bin\debug\net472\fluentassertions.mockly.v7.specs.dll" id="83fc1f38-7ad7-b4ca-78c7-7608dcb6a980">
      <Execution id="b6b64ac1-b8b4-4771-85d1-7809a692e7fa" />
      <TestMethod codeBase="C:\Workspaces\fluentassertions.mockly\FluentAssertions.Mockly.v7.Specs\bin\Debug\net472\FluentAssertions.Mockly.v7.Specs.dll" adapterTypeName="executor://xunit/VsTestRunner3/netfx/" className="Mockly.Specs.AssertionSpecs+CapturedRequestAssertions" name="Will_throw_when_captured_request_is_not_expected" />
    </UnitTest>
    <UnitTest name="Mockly.Specs.AssertionSpecs+WithBodyHavingPropertiesOf.Matches_body_having_properties_of_dictionary" storage="c:\workspaces\fluentassertions.mockly\fluentassertions.mockly.v7.specs\bin\debug\net472\fluentassertions.mockly.v7.specs.dll" id="29e269f7-4153-ff66-cf26-e7d54d55fa91">
      <Execution id="cd725891-b7e8-4254-acfd-b6c8336cad89" />
      <TestMethod codeBase="C:\Workspaces\fluentassertions.mockly\FluentAssertions.Mockly.v7.Specs\bin\Debug\net472\FluentAssertions.Mockly.v7.Specs.dll" adapterTypeName="executor://xunit/VsTestRunner3/netfx/" className="Mockly.Specs.AssertionSpecs+WithBodyHavingPropertiesOf" name="Matches_body_having_properties_of_dictionary" />
    </UnitTest>
    <UnitTest name="Mockly.Specs.AssertionSpecs+WithBodyHavingPropertiesOf.Fails_when_body_is_not_json_object" storage="c:\workspaces\fluentassertions.mockly\fluentassertions.mockly.v7.specs\bin\debug\net472\fluentassertions.mockly.v7.specs.dll" id="2a745009-4cd1-a9c2-3db6-f1e74a050abd">
      <Execution id="117f42a5-3939-46aa-b89e-0afe5019f187" />
      <TestMethod codeBase="C:\Workspaces\fluentassertions.mockly\FluentAssertions.Mockly.v7.Specs\bin\Debug\net472\FluentAssertions.Mockly.v7.Specs.dll" adapterTypeName="executor://xunit/VsTestRunner3/netfx/" className="Mockly.Specs.AssertionSpecs+WithBodyHavingPropertiesOf" name="Fails_when_body_is_not_json_object" />
    </UnitTest>
    <UnitTest name="Mockly.Specs.AssertionSpecs+WithBody.Can_match_multiple_requests" storage="c:\workspaces\fluentassertions.mockly\fluentassertions.mockly.v7.specs\bin\debug\net472\fluentassertions.mockly.v7.specs.dll" id="2f30bee6-f235-3feb-a64d-e6dc4fafd771">
      <Execution id="263ee0f2-0261-46b6-b1a7-8bb88e90d0c3" />
      <TestMethod codeBase="C:\Workspaces\fluentassertions.mockly\FluentAssertions.Mockly.v7.Specs\bin\Debug\net472\FluentAssertions.Mockly.v7.Specs.dll" adapterTypeName="executor://xunit/VsTestRunner3/netfx/" className="Mockly.Specs.AssertionSpecs+WithBody" name="Can_match_multiple_requests" />
    </UnitTest>
    <UnitTest name="Mockly.Specs.AssertionSpecs+WithBodyHavingPropertiesOf.Fails_when_body_does_not_have_expected_properties" storage="c:\workspaces\fluentassertions.mockly\fluentassertions.mockly.v7.specs\bin\debug\net472\fluentassertions.mockly.v7.specs.dll" id="45c6a298-ce83-0a23-1aae-bc717e9d07ee">
      <Execution id="94920aea-f1f3-4670-9f23-8ced067c89a7" />
      <TestMethod codeBase="C:\Workspaces\fluentassertions.mockly\FluentAssertions.Mockly.v7.Specs\bin\Debug\net472\FluentAssertions.Mockly.v7.Specs.dll" adapterTypeName="executor://xunit/VsTestRunner3/netfx/" className="Mockly.Specs.AssertionSpecs+WithBodyHavingPropertiesOf" name="Fails_when_body_does_not_have_expected_properties" />
    </UnitTest>
    <UnitTest name="Mockly.Specs.AssertionSpecs+WithBodyHavingPropertiesOf.Matches_body_having_properties_of_dictionary_when_request_has_properties_with_null_values" storage="c:\workspaces\fluentassertions.mockly\fluentassertions.mockly.v7.specs\bin\debug\net472\fluentassertions.mockly.v7.specs.dll" id="e5879bef-1fa5-9ba4-e339-d766d69eb02c">
      <Execution id="68e0f482-763e-4d6a-b363-4bc9671c1d74" />
      <TestMethod codeBase="C:\Workspaces\fluentassertions.mockly\FluentAssertions.Mockly.v7.Specs\bin\Debug\net472\FluentAssertions.Mockly.v7.Specs.dll" adapterTypeName="executor://xunit/VsTestRunner3/netfx/" className="Mockly.Specs.AssertionSpecs+WithBodyHavingPropertiesOf" name="Matches_body_having_properties_of_dictionary_when_request_has_properties_with_null_values" />
    </UnitTest>
    <UnitTest name="Mockly.Specs.AssertionSpecs+CapturedRequestAssertions.Will_throw_when_captured_request_is_expected_but_asserted_unexpected" storage="c:\workspaces\fluentassertions.mockly\fluentassertions.mockly.v7.specs\bin\debug\net472\fluentassertions.mockly.v7.specs.dll" id="8890e5f7-1cbd-f0d8-a8a4-c6a05b2d7dae">
      <Execution id="56039414-332e-4e6b-ad7f-97aaa2edbbdf" />
      <TestMethod codeBase="C:\Workspaces\fluentassertions.mockly\FluentAssertions.Mockly.v7.Specs\bin\Debug\net472\FluentAssertions.Mockly.v7.Specs.dll" adapterTypeName="executor://xunit/VsTestRunner3/netfx/" className="Mockly.Specs.AssertionSpecs+CapturedRequestAssertions" name="Will_throw_when_captured_request_is_expected_but_asserted_unexpected" />
    </UnitTest>
    <UnitTest name="Mockly.Specs.AssertionSpecs+WithBodyHavingPropertiesEqualTo.Fails_when_body_has_mismatched_property_values" storage="c:\workspaces\fluentassertions.mockly\fluentassertions.mockly.v7.specs\bin\debug\net472\fluentassertions.mockly.v7.specs.dll" id="3074cb89-13b8-6979-94fe-4c9c5c5b9b3c">
      <Execution id="371a2ba3-93af-4f9c-ad90-8a301cc25073" />
      <TestMethod codeBase="C:\Workspaces\fluentassertions.mockly\FluentAssertions.Mockly.v7.Specs\bin\Debug\net472\FluentAssertions.Mockly.v7.Specs.dll" adapterTypeName="executor://xunit/VsTestRunner3/netfx/" className="Mockly.Specs.AssertionSpecs+WithBodyHavingPropertiesEqualTo" name="Fails_when_body_has_mismatched_property_values" />
    </UnitTest>
    <UnitTest name="Mockly.Specs.AssertionSpecs+NotContainRequestFor.Succeeds_when_no_matching_request_exists" storage="c:\workspaces\fluentassertions.mockly\fluentassertions.mockly.v7.specs\bin\debug\net472\fluentassertions.mockly.v7.specs.dll" id="e6bf1c67-d757-dccc-e4bd-ed8e933c965c">
      <Execution id="88a0c2e2-6552-4c5e-b9ab-3cb40fdacb12" />
      <TestMethod codeBase="C:\Workspaces\fluentassertions.mockly\FluentAssertions.Mockly.v7.Specs\bin\Debug\net472\FluentAssertions.Mockly.v7.Specs.dll" adapterTypeName="executor://xunit/VsTestRunner3/netfx/" className="Mockly.Specs.AssertionSpecs+NotContainRequestFor" name="Succeeds_when_no_matching_request_exists" />
    </UnitTest>
    <UnitTest name="Mockly.Specs.AssertionSpecs+ContainRequest.Fails_when_no_requests_are_captured" storage="c:\workspaces\fluentassertions.mockly\fluentassertions.mockly.v7.specs\bin\debug\net472\fluentassertions.mockly.v7.specs.dll" id="7b93b18c-d046-7683-beb2-dc37e86ae63a">
      <Execution id="fe617198-ae0c-42ac-a2db-7305abe0c42a" />
      <TestMethod codeBase="C:\Workspaces\fluentassertions.mockly\FluentAssertions.Mockly.v7.Specs\bin\Debug\net472\FluentAssertions.Mockly.v7.Specs.dll" adapterTypeName="executor://xunit/VsTestRunner3/netfx/" className="Mockly.Specs.AssertionSpecs+ContainRequest" name="Fails_when_no_requests_are_captured" />
    </UnitTest>
    <UnitTest name="Mockly.Specs.AssertionSpecs+RequestCollectionSpecs.Will_throw_when_unexpected_calls_are_present" storage="c:\workspaces\fluentassertions.mockly\fluentassertions.mockly.v7.specs\bin\debug\net472\fluentassertions.mockly.v7.specs.dll" id="aa2f14ca-feac-25a0-9d92-fcaa91935e00">
      <Execution id="9a46b6d9-4387-48c1-8303-4dc73d404ff8" />
      <TestMethod codeBase="C:\Workspaces\fluentassertions.mockly\FluentAssertions.Mockly.v7.Specs\bin\Debug\net472\FluentAssertions.Mockly.v7.Specs.dll" adapterTypeName="executor://xunit/VsTestRunner3/netfx/" className="Mockly.Specs.AssertionSpecs+RequestCollectionSpecs" name="Will_throw_when_unexpected_calls_are_present" />
    </UnitTest>
  </TestDefinitions>
  <TestEntries>
    <TestEntry testId="f09ea293-7bfd-da80-3c2f-6553be7856e3" executionId="7fecc67e-e0f8-4130-869a-76d56c98bd1f" testListId="8c84fa94-04c1-424b-9868-57a2d4851a1d" />
    <TestEntry testId="ccfc2449-d8bd-2931-abe7-8cf9a3963321" executionId="83fa9d8e-2dc3-4de1-bb0e-fbde7b57dcba" testListId="8c84fa94-04c1-424b-9868-57a2d4851a1d" />
    <TestEntry testId="93c27b7f-e5ec-2505-5df4-901eab8c2593" executionId="3f415e86-93e8-4d60-9a9f-b6b821411fe4" testListId="8c84fa94-04c1-424b-9868-57a2d4851a1d" />
    <TestEntry testId="0a870335-ad5a-641d-c433-ce669c839055" executionId="c74d71da-b2f8-4e67-94b8-d4b3c876f763" testListId="8c84fa94-04c1-424b-9868-57a2d4851a1d" />
    <TestEntry testId="c1874986-8cbc-553c-7b9a-f10df66f09b4" executionId="1482dcd9-70fd-4339-bff6-bfceaec9aba5" testListId="8c84fa94-04c1-424b-9868-57a2d4851a1d" />
    <TestEntry testId="45c6a298-ce83-0a23-1aae-bc717e9d07ee" executionId="94920aea-f1f3-4670-9f23-8ced067c89a7" testListId="8c84fa94-04c1-424b-9868-57a2d4851a1d" />
    <TestEntry testId="7b93b18c-d046-7683-beb2-dc37e86ae63a" executionId="fe617198-ae0c-42ac-a2db-7305abe0c42a" testListId="8c84fa94-04c1-424b-9868-57a2d4851a1d" />
    <TestEntry testId="d563ce37-a250-19da-2506-58d3f462cfe0" executionId="3991036e-c5a3-4c46-b5ae-2b5dfb6cb272" testListId="8c84fa94-04c1-424b-9868-57a2d4851a1d" />
    <TestEntry testId="a07a4050-9990-c256-74a0-9b5fdbb2f4c9" executionId="af2d116c-1f95-4299-93e7-86c451eb039a" testListId="8c84fa94-04c1-424b-9868-57a2d4851a1d" />
    <TestEntry testId="d7677183-97ad-5e29-48fb-f08e001738e3" executionId="6dac7683-e7d6-464a-b1f3-7ec2b77a42ce" testListId="8c84fa94-04c1-424b-9868-57a2d4851a1d" />
    <TestEntry testId="f4af228c-d924-5cc9-a023-6a0e6e1934f4" executionId="09a67041-42e1-4a92-aadd-0afad5ce9b03" testListId="8c84fa94-04c1-424b-9868-57a2d4851a1d" />
    <TestEntry testId="dcf03aa6-f3f2-6bfe-36b1-1a6c20442dd3" executionId="49ade0e2-02e5-469e-ac77-7c31affaa1da" testListId="8c84fa94-04c1-424b-9868-57a2d4851a1d" />
    <TestEntry testId="68a1345c-9067-9bde-d8cd-dae19515366d" executionId="29cdef1e-1438-46fd-aa64-db7a66d52690" testListId="8c84fa94-04c1-424b-9868-57a2d4851a1d" />
    <TestEntry testId="29e269f7-4153-ff66-cf26-e7d54d55fa91" executionId="cd725891-b7e8-4254-acfd-b6c8336cad89" testListId="8c84fa94-04c1-424b-9868-57a2d4851a1d" />
    <TestEntry testId="b037e900-70ee-21eb-0a53-defd26676c05" executionId="a8c263cd-1504-49e6-9078-7981f86db15e" testListId="8c84fa94-04c1-424b-9868-57a2d4851a1d" />
    <TestEntry testId="e6bf1c67-d757-dccc-e4bd-ed8e933c965c" executionId="88a0c2e2-6552-4c5e-b9ab-3cb40fdacb12" testListId="8c84fa94-04c1-424b-9868-57a2d4851a1d" />
    <TestEntry testId="00bbae67-d720-f4fe-fb5c-796e7b253420" executionId="7ab7e585-2e98-421d-bfbf-4cf7421a0a68" testListId="8c84fa94-04c1-424b-9868-57a2d4851a1d" />
    <TestEntry testId="87e1840c-9a0d-e93e-4d81-b253cdc06ee5" executionId="483ce7c9-b224-40b1-9ba5-ef66ba614f81" testListId="8c84fa94-04c1-424b-9868-57a2d4851a1d" />
    <TestEntry testId="234ae40d-3ff7-5db1-0c1b-a1567c7f18d5" executionId="a605dbd5-a892-4f5c-8467-7a4992eabcc7" testListId="8c84fa94-04c1-424b-9868-57a2d4851a1d" />
    <TestEntry testId="20dc840f-dc13-8c48-f902-1b0fd0216a96" executionId="b766edb4-195a-41d8-95de-58ce967a4fc9" testListId="8c84fa94-04c1-424b-9868-57a2d4851a1d" />
    <TestEntry testId="8890e5f7-1cbd-f0d8-a8a4-c6a05b2d7dae" executionId="56039414-332e-4e6b-ad7f-97aaa2edbbdf" testListId="8c84fa94-04c1-424b-9868-57a2d4851a1d" />
    <TestEntry testId="9f879c4b-31f2-bc17-d46a-955c6a998f2f" executionId="befb20ee-28dc-41b5-9080-bd6ea2cf89da" testListId="8c84fa94-04c1-424b-9868-57a2d4851a1d" />
    <TestEntry testId="aa2f14ca-feac-25a0-9d92-fcaa91935e00" executionId="9a46b6d9-4387-48c1-8303-4dc73d404ff8" testListId="8c84fa94-04c1-424b-9868-57a2d4851a1d" />
    <TestEntry testId="060087b2-874a-c65d-31ff-ef27670bcc89" executionId="db8ea7c1-2a65-4385-b2ff-d19da222f93b" testListId="8c84fa94-04c1-424b-9868-57a2d4851a1d" />
    <TestEntry testId="36167f63-4605-b04a-7e8e-599a703f8aec" executionId="3967a944-8ebf-4a28-bddf-c8ffeb12462c" testListId="8c84fa94-04c1-424b-9868-57a2d4851a1d" />
    <TestEntry testId="2f3763ca-14e7-8a38-9a4c-3ede0290b667" executionId="549b570e-03b7-4b8a-83da-19777ead4dcc" testListId="8c84fa94-04c1-424b-9868-57a2d4851a1d" />
    <TestEntry testId="ddbcfea3-1244-7067-174a-27cb1aec0a77" executionId="4ed42389-5ddc-4290-b8c5-446f65c4d83f" testListId="8c84fa94-04c1-424b-9868-57a2d4851a1d" />
    <TestEntry testId="68b720e0-41c0-1cc8-d4b6-9880a291de9e" executionId="d72c49f5-88e0-4790-831a-cfe839c46529" testListId="8c84fa94-04c1-424b-9868-57a2d4851a1d" />
    <TestEntry testId="25894288-d2b4-dcf8-8e0a-0506564c997c" executionId="e7ba34e2-afe5-4283-991e-2a00da5daf88" testListId="8c84fa94-04c1-424b-9868-57a2d4851a1d" />
    <TestEntry testId="2f30bee6-f235-3feb-a64d-e6dc4fafd771" executionId="263ee0f2-0261-46b6-b1a7-8bb88e90d0c3" testListId="8c84fa94-04c1-424b-9868-57a2d4851a1d" />
    <TestEntry testId="52cecbee-01b2-32cd-96df-6a0d5371927d" executionId="d31f8eb8-dfb7-4b9a-bbd4-d97a9ba23c5c" testListId="8c84fa94-04c1-424b-9868-57a2d4851a1d" />
    <TestEntry testId="2a745009-4cd1-a9c2-3db6-f1e74a050abd" executionId="117f42a5-3939-46aa-b89e-0afe5019f187" testListId="8c84fa94-04c1-424b-9868-57a2d4851a1d" />
    <TestEntry testId="e0134216-4a0c-d2e8-e4fa-deb1b81eb211" executionId="cca8d883-a1a8-4a4b-99d4-c1704702c590" testListId="8c84fa94-04c1-424b-9868-57a2d4851a1d" />
    <TestEntry testId="be8fe53e-64e6-ab40-d66c-bd995c3d2f23" executionId="c3314232-18fc-4734-a9ca-143d4cfc27a5" testListId="8c84fa94-04c1-424b-9868-57a2d4851a1d" />
    <TestEntry testId="73f8757e-5881-6124-9844-d48a87bda8c9" executionId="0e8a944b-2187-49e8-81b1-0fedf4c0457f" testListId="8c84fa94-04c1-424b-9868-57a2d4851a1d" />
    <TestEntry testId="83fc1f38-7ad7-b4ca-78c7-7608dcb6a980" executionId="b6b64ac1-b8b4-4771-85d1-7809a692e7fa" testListId="8c84fa94-04c1-424b-9868-57a2d4851a1d" />
    <TestEntry testId="e5879bef-1fa5-9ba4-e339-d766d69eb02c" executionId="68e0f482-763e-4d6a-b363-4bc9671c1d74" testListId="8c84fa94-04c1-424b-9868-57a2d4851a1d" />
    <TestEntry testId="c83ca920-70e2-7f3d-ab70-9ed2e875fbf8" executionId="ea6be6a2-8e03-418e-a57d-1dadd7e1398a" testListId="8c84fa94-04c1-424b-9868-57a2d4851a1d" />
    <TestEntry testId="3074cb89-13b8-6979-94fe-4c9c5c5b9b3c" executionId="371a2ba3-93af-4f9c-ad90-8a301cc25073" testListId="8c84fa94-04c1-424b-9868-57a2d4851a1d" />
    <TestEntry testId="24d5e159-0f98-98aa-c282-5f85f2fddc53" executionId="237ac92c-b543-4aee-8788-6f0715c9dbdb" testListId="8c84fa94-04c1-424b-9868-57a2d4851a1d" />
  </TestEntries>
  <TestLists>
    <TestList name="Results Not in a List" id="8c84fa94-04c1-424b-9868-57a2d4851a1d" />
    <TestList name="All Loaded Results" id="19431567-8539-422a-85d7-44ee4e166bda" />
  </TestLists>
  <ResultSummary outcome="Completed">
    <Counters total="40" executed="40" passed="40" failed="0" error="0" timeout="0" aborted="0" inconclusive="0" passedButRunAborted="0" notRunnable="0" notExecuted="0" disconnected="0" warning="0" completed="0" inProgress="0" pending="0" />
    <Output>
      <StdOut>[xUnit.net 00:00:00.00] xUnit.net VSTest Adapter v3.1.5+1b188a7b0a (64-bit .NET Framework 4.8.9221.0)&#xD;
[xUnit.net 00:00:01.63]   Discovering: FluentAssertions.Mockly.v7.Specs&#xD;
[xUnit.net 00:00:01.73]   Discovered:  FluentAssertions.Mockly.v7.Specs&#xD;
[xUnit.net 00:00:01.80]   Starting:    FluentAssertions.Mockly.v7.Specs&#xD;
[xUnit.net 00:00:02.78]   Finished:    FluentAssertions.Mockly.v7.Specs&#xD;
</StdOut>
    </Output>
    <CollectorDataEntries>
      <Collector agentName="CARBON" uri="datacollector://microsoft/CoverletCodeCoverage/1.0" collectorDisplayName="XPlat code coverage">
        <UriAttachments>
          <UriAttachment>
            <A href="CARBON\coverage.cobertura.xml"></A>
          </UriAttachment>
        </UriAttachments>
      </Collector>
    </CollectorDataEntries>
  </ResultSummary>
</TestRun>